<html>
<body>
<pre>
<h1>µVision Build Log</h1>
<h2>Tool Versions:</h2>
IDE-Version: ¦ÌVision V5.36.0.0
Copyright (C) 2021 ARM Ltd and ARM Germany GmbH. All rights reserved.
License Information: 122 4447837, HP Inc., LIC=JL28G-VRIXS-454T5-GD2EK-I2FWP-ZVLZH
 
Tool Versions:
Toolchain:       MDK-ARM Plus  Version: 5.36.0.0
Toolchain Path:  C:\Keil_v5\ARM\ARMCC\Bin
C Compiler:      Armcc.exe V5.06 update 7 (build 960)
Assembler:       Armasm.exe V5.06 update 7 (build 960)
Linker/Locator:  ArmLink.exe V5.06 update 7 (build 960)
Library Manager: ArmAr.exe V5.06 update 7 (build 960)
Hex Converter:   FromElf.exe V5.06 update 7 (build 960)
CPU DLL:         SARMCM3.DLL V5.36.0.0
Dialog DLL:      DARMCM1.DLL V1.19.4.0
Target DLL:      CMSIS_AGDI.dll V1.33.0.0
Dialog DLL:      TARMCM1.DLL V1.14.4.0
 
<h2>Project:</h2>
g:\cw32\my_project_lunchbox\my_project_lunchbox.uvprojx
Project File Date:  06/12/2023

<h2>Output:</h2>
*** Using Compiler 'V5.06 update 7 (build 960)', folder: 'C:\Keil_v5\ARM\ARMCC\Bin'
Build target 'Target 1'
compiling system.c...
compiling main.c...
compiling usart1.c...
APP\usart1.c(10): warning:  #1-D: last line of file ends without a newline
  #include "main.h"
APP\usart1.c: 1 warning, 0 errors
compiling led.c...
compiling key_1.c...
compiling public.c...
USER\public.c(33): warning:  #1-D: last line of file ends without a newline
  }
USER\public.c: 1 warning, 0 errors
compiling buzzer.c...
APP\buzzer.c(67): warning:  #1-D: last line of file ends without a newline
  }
APP\buzzer.c: 1 warning, 0 errors
compiling callback.c...
compiling system_init.c...
linking...
Program Size: Code=2576 RO-data=324 RW-data=84 ZI-data=516  
".\Objects\my_project_lunchbox.axf" - 0 Error(s), 3 Warning(s).

<h2>Software Packages used:</h2>

Package Vendor: ARM
                http://www.keil.com/pack/ARM.CMSIS.5.8.0.pack
                ARM.CMSIS.5.8.0
                CMSIS (Common Microcontroller Software Interface Standard)
   * Component: CORE Version: 5.5.0

Package Vendor: WHXY
                
                WHXY.CW32F030_DFP.1.0.4
                CW32 ARM Cortex-M0+ Device Family Pack

<h2>Collection of Component include folders:</h2>
  .\RTE\_Target_1
  C:\Users\44478\AppData\Local\Arm\Packs\ARM\CMSIS\5.8.0\CMSIS\Core\Include
  C:\Users\44478\AppData\Local\Arm\Packs\WHXY\CW32F030_DFP\1.0.4\Device\Include

<h2>Collection of Component Files used:</h2>

   * Component: ARM::CMSIS:CORE:5.5.0
Build Time Elapsed:  00:00:02
</pre>
</body>
</html>
