<!doctype html public "-//w3c//dtd html 4.0 transitional//en">
<html><head>
<title>Static Call Graph - [.\Objects\my_project_lunchbox.axf]</title></head>
<body><HR>
<H1>Static Call Graph for image .\Objects\my_project_lunchbox.axf</H1><HR>
<BR><P>#&#060CALLGRAPH&#062# ARM Linker, 5060960: Last Updated: Mon Jun 19 00:55:12 2023
<BR><P>
<H3>Maximum Stack Usage =        208 bytes + Unknown(Cycles, Untraceable Function Pointers)</H3><H3>
Call chain for Maximum Stack Depth:</H3>
USART1_Init &rArr; USART_Init &rArr; __aeabi_dadd &rArr; _double_epilogue &rArr; __aeabi_llsr
<P>
<H3>
Mutually Recursive functions
</H3> <LI><a href="#[3c]">NMI_Handler</a>&nbsp;&nbsp;&nbsp;&rArr;&nbsp;&nbsp;&nbsp;<a href="#[3c]">NMI_Handler</a><BR>
 <LI><a href="#[3d]">HardFault_Handler</a>&nbsp;&nbsp;&nbsp;&rArr;&nbsp;&nbsp;&nbsp;<a href="#[3d]">HardFault_Handler</a><BR>
 <LI><a href="#[3e]">SVC_Handler</a>&nbsp;&nbsp;&nbsp;&rArr;&nbsp;&nbsp;&nbsp;<a href="#[3e]">SVC_Handler</a><BR>
 <LI><a href="#[3f]">PendSV_Handler</a>&nbsp;&nbsp;&nbsp;&rArr;&nbsp;&nbsp;&nbsp;<a href="#[3f]">PendSV_Handler</a><BR>
 <LI><a href="#[5f]">AWT_IRQHandler</a>&nbsp;&nbsp;&nbsp;&rArr;&nbsp;&nbsp;&nbsp;<a href="#[5f]">AWT_IRQHandler</a><BR>
</UL>
<P>
<H3>
Function Pointers
</H3><UL>
 <LI><a href="#[2f]">ADC1_Serial_Scan_Convert</a> from adc1.o(i.ADC1_Serial_Scan_Convert) referenced 2 times from adc1.o(.data)
 <LI><a href="#[2d]">ADC1_Serial_Scan_Init</a> from adc1.o(i.ADC1_Serial_Scan_Init) referenced 2 times from adc1.o(.data)
 <LI><a href="#[2e]">ADC1_Single_Channel_One_Convert</a> from adc1.o(i.ADC1_Single_Channel_One_Convert) referenced 2 times from adc1.o(.data)
 <LI><a href="#[2c]">ADC1_Single_Channel_One_Init</a> from adc1.o(i.ADC1_Single_Channel_One_Init) referenced 2 times from adc1.o(.data)
 <LI><a href="#[4d]">ADC_IRQHandler</a> from callback.o(i.ADC_IRQHandler) referenced from startup_cw32f030.o(RESET)
 <LI><a href="#[4e]">ATIM_IRQHandler</a> from callback.o(i.ATIM_IRQHandler) referenced from startup_cw32f030.o(RESET)
 <LI><a href="#[5f]">AWT_IRQHandler</a> from startup_cw32f030.o(.text) referenced from startup_cw32f030.o(RESET)
 <LI><a href="#[55]">BTIM1_IRQHandler</a> from callback.o(i.BTIM1_IRQHandler) referenced from startup_cw32f030.o(RESET)
 <LI><a href="#[1d]">BTIM1_Init</a> from btim.o(i.BTIM1_Init) referenced 2 times from btim.o(.data)
 <LI><a href="#[56]">BTIM2_IRQHandler</a> from startup_cw32f030.o(.text) referenced from startup_cw32f030.o(RESET)
 <LI><a href="#[57]">BTIM3_IRQHandler</a> from startup_cw32f030.o(.text) referenced from startup_cw32f030.o(RESET)
 <LI><a href="#[15]">Buzzer_Init</a> from buzzer.o(i.Buzzer_Init) referenced 2 times from buzzer.o(.data)
 <LI><a href="#[17]">Buzzer_OFF</a> from buzzer.o(i.Buzzer_OFF) referenced 2 times from buzzer.o(.data)
 <LI><a href="#[16]">Buzzer_ON</a> from buzzer.o(i.Buzzer_ON) referenced 2 times from buzzer.o(.data)
 <LI><a href="#[1b]">CRC_Check</a> from crc_16.o(i.CRC_Check) referenced 2 times from crc_16.o(.data)
 <LI><a href="#[39]">DHT11_Init</a> from dht11.o(i.DHT11_Init) referenced 2 times from dht11.o(.data)
 <LI><a href="#[3a]">DHT11_Read_Data</a> from dht11.o(i.DHT11_Read_Data) referenced 2 times from dht11.o(.data)
 <LI><a href="#[4a]">DMACH1_IRQHandler</a> from startup_cw32f030.o(.text) referenced from startup_cw32f030.o(RESET)
 <LI><a href="#[4b]">DMACH23_IRQHandler</a> from startup_cw32f030.o(.text) referenced from startup_cw32f030.o(RESET)
 <LI><a href="#[4c]">DMACH45_IRQHandler</a> from startup_cw32f030.o(.text) referenced from startup_cw32f030.o(RESET)
 <LI><a href="#[1]">Error_Handler</a> from system.o(i.Error_Handler) referenced 2 times from system.o(.data)
 <LI><a href="#[60]">FAULT_IRQHandler</a> from startup_cw32f030.o(.text) referenced from startup_cw32f030.o(RESET)
 <LI><a href="#[44]">FLASHRAM_IRQHandler</a> from startup_cw32f030.o(.text) referenced from startup_cw32f030.o(RESET)
 <LI><a href="#[46]">GPIOA_IRQHandler</a> from startup_cw32f030.o(.text) referenced from startup_cw32f030.o(RESET)
 <LI><a href="#[47]">GPIOB_IRQHandler</a> from callback.o(i.GPIOB_IRQHandler) referenced from startup_cw32f030.o(RESET)
 <LI><a href="#[48]">GPIOC_IRQHandler</a> from startup_cw32f030.o(.text) referenced from startup_cw32f030.o(RESET)
 <LI><a href="#[49]">GPIOF_IRQHandler</a> from startup_cw32f030.o(.text) referenced from startup_cw32f030.o(RESET)
 <LI><a href="#[51]">GTIM1_IRQHandler</a> from callback.o(i.GTIM1_IRQHandler) referenced from startup_cw32f030.o(RESET)
 <LI><a href="#[52]">GTIM2_IRQHandler</a> from startup_cw32f030.o(.text) referenced from startup_cw32f030.o(RESET)
 <LI><a href="#[53]">GTIM3_IRQHandler</a> from startup_cw32f030.o(.text) referenced from startup_cw32f030.o(RESET)
 <LI><a href="#[54]">GTIM4_IRQHandler</a> from startup_cw32f030.o(.text) referenced from startup_cw32f030.o(RESET)
 <LI><a href="#[1f]">Gtim1_Calculate</a> from gtim.o(i.Gtim1_Calculate) referenced 2 times from gtim.o(.data)
 <LI><a href="#[1e]">Gtim1_PWM_Output_Init</a> from gtim.o(i.Gtim1_PWM_Output_Init) referenced 2 times from gtim.o(.data)
 <LI><a href="#[20]">Gtim2_PWM_IC_Init</a> from gtim.o(i.Gtim2_PWM_IC_Init) referenced 2 times from gtim.o(.data)
 <LI><a href="#[21]">Gtim3_PWM_Toggle_Init</a> from gtim.o(i.Gtim3_PWM_Toggle_Init) referenced 2 times from gtim.o(.data)
 <LI><a href="#[3d]">HardFault_Handler</a> from startup_cw32f030.o(.text) referenced from startup_cw32f030.o(RESET)
 <LI><a href="#[3]">Hardware_Init</a> from system_init.o(i.Hardware_Init) referenced 2 times from system_init.o(.data)
 <LI><a href="#[58]">I2C1_IRQHandler</a> from startup_cw32f030.o(.text) referenced from startup_cw32f030.o(RESET)
 <LI><a href="#[59]">I2C2_IRQHandler</a> from startup_cw32f030.o(.text) referenced from startup_cw32f030.o(RESET)
 <LI><a href="#[22]">I2C_Init</a> from i2c.o(i.I2C_Init) referenced 2 times from i2c.o(.data)
 <LI><a href="#[26]">I2C_Read_Byte</a> from i2c.o(i.I2C_Read_Byte) referenced 2 times from i2c.o(.data)
 <LI><a href="#[23]">I2C_Start</a> from i2c.o(i.I2C_Start) referenced 2 times from i2c.o(.data)
 <LI><a href="#[24]">I2C_Stop</a> from i2c.o(i.I2C_Stop) referenced 2 times from i2c.o(.data)
 <LI><a href="#[25]">I2C_Write_Byte</a> from i2c.o(i.I2C_Write_Byte) referenced 2 times from i2c.o(.data)
 <LI><a href="#[f]">Key_1_Handler</a> from key_1.o(i.Key_1_Handler) referenced 2 times from key_1.o(.data)
 <LI><a href="#[d]">Key_1_Init</a> from key_1.o(i.Key_1_Init) referenced 2 times from key_1.o(.data)
 <LI><a href="#[e]">Key_1_Scan</a> from key_1.o(i.Key_1_Scan) referenced 2 times from key_1.o(.data)
 <LI><a href="#[10]">Key_2_Init</a> from key_2.o(i.Key_2_Init) referenced 2 times from key_2.o(.data)
 <LI><a href="#[42]">LVD_IRQHandler</a> from startup_cw32f030.o(.text) referenced from startup_cw32f030.o(RESET)
 <LI><a href="#[14]">Led_Flip</a> from led.o(i.Led_Flip) referenced 2 times from led.o(.data)
 <LI><a href="#[11]">Led_Init</a> from led.o(i.Led_Init) referenced 2 times from led.o(.data)
 <LI><a href="#[13]">Led_OFF</a> from led.o(i.Led_OFF) referenced 2 times from led.o(.data)
 <LI><a href="#[12]">Led_ON</a> from led.o(i.Led_ON) referenced 2 times from led.o(.data)
 <LI><a href="#[6]">Memory_Clear</a> from public.o(i.Memory_Clear) referenced 2 times from public.o(.data)
 <LI><a href="#[35]">Menu_Page1</a> from menu.o(i.Menu_Page1) referenced 2 times from menu.o(.data)
 <LI><a href="#[36]">Menu_Page2</a> from menu.o(i.Menu_Page2) referenced 2 times from menu.o(.data)
 <LI><a href="#[37]">Menu_Page3</a> from menu.o(i.Menu_Page3) referenced 2 times from menu.o(.data)
 <LI><a href="#[38]">Menu_Page4</a> from menu.o(i.Menu_Page4) referenced 2 times from menu.o(.data)
 <LI><a href="#[3c]">NMI_Handler</a> from startup_cw32f030.o(.text) referenced from startup_cw32f030.o(RESET)
 <LI><a href="#[29]">OLED096_Clear</a> from oled_096.o(i.OLED096_Clear) referenced 2 times from oled_096.o(.data)
 <LI><a href="#[28]">OLED096_Init</a> from oled_096.o(i.OLED096_Init) referenced 2 times from oled_096.o(.data)
 <LI><a href="#[2b]">OLED096_Show_CHN</a> from oled_096.o(i.OLED096_Show_CHN) referenced 2 times from oled_096.o(.data)
 <LI><a href="#[2a]">OLED096_Show_String</a> from oled_096.o(i.OLED096_Show_String) referenced 2 times from oled_096.o(.data)
 <LI><a href="#[3f]">PendSV_Handler</a> from startup_cw32f030.o(.text) referenced from startup_cw32f030.o(RESET)
 <LI><a href="#[1c]">Protocol_Analysis</a> from modbus.o(i.Protocol_Analysis) referenced 2 times from modbus.o(.data)
 <LI><a href="#[45]">RCC_IRQHandler</a> from startup_cw32f030.o(.text) referenced from startup_cw32f030.o(RESET)
 <LI><a href="#[43]">RTC_IRQHandler</a> from callback.o(i.RTC_IRQHandler) referenced from startup_cw32f030.o(RESET)
 <LI><a href="#[3b]">Reset_Handler</a> from startup_cw32f030.o(.text) referenced from startup_cw32f030.o(RESET)
 <LI><a href="#[5a]">SPI1_IRQHandler</a> from startup_cw32f030.o(.text) referenced from startup_cw32f030.o(RESET)
 <LI><a href="#[5b]">SPI2_IRQHandler</a> from startup_cw32f030.o(.text) referenced from startup_cw32f030.o(RESET)
 <LI><a href="#[3e]">SVC_Handler</a> from startup_cw32f030.o(.text) referenced from startup_cw32f030.o(RESET)
 <LI><a href="#[40]">SysTick_Handler</a> from cw32f030_systick.o(i.SysTick_Handler) referenced from startup_cw32f030.o(RESET)
 <LI><a href="#[62]">SystemInit</a> from system_cw32f030.o(i.SystemInit) referenced from startup_cw32f030.o(.text)
 <LI><a href="#[4]">System_10US_Delay</a> from public.o(i.System_10US_Delay) referenced 2 times from public.o(.data)
 <LI><a href="#[5]">System_MS_Delay</a> from public.o(i.System_MS_Delay) referenced 2 times from public.o(.data)
 <LI><a href="#[0]">System_Run</a> from system.o(i.System_Run) referenced 2 times from system.o(.data)
 <LI><a href="#[2]">Task_Marks_Handler</a> from system.o(i.Task_Marks_Handler) referenced 2 times from system.o(.data)
 <LI><a href="#[8]">TasksHandle_100MS</a> from task.o(i.TasksHandle_100MS) referenced 2 times from task.o(.data)
 <LI><a href="#[7]">TasksHandle_10MS</a> from task.o(i.TasksHandle_10MS) referenced 2 times from task.o(.data)
 <LI><a href="#[b]">TasksHandle_1S</a> from task.o(i.TasksHandle_1S) referenced 2 times from task.o(.data)
 <LI><a href="#[c]">TasksHandle_1p5S</a> from task.o(i.TasksHandle_1p5S) referenced 2 times from task.o(.data)
 <LI><a href="#[9]">TasksHandle_20MS</a> from task.o(i.TasksHandle_20MS) referenced 2 times from task.o(.data)
 <LI><a href="#[a]">TasksHandle_250MS</a> from task.o(i.TasksHandle_250MS) referenced 2 times from task.o(.data)
 <LI><a href="#[5c]">UART1_IRQHandler</a> from callback.o(i.UART1_IRQHandler) referenced from startup_cw32f030.o(RESET)
 <LI><a href="#[5d]">UART2_IRQHandler</a> from startup_cw32f030.o(.text) referenced from startup_cw32f030.o(RESET)
 <LI><a href="#[5e]">UART3_IRQHandler</a> from startup_cw32f030.o(.text) referenced from startup_cw32f030.o(RESET)
 <LI><a href="#[18]">USART1_Init</a> from usart1.o(i.USART1_Init) referenced 2 times from usart1.o(.data)
 <LI><a href="#[19]">USART1_Send_Array</a> from usart1.o(i.USART1_Send_Array) referenced 2 times from usart1.o(.data)
 <LI><a href="#[1a]">USART1_Send_String</a> from usart1.o(i.USART1_Send_String) referenced 2 times from usart1.o(.data)
 <LI><a href="#[4f]">VC1_IRQHandler</a> from startup_cw32f030.o(.text) referenced from startup_cw32f030.o(RESET)
 <LI><a href="#[50]">VC2_IRQHandler</a> from startup_cw32f030.o(.text) referenced from startup_cw32f030.o(RESET)
 <LI><a href="#[41]">WDT_IRQHandler</a> from startup_cw32f030.o(.text) referenced from startup_cw32f030.o(RESET)
 <LI><a href="#[63]">__main</a> from entry.o(.ARM.Collect$$$$00000000) referenced from startup_cw32f030.o(.text)
 <LI><a href="#[65]">_sputc</a> from printfa.o(i._sputc) referenced from printfa.o(i.__0sprintf)
 <LI><a href="#[64]">fputc</a> from public.o(i.fputc) referenced from printfa.o(i.__0printf)
 <LI><a href="#[61]">main</a> from main.o(i.main) referenced from entry9a.o(.ARM.Collect$$$$0000000B)
 <LI><a href="#[34]">myRTC_Alarm_A_Init</a> from rtc.o(i.myRTC_Alarm_A_Init) referenced 2 times from rtc.o(.data)
 <LI><a href="#[30]">myRTC_Init</a> from rtc.o(i.myRTC_Init) referenced 2 times from rtc.o(.data)
 <LI><a href="#[31]">myRTC_Refresh</a> from rtc.o(i.myRTC_Refresh) referenced 2 times from rtc.o(.data)
 <LI><a href="#[33]">myRTC_Set_Date</a> from rtc.o(i.myRTC_Set_Date) referenced 2 times from rtc.o(.data)
 <LI><a href="#[32]">myRTC_Set_Time</a> from rtc.o(i.myRTC_Set_Time) referenced 2 times from rtc.o(.data)
 <LI><a href="#[27]">padString</a> from oled_096.o(i.padString) referenced 2 times from oled_096.o(.data)
</UL>
<P>
<H3>
Global Symbols
</H3>
<P><STRONG><a name="[63]"></a>__main</STRONG> (Thumb, 0 bytes, Stack size unknown bytes, entry.o(.ARM.Collect$$$$00000000))
<BR>[Address Reference Count : 1]<UL><LI> startup_cw32f030.o(.text)
</UL>
<P><STRONG><a name="[f1]"></a>_main_stk</STRONG> (Thumb, 0 bytes, Stack size unknown bytes, entry2.o(.ARM.Collect$$$$00000001))

<P><STRONG><a name="[66]"></a>_main_scatterload</STRONG> (Thumb, 0 bytes, Stack size unknown bytes, entry5.o(.ARM.Collect$$$$00000004))
<BR><BR>[Calls]<UL><LI><a href="#[67]">&gt;&gt;</a>&nbsp;&nbsp;&nbsp;__scatterload
</UL>

<P><STRONG><a name="[81]"></a>__main_after_scatterload</STRONG> (Thumb, 0 bytes, Stack size unknown bytes, entry5.o(.ARM.Collect$$$$00000004))
<BR><BR>[Called By]<UL><LI><a href="#[67]">&gt;&gt;</a>&nbsp;&nbsp;&nbsp;__scatterload
</UL>

<P><STRONG><a name="[f2]"></a>_main_clock</STRONG> (Thumb, 0 bytes, Stack size unknown bytes, entry7b.o(.ARM.Collect$$$$00000008))

<P><STRONG><a name="[f3]"></a>_main_cpp_init</STRONG> (Thumb, 0 bytes, Stack size unknown bytes, entry8b.o(.ARM.Collect$$$$0000000A))

<P><STRONG><a name="[f4]"></a>_main_init</STRONG> (Thumb, 0 bytes, Stack size unknown bytes, entry9a.o(.ARM.Collect$$$$0000000B))

<P><STRONG><a name="[68]"></a>__rt_lib_shutdown_fini</STRONG> (Thumb, 0 bytes, Stack size unknown bytes, entry12b.o(.ARM.Collect$$$$0000000E))
<BR><BR>[Calls]<UL><LI><a href="#[69]">&gt;&gt;</a>&nbsp;&nbsp;&nbsp;__arm_fini_ (Weak Reference)
</UL>

<P><STRONG><a name="[f5]"></a>__rt_final_cpp</STRONG> (Thumb, 0 bytes, Stack size unknown bytes, entry10a.o(.ARM.Collect$$$$0000000F))

<P><STRONG><a name="[f6]"></a>__rt_final_exit</STRONG> (Thumb, 0 bytes, Stack size unknown bytes, entry11a.o(.ARM.Collect$$$$00000011))

<P><STRONG><a name="[3b]"></a>Reset_Handler</STRONG> (Thumb, 8 bytes, Stack size 0 bytes, startup_cw32f030.o(.text))
<BR>[Address Reference Count : 1]<UL><LI> startup_cw32f030.o(RESET)
</UL>
<P><STRONG><a name="[3c]"></a>NMI_Handler</STRONG> (Thumb, 2 bytes, Stack size 0 bytes, startup_cw32f030.o(.text))
<BR><BR>[Calls]<UL><LI><a href="#[3c]">&gt;&gt;</a>&nbsp;&nbsp;&nbsp;NMI_Handler
</UL>
<BR>[Called By]<UL><LI><a href="#[3c]">&gt;&gt;</a>&nbsp;&nbsp;&nbsp;NMI_Handler
</UL>
<BR>[Address Reference Count : 1]<UL><LI> startup_cw32f030.o(RESET)
</UL>
<P><STRONG><a name="[3d]"></a>HardFault_Handler</STRONG> (Thumb, 2 bytes, Stack size 0 bytes, startup_cw32f030.o(.text))
<BR><BR>[Calls]<UL><LI><a href="#[3d]">&gt;&gt;</a>&nbsp;&nbsp;&nbsp;HardFault_Handler
</UL>
<BR>[Called By]<UL><LI><a href="#[3d]">&gt;&gt;</a>&nbsp;&nbsp;&nbsp;HardFault_Handler
</UL>
<BR>[Address Reference Count : 1]<UL><LI> startup_cw32f030.o(RESET)
</UL>
<P><STRONG><a name="[3e]"></a>SVC_Handler</STRONG> (Thumb, 2 bytes, Stack size 0 bytes, startup_cw32f030.o(.text))
<BR><BR>[Calls]<UL><LI><a href="#[3e]">&gt;&gt;</a>&nbsp;&nbsp;&nbsp;SVC_Handler
</UL>
<BR>[Called By]<UL><LI><a href="#[3e]">&gt;&gt;</a>&nbsp;&nbsp;&nbsp;SVC_Handler
</UL>
<BR>[Address Reference Count : 1]<UL><LI> startup_cw32f030.o(RESET)
</UL>
<P><STRONG><a name="[3f]"></a>PendSV_Handler</STRONG> (Thumb, 2 bytes, Stack size 0 bytes, startup_cw32f030.o(.text))
<BR><BR>[Calls]<UL><LI><a href="#[3f]">&gt;&gt;</a>&nbsp;&nbsp;&nbsp;PendSV_Handler
</UL>
<BR>[Called By]<UL><LI><a href="#[3f]">&gt;&gt;</a>&nbsp;&nbsp;&nbsp;PendSV_Handler
</UL>
<BR>[Address Reference Count : 1]<UL><LI> startup_cw32f030.o(RESET)
</UL>
<P><STRONG><a name="[5f]"></a>AWT_IRQHandler</STRONG> (Thumb, 0 bytes, Stack size 0 bytes, startup_cw32f030.o(.text))
<BR><BR>[Calls]<UL><LI><a href="#[5f]">&gt;&gt;</a>&nbsp;&nbsp;&nbsp;AWT_IRQHandler
</UL>
<BR>[Called By]<UL><LI><a href="#[5f]">&gt;&gt;</a>&nbsp;&nbsp;&nbsp;AWT_IRQHandler
</UL>
<BR>[Address Reference Count : 1]<UL><LI> startup_cw32f030.o(RESET)
</UL>
<P><STRONG><a name="[56]"></a>BTIM2_IRQHandler</STRONG> (Thumb, 0 bytes, Stack size 0 bytes, startup_cw32f030.o(.text))
<BR>[Address Reference Count : 1]<UL><LI> startup_cw32f030.o(RESET)
</UL>
<P><STRONG><a name="[57]"></a>BTIM3_IRQHandler</STRONG> (Thumb, 0 bytes, Stack size 0 bytes, startup_cw32f030.o(.text))
<BR>[Address Reference Count : 1]<UL><LI> startup_cw32f030.o(RESET)
</UL>
<P><STRONG><a name="[4a]"></a>DMACH1_IRQHandler</STRONG> (Thumb, 0 bytes, Stack size 0 bytes, startup_cw32f030.o(.text))
<BR>[Address Reference Count : 1]<UL><LI> startup_cw32f030.o(RESET)
</UL>
<P><STRONG><a name="[4b]"></a>DMACH23_IRQHandler</STRONG> (Thumb, 0 bytes, Stack size 0 bytes, startup_cw32f030.o(.text))
<BR>[Address Reference Count : 1]<UL><LI> startup_cw32f030.o(RESET)
</UL>
<P><STRONG><a name="[4c]"></a>DMACH45_IRQHandler</STRONG> (Thumb, 0 bytes, Stack size 0 bytes, startup_cw32f030.o(.text))
<BR>[Address Reference Count : 1]<UL><LI> startup_cw32f030.o(RESET)
</UL>
<P><STRONG><a name="[60]"></a>FAULT_IRQHandler</STRONG> (Thumb, 0 bytes, Stack size 0 bytes, startup_cw32f030.o(.text))
<BR>[Address Reference Count : 1]<UL><LI> startup_cw32f030.o(RESET)
</UL>
<P><STRONG><a name="[44]"></a>FLASHRAM_IRQHandler</STRONG> (Thumb, 0 bytes, Stack size 0 bytes, startup_cw32f030.o(.text))
<BR>[Address Reference Count : 1]<UL><LI> startup_cw32f030.o(RESET)
</UL>
<P><STRONG><a name="[46]"></a>GPIOA_IRQHandler</STRONG> (Thumb, 0 bytes, Stack size 0 bytes, startup_cw32f030.o(.text))
<BR>[Address Reference Count : 1]<UL><LI> startup_cw32f030.o(RESET)
</UL>
<P><STRONG><a name="[48]"></a>GPIOC_IRQHandler</STRONG> (Thumb, 0 bytes, Stack size 0 bytes, startup_cw32f030.o(.text))
<BR>[Address Reference Count : 1]<UL><LI> startup_cw32f030.o(RESET)
</UL>
<P><STRONG><a name="[49]"></a>GPIOF_IRQHandler</STRONG> (Thumb, 0 bytes, Stack size 0 bytes, startup_cw32f030.o(.text))
<BR>[Address Reference Count : 1]<UL><LI> startup_cw32f030.o(RESET)
</UL>
<P><STRONG><a name="[52]"></a>GTIM2_IRQHandler</STRONG> (Thumb, 0 bytes, Stack size 0 bytes, startup_cw32f030.o(.text))
<BR>[Address Reference Count : 1]<UL><LI> startup_cw32f030.o(RESET)
</UL>
<P><STRONG><a name="[53]"></a>GTIM3_IRQHandler</STRONG> (Thumb, 0 bytes, Stack size 0 bytes, startup_cw32f030.o(.text))
<BR>[Address Reference Count : 1]<UL><LI> startup_cw32f030.o(RESET)
</UL>
<P><STRONG><a name="[54]"></a>GTIM4_IRQHandler</STRONG> (Thumb, 0 bytes, Stack size 0 bytes, startup_cw32f030.o(.text))
<BR>[Address Reference Count : 1]<UL><LI> startup_cw32f030.o(RESET)
</UL>
<P><STRONG><a name="[58]"></a>I2C1_IRQHandler</STRONG> (Thumb, 0 bytes, Stack size 0 bytes, startup_cw32f030.o(.text))
<BR>[Address Reference Count : 1]<UL><LI> startup_cw32f030.o(RESET)
</UL>
<P><STRONG><a name="[59]"></a>I2C2_IRQHandler</STRONG> (Thumb, 0 bytes, Stack size 0 bytes, startup_cw32f030.o(.text))
<BR>[Address Reference Count : 1]<UL><LI> startup_cw32f030.o(RESET)
</UL>
<P><STRONG><a name="[42]"></a>LVD_IRQHandler</STRONG> (Thumb, 0 bytes, Stack size 0 bytes, startup_cw32f030.o(.text))
<BR>[Address Reference Count : 1]<UL><LI> startup_cw32f030.o(RESET)
</UL>
<P><STRONG><a name="[45]"></a>RCC_IRQHandler</STRONG> (Thumb, 0 bytes, Stack size 0 bytes, startup_cw32f030.o(.text))
<BR>[Address Reference Count : 1]<UL><LI> startup_cw32f030.o(RESET)
</UL>
<P><STRONG><a name="[5a]"></a>SPI1_IRQHandler</STRONG> (Thumb, 0 bytes, Stack size 0 bytes, startup_cw32f030.o(.text))
<BR>[Address Reference Count : 1]<UL><LI> startup_cw32f030.o(RESET)
</UL>
<P><STRONG><a name="[5b]"></a>SPI2_IRQHandler</STRONG> (Thumb, 0 bytes, Stack size 0 bytes, startup_cw32f030.o(.text))
<BR>[Address Reference Count : 1]<UL><LI> startup_cw32f030.o(RESET)
</UL>
<P><STRONG><a name="[5d]"></a>UART2_IRQHandler</STRONG> (Thumb, 0 bytes, Stack size 0 bytes, startup_cw32f030.o(.text))
<BR>[Address Reference Count : 1]<UL><LI> startup_cw32f030.o(RESET)
</UL>
<P><STRONG><a name="[5e]"></a>UART3_IRQHandler</STRONG> (Thumb, 0 bytes, Stack size 0 bytes, startup_cw32f030.o(.text))
<BR>[Address Reference Count : 1]<UL><LI> startup_cw32f030.o(RESET)
</UL>
<P><STRONG><a name="[4f]"></a>VC1_IRQHandler</STRONG> (Thumb, 0 bytes, Stack size 0 bytes, startup_cw32f030.o(.text))
<BR>[Address Reference Count : 1]<UL><LI> startup_cw32f030.o(RESET)
</UL>
<P><STRONG><a name="[50]"></a>VC2_IRQHandler</STRONG> (Thumb, 0 bytes, Stack size 0 bytes, startup_cw32f030.o(.text))
<BR>[Address Reference Count : 1]<UL><LI> startup_cw32f030.o(RESET)
</UL>
<P><STRONG><a name="[41]"></a>WDT_IRQHandler</STRONG> (Thumb, 0 bytes, Stack size 0 bytes, startup_cw32f030.o(.text))
<BR>[Address Reference Count : 1]<UL><LI> startup_cw32f030.o(RESET)
</UL>
<P><STRONG><a name="[f7]"></a>__aeabi_uidiv</STRONG> (Thumb, 0 bytes, Stack size 12 bytes, uidiv.o(.text), UNUSED)

<P><STRONG><a name="[6b]"></a>__aeabi_uidivmod</STRONG> (Thumb, 44 bytes, Stack size 12 bytes, uidiv.o(.text))
<BR><BR>[Stack]<UL><LI>Max Depth = 12<LI>Call Chain = __aeabi_uidivmod
</UL>
<BR>[Called By]<UL><LI><a href="#[d6]">&gt;&gt;</a>&nbsp;&nbsp;&nbsp;delay1ms
<LI><a href="#[d5]">&gt;&gt;</a>&nbsp;&nbsp;&nbsp;delay10us
<LI><a href="#[b8]">&gt;&gt;</a>&nbsp;&nbsp;&nbsp;InitTick
<LI><a href="#[1f]">&gt;&gt;</a>&nbsp;&nbsp;&nbsp;Gtim1_Calculate
<LI><a href="#[ca]">&gt;&gt;</a>&nbsp;&nbsp;&nbsp;RCC_Sysctrl_GetHClkFreq
<LI><a href="#[6a]">&gt;&gt;</a>&nbsp;&nbsp;&nbsp;__aeabi_idivmod
<LI><a href="#[e2]">&gt;&gt;</a>&nbsp;&nbsp;&nbsp;_printf_core
</UL>

<P><STRONG><a name="[f8]"></a>__aeabi_idiv</STRONG> (Thumb, 0 bytes, Stack size 16 bytes, idiv.o(.text), UNUSED)

<P><STRONG><a name="[6a]"></a>__aeabi_idivmod</STRONG> (Thumb, 40 bytes, Stack size 16 bytes, idiv.o(.text))
<BR><BR>[Stack]<UL><LI>Max Depth = 28<LI>Call Chain = __aeabi_idivmod &rArr; __aeabi_uidivmod
</UL>
<BR>[Calls]<UL><LI><a href="#[6b]">&gt;&gt;</a>&nbsp;&nbsp;&nbsp;__aeabi_uidivmod
</UL>
<BR>[Called By]<UL><LI><a href="#[ec]">&gt;&gt;</a>&nbsp;&nbsp;&nbsp;myRTC_Calculate_Time
<LI><a href="#[eb]">&gt;&gt;</a>&nbsp;&nbsp;&nbsp;myRTC_Calculate_Date
</UL>

<P><STRONG><a name="[f9]"></a>__aeabi_memcpy</STRONG> (Thumb, 36 bytes, Stack size 0 bytes, memcpya.o(.text), UNUSED)

<P><STRONG><a name="[89]"></a>__aeabi_memcpy4</STRONG> (Thumb, 0 bytes, Stack size 0 bytes, memcpya.o(.text))
<BR><BR>[Called By]<UL><LI><a href="#[c6]">&gt;&gt;</a>&nbsp;&nbsp;&nbsp;RCC_PLL_Enable
<LI><a href="#[2d]">&gt;&gt;</a>&nbsp;&nbsp;&nbsp;ADC1_Serial_Scan_Init
</UL>

<P><STRONG><a name="[fa]"></a>__aeabi_memcpy8</STRONG> (Thumb, 0 bytes, Stack size 0 bytes, memcpya.o(.text), UNUSED)

<P><STRONG><a name="[f0]"></a>strlen</STRONG> (Thumb, 14 bytes, Stack size 0 bytes, strlen.o(.text))
<BR><BR>[Called By]<UL><LI><a href="#[27]">&gt;&gt;</a>&nbsp;&nbsp;&nbsp;padString
</UL>

<P><STRONG><a name="[6c]"></a>__aeabi_fadd</STRONG> (Thumb, 162 bytes, Stack size 24 bytes, fadd.o(.text))
<BR><BR>[Stack]<UL><LI>Max Depth = 36<LI>Call Chain = __aeabi_fadd &rArr; _float_epilogue
</UL>
<BR>[Calls]<UL><LI><a href="#[6e]">&gt;&gt;</a>&nbsp;&nbsp;&nbsp;_float_round
<LI><a href="#[6d]">&gt;&gt;</a>&nbsp;&nbsp;&nbsp;_float_epilogue
</UL>
<BR>[Called By]<UL><LI><a href="#[3a]">&gt;&gt;</a>&nbsp;&nbsp;&nbsp;DHT11_Read_Data
<LI><a href="#[70]">&gt;&gt;</a>&nbsp;&nbsp;&nbsp;__aeabi_frsub
<LI><a href="#[6f]">&gt;&gt;</a>&nbsp;&nbsp;&nbsp;__aeabi_fsub
</UL>

<P><STRONG><a name="[6f]"></a>__aeabi_fsub</STRONG> (Thumb, 8 bytes, Stack size 0 bytes, fadd.o(.text), UNUSED)
<BR><BR>[Calls]<UL><LI><a href="#[6c]">&gt;&gt;</a>&nbsp;&nbsp;&nbsp;__aeabi_fadd
</UL>

<P><STRONG><a name="[70]"></a>__aeabi_frsub</STRONG> (Thumb, 8 bytes, Stack size 0 bytes, fadd.o(.text))
<BR><BR>[Stack]<UL><LI>Max Depth = 36<LI>Call Chain = __aeabi_frsub &rArr; __aeabi_fadd &rArr; _float_epilogue
</UL>
<BR>[Calls]<UL><LI><a href="#[6c]">&gt;&gt;</a>&nbsp;&nbsp;&nbsp;__aeabi_fadd
</UL>
<BR>[Called By]<UL><LI><a href="#[db]">&gt;&gt;</a>&nbsp;&nbsp;&nbsp;USART_Init
</UL>

<P><STRONG><a name="[87]"></a>__aeabi_fmul</STRONG> (Thumb, 122 bytes, Stack size 16 bytes, fmul.o(.text))
<BR><BR>[Stack]<UL><LI>Max Depth = 16<LI>Call Chain = __aeabi_fmul
</UL>
<BR>[Called By]<UL><LI><a href="#[db]">&gt;&gt;</a>&nbsp;&nbsp;&nbsp;USART_Init
<LI><a href="#[2e]">&gt;&gt;</a>&nbsp;&nbsp;&nbsp;ADC1_Single_Channel_One_Convert
<LI><a href="#[2f]">&gt;&gt;</a>&nbsp;&nbsp;&nbsp;ADC1_Serial_Scan_Convert
<LI><a href="#[1f]">&gt;&gt;</a>&nbsp;&nbsp;&nbsp;Gtim1_Calculate
</UL>

<P><STRONG><a name="[71]"></a>__aeabi_fdiv</STRONG> (Thumb, 124 bytes, Stack size 16 bytes, fdiv.o(.text))
<BR><BR>[Stack]<UL><LI>Max Depth = 16<LI>Call Chain = __aeabi_fdiv
</UL>
<BR>[Calls]<UL><LI><a href="#[6e]">&gt;&gt;</a>&nbsp;&nbsp;&nbsp;_float_round
</UL>
<BR>[Called By]<UL><LI><a href="#[db]">&gt;&gt;</a>&nbsp;&nbsp;&nbsp;USART_Init
<LI><a href="#[3a]">&gt;&gt;</a>&nbsp;&nbsp;&nbsp;DHT11_Read_Data
<LI><a href="#[1f]">&gt;&gt;</a>&nbsp;&nbsp;&nbsp;Gtim1_Calculate
</UL>

<P><STRONG><a name="[72]"></a>__aeabi_dadd</STRONG> (Thumb, 330 bytes, Stack size 48 bytes, dadd.o(.text))
<BR><BR>[Stack]<UL><LI>Max Depth = 104<LI>Call Chain = __aeabi_dadd &rArr; _double_epilogue &rArr; __aeabi_llsr
</UL>
<BR>[Calls]<UL><LI><a href="#[74]">&gt;&gt;</a>&nbsp;&nbsp;&nbsp;__aeabi_lasr
<LI><a href="#[73]">&gt;&gt;</a>&nbsp;&nbsp;&nbsp;__aeabi_llsl
<LI><a href="#[76]">&gt;&gt;</a>&nbsp;&nbsp;&nbsp;_double_round
<LI><a href="#[75]">&gt;&gt;</a>&nbsp;&nbsp;&nbsp;_double_epilogue
</UL>
<BR>[Called By]<UL><LI><a href="#[db]">&gt;&gt;</a>&nbsp;&nbsp;&nbsp;USART_Init
<LI><a href="#[78]">&gt;&gt;</a>&nbsp;&nbsp;&nbsp;__aeabi_drsub
<LI><a href="#[77]">&gt;&gt;</a>&nbsp;&nbsp;&nbsp;__aeabi_dsub
<LI><a href="#[e4]">&gt;&gt;</a>&nbsp;&nbsp;&nbsp;_fp_digits
</UL>

<P><STRONG><a name="[77]"></a>__aeabi_dsub</STRONG> (Thumb, 12 bytes, Stack size 8 bytes, dadd.o(.text), UNUSED)
<BR><BR>[Calls]<UL><LI><a href="#[72]">&gt;&gt;</a>&nbsp;&nbsp;&nbsp;__aeabi_dadd
</UL>

<P><STRONG><a name="[78]"></a>__aeabi_drsub</STRONG> (Thumb, 12 bytes, Stack size 8 bytes, dadd.o(.text), UNUSED)
<BR><BR>[Calls]<UL><LI><a href="#[72]">&gt;&gt;</a>&nbsp;&nbsp;&nbsp;__aeabi_dadd
</UL>

<P><STRONG><a name="[79]"></a>__aeabi_ui2f</STRONG> (Thumb, 14 bytes, Stack size 8 bytes, ffltui.o(.text))
<BR><BR>[Stack]<UL><LI>Max Depth = 20<LI>Call Chain = __aeabi_ui2f &rArr; _float_epilogue
</UL>
<BR>[Calls]<UL><LI><a href="#[6d]">&gt;&gt;</a>&nbsp;&nbsp;&nbsp;_float_epilogue
</UL>
<BR>[Called By]<UL><LI><a href="#[db]">&gt;&gt;</a>&nbsp;&nbsp;&nbsp;USART_Init
<LI><a href="#[3a]">&gt;&gt;</a>&nbsp;&nbsp;&nbsp;DHT11_Read_Data
<LI><a href="#[2e]">&gt;&gt;</a>&nbsp;&nbsp;&nbsp;ADC1_Single_Channel_One_Convert
<LI><a href="#[2f]">&gt;&gt;</a>&nbsp;&nbsp;&nbsp;ADC1_Serial_Scan_Convert
<LI><a href="#[1f]">&gt;&gt;</a>&nbsp;&nbsp;&nbsp;Gtim1_Calculate
</UL>

<P><STRONG><a name="[e0]"></a>__aeabi_f2uiz</STRONG> (Thumb, 40 bytes, Stack size 0 bytes, ffixui.o(.text))
<BR><BR>[Called By]<UL><LI><a href="#[db]">&gt;&gt;</a>&nbsp;&nbsp;&nbsp;USART_Init
</UL>

<P><STRONG><a name="[7a]"></a>__aeabi_d2uiz</STRONG> (Thumb, 50 bytes, Stack size 8 bytes, dfixui.o(.text))
<BR><BR>[Stack]<UL><LI>Max Depth = 16<LI>Call Chain = __aeabi_d2uiz &rArr; __aeabi_llsr
</UL>
<BR>[Calls]<UL><LI><a href="#[7b]">&gt;&gt;</a>&nbsp;&nbsp;&nbsp;__aeabi_llsr
</UL>
<BR>[Called By]<UL><LI><a href="#[db]">&gt;&gt;</a>&nbsp;&nbsp;&nbsp;USART_Init
</UL>

<P><STRONG><a name="[ae]"></a>__aeabi_f2d</STRONG> (Thumb, 40 bytes, Stack size 0 bytes, f2d.o(.text))
<BR><BR>[Called By]<UL><LI><a href="#[db]">&gt;&gt;</a>&nbsp;&nbsp;&nbsp;USART_Init
<LI><a href="#[8]">&gt;&gt;</a>&nbsp;&nbsp;&nbsp;TasksHandle_100MS
<LI><a href="#[3a]">&gt;&gt;</a>&nbsp;&nbsp;&nbsp;DHT11_Read_Data
<LI><a href="#[1f]">&gt;&gt;</a>&nbsp;&nbsp;&nbsp;Gtim1_Calculate
</UL>

<P><STRONG><a name="[7c]"></a>__aeabi_uldivmod</STRONG> (Thumb, 96 bytes, Stack size 48 bytes, uldiv.o(.text), UNUSED)
<BR><BR>[Calls]<UL><LI><a href="#[7b]">&gt;&gt;</a>&nbsp;&nbsp;&nbsp;__aeabi_llsr
<LI><a href="#[73]">&gt;&gt;</a>&nbsp;&nbsp;&nbsp;__aeabi_llsl
</UL>
<BR>[Called By]<UL><LI><a href="#[e2]">&gt;&gt;</a>&nbsp;&nbsp;&nbsp;_printf_core
<LI><a href="#[e4]">&gt;&gt;</a>&nbsp;&nbsp;&nbsp;_fp_digits
</UL>

<P><STRONG><a name="[73]"></a>__aeabi_llsl</STRONG> (Thumb, 32 bytes, Stack size 8 bytes, llshl.o(.text))
<BR><BR>[Stack]<UL><LI>Max Depth = 8<LI>Call Chain = __aeabi_llsl
</UL>
<BR>[Called By]<UL><LI><a href="#[72]">&gt;&gt;</a>&nbsp;&nbsp;&nbsp;__aeabi_dadd
<LI><a href="#[7c]">&gt;&gt;</a>&nbsp;&nbsp;&nbsp;__aeabi_uldivmod
<LI><a href="#[75]">&gt;&gt;</a>&nbsp;&nbsp;&nbsp;_double_epilogue
<LI><a href="#[80]">&gt;&gt;</a>&nbsp;&nbsp;&nbsp;__aeabi_d2ulz
</UL>

<P><STRONG><a name="[fb]"></a>_ll_shift_l</STRONG> (Thumb, 0 bytes, Stack size 8 bytes, llshl.o(.text), UNUSED)

<P><STRONG><a name="[7b]"></a>__aeabi_llsr</STRONG> (Thumb, 34 bytes, Stack size 8 bytes, llushr.o(.text))
<BR><BR>[Stack]<UL><LI>Max Depth = 8<LI>Call Chain = __aeabi_llsr
</UL>
<BR>[Called By]<UL><LI><a href="#[7a]">&gt;&gt;</a>&nbsp;&nbsp;&nbsp;__aeabi_d2uiz
<LI><a href="#[7c]">&gt;&gt;</a>&nbsp;&nbsp;&nbsp;__aeabi_uldivmod
<LI><a href="#[75]">&gt;&gt;</a>&nbsp;&nbsp;&nbsp;_double_epilogue
<LI><a href="#[80]">&gt;&gt;</a>&nbsp;&nbsp;&nbsp;__aeabi_d2ulz
</UL>

<P><STRONG><a name="[fc]"></a>_ll_ushift_r</STRONG> (Thumb, 0 bytes, Stack size 8 bytes, llushr.o(.text), UNUSED)

<P><STRONG><a name="[74]"></a>__aeabi_lasr</STRONG> (Thumb, 38 bytes, Stack size 8 bytes, llsshr.o(.text))
<BR><BR>[Stack]<UL><LI>Max Depth = 8<LI>Call Chain = __aeabi_lasr
</UL>
<BR>[Called By]<UL><LI><a href="#[72]">&gt;&gt;</a>&nbsp;&nbsp;&nbsp;__aeabi_dadd
</UL>

<P><STRONG><a name="[fd]"></a>_ll_sshift_r</STRONG> (Thumb, 0 bytes, Stack size 8 bytes, llsshr.o(.text), UNUSED)

<P><STRONG><a name="[fe]"></a>__I$use$fp</STRONG> (Thumb, 0 bytes, Stack size 0 bytes, iusefp.o(.text), UNUSED)

<P><STRONG><a name="[6e]"></a>_float_round</STRONG> (Thumb, 16 bytes, Stack size 0 bytes, fepilogue.o(.text))
<BR><BR>[Called By]<UL><LI><a href="#[6c]">&gt;&gt;</a>&nbsp;&nbsp;&nbsp;__aeabi_fadd
<LI><a href="#[71]">&gt;&gt;</a>&nbsp;&nbsp;&nbsp;__aeabi_fdiv
</UL>

<P><STRONG><a name="[6d]"></a>_float_epilogue</STRONG> (Thumb, 114 bytes, Stack size 12 bytes, fepilogue.o(.text))
<BR><BR>[Stack]<UL><LI>Max Depth = 12<LI>Call Chain = _float_epilogue
</UL>
<BR>[Called By]<UL><LI><a href="#[6c]">&gt;&gt;</a>&nbsp;&nbsp;&nbsp;__aeabi_fadd
<LI><a href="#[79]">&gt;&gt;</a>&nbsp;&nbsp;&nbsp;__aeabi_ui2f
</UL>

<P><STRONG><a name="[76]"></a>_double_round</STRONG> (Thumb, 26 bytes, Stack size 8 bytes, depilogue.o(.text))
<BR><BR>[Stack]<UL><LI>Max Depth = 8<LI>Call Chain = _double_round
</UL>
<BR>[Called By]<UL><LI><a href="#[72]">&gt;&gt;</a>&nbsp;&nbsp;&nbsp;__aeabi_dadd
<LI><a href="#[75]">&gt;&gt;</a>&nbsp;&nbsp;&nbsp;_double_epilogue
<LI><a href="#[7f]">&gt;&gt;</a>&nbsp;&nbsp;&nbsp;__aeabi_ddiv
</UL>

<P><STRONG><a name="[75]"></a>_double_epilogue</STRONG> (Thumb, 164 bytes, Stack size 48 bytes, depilogue.o(.text))
<BR><BR>[Stack]<UL><LI>Max Depth = 56<LI>Call Chain = _double_epilogue &rArr; __aeabi_llsr
</UL>
<BR>[Calls]<UL><LI><a href="#[7d]">&gt;&gt;</a>&nbsp;&nbsp;&nbsp;__ARM_clz
<LI><a href="#[7b]">&gt;&gt;</a>&nbsp;&nbsp;&nbsp;__aeabi_llsr
<LI><a href="#[73]">&gt;&gt;</a>&nbsp;&nbsp;&nbsp;__aeabi_llsl
<LI><a href="#[76]">&gt;&gt;</a>&nbsp;&nbsp;&nbsp;_double_round
</UL>
<BR>[Called By]<UL><LI><a href="#[72]">&gt;&gt;</a>&nbsp;&nbsp;&nbsp;__aeabi_dadd
<LI><a href="#[7e]">&gt;&gt;</a>&nbsp;&nbsp;&nbsp;__aeabi_dmul
</UL>

<P><STRONG><a name="[7e]"></a>__aeabi_dmul</STRONG> (Thumb, 202 bytes, Stack size 72 bytes, dmul.o(.text), UNUSED)
<BR><BR>[Calls]<UL><LI><a href="#[75]">&gt;&gt;</a>&nbsp;&nbsp;&nbsp;_double_epilogue
</UL>
<BR>[Called By]<UL><LI><a href="#[e4]">&gt;&gt;</a>&nbsp;&nbsp;&nbsp;_fp_digits
</UL>

<P><STRONG><a name="[7f]"></a>__aeabi_ddiv</STRONG> (Thumb, 234 bytes, Stack size 40 bytes, ddiv.o(.text), UNUSED)
<BR><BR>[Calls]<UL><LI><a href="#[76]">&gt;&gt;</a>&nbsp;&nbsp;&nbsp;_double_round
</UL>
<BR>[Called By]<UL><LI><a href="#[e4]">&gt;&gt;</a>&nbsp;&nbsp;&nbsp;_fp_digits
</UL>

<P><STRONG><a name="[80]"></a>__aeabi_d2ulz</STRONG> (Thumb, 54 bytes, Stack size 8 bytes, dfixul.o(.text), UNUSED)
<BR><BR>[Calls]<UL><LI><a href="#[7b]">&gt;&gt;</a>&nbsp;&nbsp;&nbsp;__aeabi_llsr
<LI><a href="#[73]">&gt;&gt;</a>&nbsp;&nbsp;&nbsp;__aeabi_llsl
</UL>
<BR>[Called By]<UL><LI><a href="#[e4]">&gt;&gt;</a>&nbsp;&nbsp;&nbsp;_fp_digits
</UL>

<P><STRONG><a name="[e5]"></a>__aeabi_cdrcmple</STRONG> (Thumb, 38 bytes, Stack size 0 bytes, cdrcmple.o(.text), UNUSED)
<BR><BR>[Called By]<UL><LI><a href="#[e4]">&gt;&gt;</a>&nbsp;&nbsp;&nbsp;_fp_digits
</UL>

<P><STRONG><a name="[67]"></a>__scatterload</STRONG> (Thumb, 28 bytes, Stack size 0 bytes, init.o(.text))
<BR><BR>[Calls]<UL><LI><a href="#[81]">&gt;&gt;</a>&nbsp;&nbsp;&nbsp;__main_after_scatterload
</UL>
<BR>[Called By]<UL><LI><a href="#[66]">&gt;&gt;</a>&nbsp;&nbsp;&nbsp;_main_scatterload
</UL>

<P><STRONG><a name="[ff]"></a>__scatterload_rt2</STRONG> (Thumb, 0 bytes, Stack size 0 bytes, init.o(.text), UNUSED)

<P><STRONG><a name="[100]"></a>__decompress</STRONG> (Thumb, 0 bytes, Stack size unknown bytes, __dczerorl2.o(.text), UNUSED)

<P><STRONG><a name="[101]"></a>__decompress1</STRONG> (Thumb, 86 bytes, Stack size unknown bytes, __dczerorl2.o(.text), UNUSED)

<P><STRONG><a name="[9f]"></a>ADC_BufEnSerialCh</STRONG> (Thumb, 62 bytes, Stack size 0 bytes, cw32f030_adc.o(i.ADC_BufEnSerialCh))
<BR><BR>[Called By]<UL><LI><a href="#[98]">&gt;&gt;</a>&nbsp;&nbsp;&nbsp;ADC_Sqr0ChannelCfg
<LI><a href="#[9b]">&gt;&gt;</a>&nbsp;&nbsp;&nbsp;ADC_Sqr03ChannelCfg
<LI><a href="#[9a]">&gt;&gt;</a>&nbsp;&nbsp;&nbsp;ADC_Sqr02ChannelCfg
<LI><a href="#[99]">&gt;&gt;</a>&nbsp;&nbsp;&nbsp;ADC_Sqr01ChannelCfg
</UL>

<P><STRONG><a name="[9d]"></a>ADC_BufEnSingleCh</STRONG> (Thumb, 62 bytes, Stack size 0 bytes, cw32f030_adc.o(i.ADC_BufEnSingleCh))
<BR><BR>[Called By]<UL><LI><a href="#[9c]">&gt;&gt;</a>&nbsp;&nbsp;&nbsp;ADC_SingleChCommon
</UL>

<P><STRONG><a name="[8d]"></a>ADC_ClearITPendingAll</STRONG> (Thumb, 14 bytes, Stack size 0 bytes, cw32f030_adc.o(i.ADC_ClearITPendingAll))
<BR><BR>[Called By]<UL><LI><a href="#[2d]">&gt;&gt;</a>&nbsp;&nbsp;&nbsp;ADC1_Serial_Scan_Init
</UL>

<P><STRONG><a name="[8f]"></a>ADC_ClearITPendingBit</STRONG> (Thumb, 12 bytes, Stack size 0 bytes, cw32f030_adc.o(i.ADC_ClearITPendingBit))
<BR><BR>[Called By]<UL><LI><a href="#[2e]">&gt;&gt;</a>&nbsp;&nbsp;&nbsp;ADC1_Single_Channel_One_Convert
</UL>

<P><STRONG><a name="[8e]"></a>ADC_Enable</STRONG> (Thumb, 28 bytes, Stack size 4 bytes, cw32f030_adc.o(i.ADC_Enable))
<BR><BR>[Stack]<UL><LI>Max Depth = 4<LI>Call Chain = ADC_Enable
</UL>
<BR>[Calls]<UL><LI><a href="#[91]">&gt;&gt;</a>&nbsp;&nbsp;&nbsp;ADC_GetITStatus
</UL>
<BR>[Called By]<UL><LI><a href="#[2c]">&gt;&gt;</a>&nbsp;&nbsp;&nbsp;ADC1_Single_Channel_One_Init
<LI><a href="#[2d]">&gt;&gt;</a>&nbsp;&nbsp;&nbsp;ADC1_Serial_Scan_Init
</UL>

<P><STRONG><a name="[8c]"></a>ADC_EnableIrq</STRONG> (Thumb, 12 bytes, Stack size 8 bytes, cw32f030_adc.o(i.ADC_EnableIrq))
<BR><BR>[Stack]<UL><LI>Max Depth = 24<LI>Call Chain = ADC_EnableIrq &rArr; ADC_EnableNvic &rArr; __NVIC_SetPriority
</UL>
<BR>[Calls]<UL><LI><a href="#[93]">&gt;&gt;</a>&nbsp;&nbsp;&nbsp;ADC_EnableNvic
</UL>
<BR>[Called By]<UL><LI><a href="#[2d]">&gt;&gt;</a>&nbsp;&nbsp;&nbsp;ADC1_Serial_Scan_Init
</UL>

<P><STRONG><a name="[93]"></a>ADC_EnableNvic</STRONG> (Thumb, 52 bytes, Stack size 8 bytes, cw32f030_adc.o(i.ADC_EnableNvic))
<BR><BR>[Stack]<UL><LI>Max Depth = 16<LI>Call Chain = ADC_EnableNvic &rArr; __NVIC_SetPriority
</UL>
<BR>[Calls]<UL><LI><a href="#[95]">&gt;&gt;</a>&nbsp;&nbsp;&nbsp;__NVIC_SetPriority
<LI><a href="#[94]">&gt;&gt;</a>&nbsp;&nbsp;&nbsp;__NVIC_ClearPendingIRQ
</UL>
<BR>[Called By]<UL><LI><a href="#[8c]">&gt;&gt;</a>&nbsp;&nbsp;&nbsp;ADC_EnableIrq
</UL>

<P><STRONG><a name="[90]"></a>ADC_GetConversionValue</STRONG> (Thumb, 8 bytes, Stack size 0 bytes, cw32f030_adc.o(i.ADC_GetConversionValue))
<BR><BR>[Called By]<UL><LI><a href="#[2e]">&gt;&gt;</a>&nbsp;&nbsp;&nbsp;ADC1_Single_Channel_One_Convert
</UL>

<P><STRONG><a name="[91]"></a>ADC_GetITStatus</STRONG> (Thumb, 20 bytes, Stack size 0 bytes, cw32f030_adc.o(i.ADC_GetITStatus))
<BR><BR>[Called By]<UL><LI><a href="#[8e]">&gt;&gt;</a>&nbsp;&nbsp;&nbsp;ADC_Enable
<LI><a href="#[2e]">&gt;&gt;</a>&nbsp;&nbsp;&nbsp;ADC1_Single_Channel_One_Convert
</UL>

<P><STRONG><a name="[82]"></a>ADC_GetSqr0Result</STRONG> (Thumb, 16 bytes, Stack size 0 bytes, cw32f030_adc.o(i.ADC_GetSqr0Result))
<BR><BR>[Called By]<UL><LI><a href="#[2f]">&gt;&gt;</a>&nbsp;&nbsp;&nbsp;ADC1_Serial_Scan_Convert
</UL>

<P><STRONG><a name="[83]"></a>ADC_GetSqr1Result</STRONG> (Thumb, 16 bytes, Stack size 0 bytes, cw32f030_adc.o(i.ADC_GetSqr1Result))
<BR><BR>[Called By]<UL><LI><a href="#[2f]">&gt;&gt;</a>&nbsp;&nbsp;&nbsp;ADC1_Serial_Scan_Convert
</UL>

<P><STRONG><a name="[84]"></a>ADC_GetSqr2Result</STRONG> (Thumb, 16 bytes, Stack size 0 bytes, cw32f030_adc.o(i.ADC_GetSqr2Result))
<BR><BR>[Called By]<UL><LI><a href="#[2f]">&gt;&gt;</a>&nbsp;&nbsp;&nbsp;ADC1_Serial_Scan_Convert
</UL>

<P><STRONG><a name="[85]"></a>ADC_GetSqr3Result</STRONG> (Thumb, 16 bytes, Stack size 0 bytes, cw32f030_adc.o(i.ADC_GetSqr3Result))
<BR><BR>[Called By]<UL><LI><a href="#[2f]">&gt;&gt;</a>&nbsp;&nbsp;&nbsp;ADC1_Serial_Scan_Convert
</UL>

<P><STRONG><a name="[4d]"></a>ADC_IRQHandler</STRONG> (Thumb, 16 bytes, Stack size 0 bytes, callback.o(i.ADC_IRQHandler))
<BR>[Address Reference Count : 1]<UL><LI> startup_cw32f030.o(RESET)
</UL>
<P><STRONG><a name="[8b]"></a>ADC_ITConfig</STRONG> (Thumb, 34 bytes, Stack size 8 bytes, cw32f030_adc.o(i.ADC_ITConfig))
<BR><BR>[Stack]<UL><LI>Max Depth = 8<LI>Call Chain = ADC_ITConfig
</UL>
<BR>[Called By]<UL><LI><a href="#[2d]">&gt;&gt;</a>&nbsp;&nbsp;&nbsp;ADC1_Serial_Scan_Init
</UL>

<P><STRONG><a name="[97]"></a>ADC_Init</STRONG> (Thumb, 118 bytes, Stack size 0 bytes, cw32f030_adc.o(i.ADC_Init))
<BR><BR>[Called By]<UL><LI><a href="#[9c]">&gt;&gt;</a>&nbsp;&nbsp;&nbsp;ADC_SingleChCommon
<LI><a href="#[96]">&gt;&gt;</a>&nbsp;&nbsp;&nbsp;ADC_SerialChCommon
</UL>

<P><STRONG><a name="[96]"></a>ADC_SerialChCommon</STRONG> (Thumb, 82 bytes, Stack size 8 bytes, cw32f030_adc.o(i.ADC_SerialChCommon))
<BR><BR>[Stack]<UL><LI>Max Depth = 12<LI>Call Chain = ADC_SerialChCommon &rArr; ADC_Sqr0ChannelCfg
</UL>
<BR>[Calls]<UL><LI><a href="#[98]">&gt;&gt;</a>&nbsp;&nbsp;&nbsp;ADC_Sqr0ChannelCfg
<LI><a href="#[9b]">&gt;&gt;</a>&nbsp;&nbsp;&nbsp;ADC_Sqr03ChannelCfg
<LI><a href="#[9a]">&gt;&gt;</a>&nbsp;&nbsp;&nbsp;ADC_Sqr02ChannelCfg
<LI><a href="#[99]">&gt;&gt;</a>&nbsp;&nbsp;&nbsp;ADC_Sqr01ChannelCfg
<LI><a href="#[97]">&gt;&gt;</a>&nbsp;&nbsp;&nbsp;ADC_Init
</UL>
<BR>[Called By]<UL><LI><a href="#[8a]">&gt;&gt;</a>&nbsp;&nbsp;&nbsp;ADC_SerialChScanModeCfg
</UL>

<P><STRONG><a name="[8a]"></a>ADC_SerialChScanModeCfg</STRONG> (Thumb, 26 bytes, Stack size 8 bytes, cw32f030_adc.o(i.ADC_SerialChScanModeCfg))
<BR><BR>[Stack]<UL><LI>Max Depth = 20<LI>Call Chain = ADC_SerialChScanModeCfg &rArr; ADC_SerialChCommon &rArr; ADC_Sqr0ChannelCfg
</UL>
<BR>[Calls]<UL><LI><a href="#[96]">&gt;&gt;</a>&nbsp;&nbsp;&nbsp;ADC_SerialChCommon
</UL>
<BR>[Called By]<UL><LI><a href="#[2d]">&gt;&gt;</a>&nbsp;&nbsp;&nbsp;ADC1_Serial_Scan_Init
</UL>

<P><STRONG><a name="[9c]"></a>ADC_SingleChCommon</STRONG> (Thumb, 58 bytes, Stack size 8 bytes, cw32f030_adc.o(i.ADC_SingleChCommon))
<BR><BR>[Stack]<UL><LI>Max Depth = 8<LI>Call Chain = ADC_SingleChCommon
</UL>
<BR>[Calls]<UL><LI><a href="#[9e]">&gt;&gt;</a>&nbsp;&nbsp;&nbsp;ADC_WdtConfig
<LI><a href="#[97]">&gt;&gt;</a>&nbsp;&nbsp;&nbsp;ADC_Init
<LI><a href="#[9d]">&gt;&gt;</a>&nbsp;&nbsp;&nbsp;ADC_BufEnSingleCh
</UL>
<BR>[Called By]<UL><LI><a href="#[92]">&gt;&gt;</a>&nbsp;&nbsp;&nbsp;ADC_SingleChOneModeCfg
</UL>

<P><STRONG><a name="[92]"></a>ADC_SingleChOneModeCfg</STRONG> (Thumb, 24 bytes, Stack size 8 bytes, cw32f030_adc.o(i.ADC_SingleChOneModeCfg))
<BR><BR>[Stack]<UL><LI>Max Depth = 16<LI>Call Chain = ADC_SingleChOneModeCfg &rArr; ADC_SingleChCommon
</UL>
<BR>[Calls]<UL><LI><a href="#[9c]">&gt;&gt;</a>&nbsp;&nbsp;&nbsp;ADC_SingleChCommon
</UL>
<BR>[Called By]<UL><LI><a href="#[2c]">&gt;&gt;</a>&nbsp;&nbsp;&nbsp;ADC1_Single_Channel_One_Init
</UL>

<P><STRONG><a name="[86]"></a>ADC_SoftwareStartConvCmd</STRONG> (Thumb, 32 bytes, Stack size 0 bytes, cw32f030_adc.o(i.ADC_SoftwareStartConvCmd))
<BR><BR>[Called By]<UL><LI><a href="#[2c]">&gt;&gt;</a>&nbsp;&nbsp;&nbsp;ADC1_Single_Channel_One_Init
<LI><a href="#[2e]">&gt;&gt;</a>&nbsp;&nbsp;&nbsp;ADC1_Single_Channel_One_Convert
<LI><a href="#[2d]">&gt;&gt;</a>&nbsp;&nbsp;&nbsp;ADC1_Serial_Scan_Init
<LI><a href="#[2f]">&gt;&gt;</a>&nbsp;&nbsp;&nbsp;ADC1_Serial_Scan_Convert
</UL>

<P><STRONG><a name="[99]"></a>ADC_Sqr01ChannelCfg</STRONG> (Thumb, 44 bytes, Stack size 4 bytes, cw32f030_adc.o(i.ADC_Sqr01ChannelCfg))
<BR><BR>[Stack]<UL><LI>Max Depth = 4<LI>Call Chain = ADC_Sqr01ChannelCfg
</UL>
<BR>[Calls]<UL><LI><a href="#[9f]">&gt;&gt;</a>&nbsp;&nbsp;&nbsp;ADC_BufEnSerialCh
</UL>
<BR>[Called By]<UL><LI><a href="#[96]">&gt;&gt;</a>&nbsp;&nbsp;&nbsp;ADC_SerialChCommon
</UL>

<P><STRONG><a name="[9a]"></a>ADC_Sqr02ChannelCfg</STRONG> (Thumb, 56 bytes, Stack size 4 bytes, cw32f030_adc.o(i.ADC_Sqr02ChannelCfg))
<BR><BR>[Stack]<UL><LI>Max Depth = 4<LI>Call Chain = ADC_Sqr02ChannelCfg
</UL>
<BR>[Calls]<UL><LI><a href="#[9f]">&gt;&gt;</a>&nbsp;&nbsp;&nbsp;ADC_BufEnSerialCh
</UL>
<BR>[Called By]<UL><LI><a href="#[96]">&gt;&gt;</a>&nbsp;&nbsp;&nbsp;ADC_SerialChCommon
</UL>

<P><STRONG><a name="[9b]"></a>ADC_Sqr03ChannelCfg</STRONG> (Thumb, 68 bytes, Stack size 4 bytes, cw32f030_adc.o(i.ADC_Sqr03ChannelCfg))
<BR><BR>[Stack]<UL><LI>Max Depth = 4<LI>Call Chain = ADC_Sqr03ChannelCfg
</UL>
<BR>[Calls]<UL><LI><a href="#[9f]">&gt;&gt;</a>&nbsp;&nbsp;&nbsp;ADC_BufEnSerialCh
</UL>
<BR>[Called By]<UL><LI><a href="#[96]">&gt;&gt;</a>&nbsp;&nbsp;&nbsp;ADC_SerialChCommon
</UL>

<P><STRONG><a name="[98]"></a>ADC_Sqr0ChannelCfg</STRONG> (Thumb, 32 bytes, Stack size 4 bytes, cw32f030_adc.o(i.ADC_Sqr0ChannelCfg))
<BR><BR>[Stack]<UL><LI>Max Depth = 4<LI>Call Chain = ADC_Sqr0ChannelCfg
</UL>
<BR>[Calls]<UL><LI><a href="#[9f]">&gt;&gt;</a>&nbsp;&nbsp;&nbsp;ADC_BufEnSerialCh
</UL>
<BR>[Called By]<UL><LI><a href="#[96]">&gt;&gt;</a>&nbsp;&nbsp;&nbsp;ADC_SerialChCommon
</UL>

<P><STRONG><a name="[88]"></a>ADC_StructInit</STRONG> (Thumb, 26 bytes, Stack size 0 bytes, cw32f030_adc.o(i.ADC_StructInit))
<BR><BR>[Called By]<UL><LI><a href="#[2d]">&gt;&gt;</a>&nbsp;&nbsp;&nbsp;ADC1_Serial_Scan_Init
</UL>

<P><STRONG><a name="[9e]"></a>ADC_WdtConfig</STRONG> (Thumb, 78 bytes, Stack size 0 bytes, cw32f030_adc.o(i.ADC_WdtConfig))
<BR><BR>[Called By]<UL><LI><a href="#[9c]">&gt;&gt;</a>&nbsp;&nbsp;&nbsp;ADC_SingleChCommon
</UL>

<P><STRONG><a name="[a1]"></a>ATIM_ClearITPendingBit</STRONG> (Thumb, 8 bytes, Stack size 0 bytes, cw32f030_atim.o(i.ATIM_ClearITPendingBit))
<BR><BR>[Called By]<UL><LI><a href="#[4e]">&gt;&gt;</a>&nbsp;&nbsp;&nbsp;ATIM_IRQHandler
</UL>

<P><STRONG><a name="[a0]"></a>ATIM_GetITStatus</STRONG> (Thumb, 20 bytes, Stack size 0 bytes, cw32f030_atim.o(i.ATIM_GetITStatus))
<BR><BR>[Called By]<UL><LI><a href="#[4e]">&gt;&gt;</a>&nbsp;&nbsp;&nbsp;ATIM_IRQHandler
</UL>

<P><STRONG><a name="[4e]"></a>ATIM_IRQHandler</STRONG> (Thumb, 56 bytes, Stack size 8 bytes, callback.o(i.ATIM_IRQHandler))
<BR><BR>[Stack]<UL><LI>Max Depth = 8<LI>Call Chain = ATIM_IRQHandler
</UL>
<BR>[Calls]<UL><LI><a href="#[a0]">&gt;&gt;</a>&nbsp;&nbsp;&nbsp;ATIM_GetITStatus
<LI><a href="#[a1]">&gt;&gt;</a>&nbsp;&nbsp;&nbsp;ATIM_ClearITPendingBit
</UL>
<BR>[Address Reference Count : 1]<UL><LI> startup_cw32f030.o(RESET)
</UL>
<P><STRONG><a name="[55]"></a>BTIM1_IRQHandler</STRONG> (Thumb, 64 bytes, Stack size 8 bytes, callback.o(i.BTIM1_IRQHandler))
<BR><BR>[Stack]<UL><LI>Max Depth = 8<LI>Call Chain = BTIM1_IRQHandler
</UL>
<BR>[Calls]<UL><LI><a href="#[a2]">&gt;&gt;</a>&nbsp;&nbsp;&nbsp;BTIM_GetITStatus
<LI><a href="#[a3]">&gt;&gt;</a>&nbsp;&nbsp;&nbsp;BTIM_ClearITPendingBit
</UL>
<BR>[Address Reference Count : 1]<UL><LI> startup_cw32f030.o(RESET)
</UL>
<P><STRONG><a name="[a3]"></a>BTIM_ClearITPendingBit</STRONG> (Thumb, 8 bytes, Stack size 0 bytes, cw32f030_btim.o(i.BTIM_ClearITPendingBit))
<BR><BR>[Called By]<UL><LI><a href="#[55]">&gt;&gt;</a>&nbsp;&nbsp;&nbsp;BTIM1_IRQHandler
</UL>

<P><STRONG><a name="[a6]"></a>BTIM_Cmd</STRONG> (Thumb, 24 bytes, Stack size 0 bytes, cw32f030_btim.o(i.BTIM_Cmd))
<BR><BR>[Called By]<UL><LI><a href="#[1d]">&gt;&gt;</a>&nbsp;&nbsp;&nbsp;BTIM1_Init
</UL>

<P><STRONG><a name="[a2]"></a>BTIM_GetITStatus</STRONG> (Thumb, 18 bytes, Stack size 0 bytes, cw32f030_btim.o(i.BTIM_GetITStatus))
<BR><BR>[Called By]<UL><LI><a href="#[55]">&gt;&gt;</a>&nbsp;&nbsp;&nbsp;BTIM1_IRQHandler
</UL>

<P><STRONG><a name="[a5]"></a>BTIM_ITConfig</STRONG> (Thumb, 20 bytes, Stack size 0 bytes, cw32f030_btim.o(i.BTIM_ITConfig))
<BR><BR>[Called By]<UL><LI><a href="#[1d]">&gt;&gt;</a>&nbsp;&nbsp;&nbsp;BTIM1_Init
</UL>

<P><STRONG><a name="[a4]"></a>BTIM_TimeBaseInit</STRONG> (Thumb, 28 bytes, Stack size 8 bytes, cw32f030_btim.o(i.BTIM_TimeBaseInit))
<BR><BR>[Stack]<UL><LI>Max Depth = 8<LI>Call Chain = BTIM_TimeBaseInit
</UL>
<BR>[Called By]<UL><LI><a href="#[1d]">&gt;&gt;</a>&nbsp;&nbsp;&nbsp;BTIM1_Init
</UL>

<P><STRONG><a name="[c7]"></a>FLASH_SetLatency</STRONG> (Thumb, 42 bytes, Stack size 0 bytes, cw32f030_flash.o(i.FLASH_SetLatency))
<BR><BR>[Called By]<UL><LI><a href="#[b7]">&gt;&gt;</a>&nbsp;&nbsp;&nbsp;RCC_Config
</UL>

<P><STRONG><a name="[47]"></a>GPIOB_IRQHandler</STRONG> (Thumb, 32 bytes, Stack size 8 bytes, callback.o(i.GPIOB_IRQHandler))
<BR><BR>[Stack]<UL><LI>Max Depth = 8<LI>Call Chain = GPIOB_IRQHandler
</UL>
<BR>[Address Reference Count : 1]<UL><LI> startup_cw32f030.o(RESET)
</UL>
<P><STRONG><a name="[a7]"></a>GPIO_Init</STRONG> (Thumb, 252 bytes, Stack size 0 bytes, cw32f030_gpio.o(i.GPIO_Init))
<BR><BR>[Called By]<UL><LI><a href="#[18]">&gt;&gt;</a>&nbsp;&nbsp;&nbsp;USART1_Init
<LI><a href="#[15]">&gt;&gt;</a>&nbsp;&nbsp;&nbsp;Buzzer_Init
<LI><a href="#[11]">&gt;&gt;</a>&nbsp;&nbsp;&nbsp;Led_Init
<LI><a href="#[10]">&gt;&gt;</a>&nbsp;&nbsp;&nbsp;Key_2_Init
<LI><a href="#[d]">&gt;&gt;</a>&nbsp;&nbsp;&nbsp;Key_1_Init
<LI><a href="#[39]">&gt;&gt;</a>&nbsp;&nbsp;&nbsp;DHT11_Init
<LI><a href="#[22]">&gt;&gt;</a>&nbsp;&nbsp;&nbsp;I2C_Init
<LI><a href="#[21]">&gt;&gt;</a>&nbsp;&nbsp;&nbsp;Gtim3_PWM_Toggle_Init
<LI><a href="#[20]">&gt;&gt;</a>&nbsp;&nbsp;&nbsp;Gtim2_PWM_IC_Init
<LI><a href="#[1e]">&gt;&gt;</a>&nbsp;&nbsp;&nbsp;Gtim1_PWM_Output_Init
</UL>

<P><STRONG><a name="[aa]"></a>GPIO_ReadPin</STRONG> (Thumb, 18 bytes, Stack size 0 bytes, cw32f030_gpio.o(i.GPIO_ReadPin))
<BR><BR>[Called By]<UL><LI><a href="#[bc]">&gt;&gt;</a>&nbsp;&nbsp;&nbsp;Key_1_Return_Value
<LI><a href="#[ac]">&gt;&gt;</a>&nbsp;&nbsp;&nbsp;DHT11_Read_Bit
<LI><a href="#[a9]">&gt;&gt;</a>&nbsp;&nbsp;&nbsp;DHT11_Check
<LI><a href="#[25]">&gt;&gt;</a>&nbsp;&nbsp;&nbsp;I2C_Write_Byte
<LI><a href="#[26]">&gt;&gt;</a>&nbsp;&nbsp;&nbsp;I2C_Read_Byte
</UL>

<P><STRONG><a name="[bd]"></a>GPIO_TogglePin</STRONG> (Thumb, 4 bytes, Stack size 0 bytes, cw32f030_gpio.o(i.GPIO_TogglePin))
<BR><BR>[Called By]<UL><LI><a href="#[14]">&gt;&gt;</a>&nbsp;&nbsp;&nbsp;Led_Flip
</UL>

<P><STRONG><a name="[a8]"></a>GPIO_WritePin</STRONG> (Thumb, 12 bytes, Stack size 0 bytes, cw32f030_gpio.o(i.GPIO_WritePin))
<BR><BR>[Called By]<UL><LI><a href="#[16]">&gt;&gt;</a>&nbsp;&nbsp;&nbsp;Buzzer_ON
<LI><a href="#[17]">&gt;&gt;</a>&nbsp;&nbsp;&nbsp;Buzzer_OFF
<LI><a href="#[15]">&gt;&gt;</a>&nbsp;&nbsp;&nbsp;Buzzer_Init
<LI><a href="#[12]">&gt;&gt;</a>&nbsp;&nbsp;&nbsp;Led_ON
<LI><a href="#[13]">&gt;&gt;</a>&nbsp;&nbsp;&nbsp;Led_OFF
<LI><a href="#[11]">&gt;&gt;</a>&nbsp;&nbsp;&nbsp;Led_Init
<LI><a href="#[25]">&gt;&gt;</a>&nbsp;&nbsp;&nbsp;I2C_Write_Byte
<LI><a href="#[24]">&gt;&gt;</a>&nbsp;&nbsp;&nbsp;I2C_Stop
<LI><a href="#[23]">&gt;&gt;</a>&nbsp;&nbsp;&nbsp;I2C_Start
<LI><a href="#[26]">&gt;&gt;</a>&nbsp;&nbsp;&nbsp;I2C_Read_Byte
<LI><a href="#[22]">&gt;&gt;</a>&nbsp;&nbsp;&nbsp;I2C_Init
</UL>

<P><STRONG><a name="[51]"></a>GTIM1_IRQHandler</STRONG> (Thumb, 12 bytes, Stack size 8 bytes, callback.o(i.GTIM1_IRQHandler))
<BR><BR>[Stack]<UL><LI>Max Depth = 8<LI>Call Chain = GTIM1_IRQHandler
</UL>
<BR>[Calls]<UL><LI><a href="#[b0]">&gt;&gt;</a>&nbsp;&nbsp;&nbsp;GTIM_ClearITPendingBit
</UL>
<BR>[Address Reference Count : 1]<UL><LI> startup_cw32f030.o(RESET)
</UL>
<P><STRONG><a name="[b0]"></a>GTIM_ClearITPendingBit</STRONG> (Thumb, 12 bytes, Stack size 0 bytes, cw32f030_gtim.o(i.GTIM_ClearITPendingBit))
<BR><BR>[Called By]<UL><LI><a href="#[51]">&gt;&gt;</a>&nbsp;&nbsp;&nbsp;GTIM1_IRQHandler
</UL>

<P><STRONG><a name="[b4]"></a>GTIM_Cmd</STRONG> (Thumb, 28 bytes, Stack size 0 bytes, cw32f030_gtim.o(i.GTIM_Cmd))
<BR><BR>[Called By]<UL><LI><a href="#[21]">&gt;&gt;</a>&nbsp;&nbsp;&nbsp;Gtim3_PWM_Toggle_Init
<LI><a href="#[20]">&gt;&gt;</a>&nbsp;&nbsp;&nbsp;Gtim2_PWM_IC_Init
<LI><a href="#[1e]">&gt;&gt;</a>&nbsp;&nbsp;&nbsp;Gtim1_PWM_Output_Init
</UL>

<P><STRONG><a name="[b6]"></a>GTIM_ICInit</STRONG> (Thumb, 72 bytes, Stack size 8 bytes, cw32f030_gtim.o(i.GTIM_ICInit))
<BR><BR>[Stack]<UL><LI>Max Depth = 8<LI>Call Chain = GTIM_ICInit
</UL>
<BR>[Called By]<UL><LI><a href="#[20]">&gt;&gt;</a>&nbsp;&nbsp;&nbsp;Gtim2_PWM_IC_Init
</UL>

<P><STRONG><a name="[b3]"></a>GTIM_ITConfig</STRONG> (Thumb, 46 bytes, Stack size 8 bytes, cw32f030_gtim.o(i.GTIM_ITConfig))
<BR><BR>[Stack]<UL><LI>Max Depth = 8<LI>Call Chain = GTIM_ITConfig
</UL>
<BR>[Called By]<UL><LI><a href="#[20]">&gt;&gt;</a>&nbsp;&nbsp;&nbsp;Gtim2_PWM_IC_Init
<LI><a href="#[1e]">&gt;&gt;</a>&nbsp;&nbsp;&nbsp;Gtim1_PWM_Output_Init
</UL>

<P><STRONG><a name="[b2]"></a>GTIM_OCInit</STRONG> (Thumb, 32 bytes, Stack size 8 bytes, cw32f030_gtim.o(i.GTIM_OCInit))
<BR><BR>[Stack]<UL><LI>Max Depth = 8<LI>Call Chain = GTIM_OCInit
</UL>
<BR>[Called By]<UL><LI><a href="#[1e]">&gt;&gt;</a>&nbsp;&nbsp;&nbsp;Gtim1_PWM_Output_Init
</UL>

<P><STRONG><a name="[b1]"></a>GTIM_TimeBaseInit</STRONG> (Thumb, 60 bytes, Stack size 8 bytes, cw32f030_gtim.o(i.GTIM_TimeBaseInit))
<BR><BR>[Stack]<UL><LI>Max Depth = 8<LI>Call Chain = GTIM_TimeBaseInit
</UL>
<BR>[Called By]<UL><LI><a href="#[21]">&gt;&gt;</a>&nbsp;&nbsp;&nbsp;Gtim3_PWM_Toggle_Init
<LI><a href="#[20]">&gt;&gt;</a>&nbsp;&nbsp;&nbsp;Gtim2_PWM_IC_Init
<LI><a href="#[1e]">&gt;&gt;</a>&nbsp;&nbsp;&nbsp;Gtim1_PWM_Output_Init
</UL>

<P><STRONG><a name="[b8]"></a>InitTick</STRONG> (Thumb, 90 bytes, Stack size 16 bytes, cw32f030_systick.o(i.InitTick))
<BR><BR>[Stack]<UL><LI>Max Depth = 28<LI>Call Chain = InitTick &rArr; __aeabi_uidivmod
</UL>
<BR>[Calls]<UL><LI><a href="#[bb]">&gt;&gt;</a>&nbsp;&nbsp;&nbsp;__NVIC_SetPriority
<LI><a href="#[6b]">&gt;&gt;</a>&nbsp;&nbsp;&nbsp;__aeabi_uidivmod
</UL>
<BR>[Called By]<UL><LI><a href="#[3]">&gt;&gt;</a>&nbsp;&nbsp;&nbsp;Hardware_Init
</UL>

<P><STRONG><a name="[d1]"></a>RCC_GetAllRstFlag</STRONG> (Thumb, 6 bytes, Stack size 0 bytes, cw32f030_rcc.o(i.RCC_GetAllRstFlag))
<BR><BR>[Called By]<UL><LI><a href="#[ce]">&gt;&gt;</a>&nbsp;&nbsp;&nbsp;RTC_Init
</UL>

<P><STRONG><a name="[c4]"></a>RCC_HCLKPRS_Config</STRONG> (Thumb, 20 bytes, Stack size 0 bytes, cw32f030_rcc.o(i.RCC_HCLKPRS_Config))
<BR><BR>[Called By]<UL><LI><a href="#[b7]">&gt;&gt;</a>&nbsp;&nbsp;&nbsp;RCC_Config
</UL>

<P><STRONG><a name="[c3]"></a>RCC_HSI_Enable</STRONG> (Thumb, 44 bytes, Stack size 0 bytes, cw32f030_rcc.o(i.RCC_HSI_Enable))
<BR><BR>[Called By]<UL><LI><a href="#[b7]">&gt;&gt;</a>&nbsp;&nbsp;&nbsp;RCC_Config
</UL>

<P><STRONG><a name="[ed]"></a>RCC_LSE_Enable</STRONG> (Thumb, 132 bytes, Stack size 8 bytes, cw32f030_rcc.o(i.RCC_LSE_Enable))
<BR><BR>[Stack]<UL><LI>Max Depth = 8<LI>Call Chain = RCC_LSE_Enable
</UL>
<BR>[Called By]<UL><LI><a href="#[30]">&gt;&gt;</a>&nbsp;&nbsp;&nbsp;myRTC_Init
</UL>

<P><STRONG><a name="[c5]"></a>RCC_PCLKPRS_Config</STRONG> (Thumb, 20 bytes, Stack size 0 bytes, cw32f030_rcc.o(i.RCC_PCLKPRS_Config))
<BR><BR>[Called By]<UL><LI><a href="#[b7]">&gt;&gt;</a>&nbsp;&nbsp;&nbsp;RCC_Config
</UL>

<P><STRONG><a name="[c6]"></a>RCC_PLL_Enable</STRONG> (Thumb, 168 bytes, Stack size 64 bytes, cw32f030_rcc.o(i.RCC_PLL_Enable))
<BR><BR>[Stack]<UL><LI>Max Depth = 64<LI>Call Chain = RCC_PLL_Enable
</UL>
<BR>[Calls]<UL><LI><a href="#[89]">&gt;&gt;</a>&nbsp;&nbsp;&nbsp;__aeabi_memcpy4
</UL>
<BR>[Called By]<UL><LI><a href="#[b7]">&gt;&gt;</a>&nbsp;&nbsp;&nbsp;RCC_Config
</UL>

<P><STRONG><a name="[c8]"></a>RCC_SysClk_Switch</STRONG> (Thumb, 54 bytes, Stack size 16 bytes, cw32f030_rcc.o(i.RCC_SysClk_Switch))
<BR><BR>[Stack]<UL><LI>Max Depth = 52<LI>Call Chain = RCC_SysClk_Switch &rArr; RCC_Sysctrl_GetHClkFreq &rArr; __aeabi_uidivmod
</UL>
<BR>[Calls]<UL><LI><a href="#[c9]">&gt;&gt;</a>&nbsp;&nbsp;&nbsp;RCC_SystemCoreClockUpdate
<LI><a href="#[ca]">&gt;&gt;</a>&nbsp;&nbsp;&nbsp;RCC_Sysctrl_GetHClkFreq
</UL>
<BR>[Called By]<UL><LI><a href="#[b7]">&gt;&gt;</a>&nbsp;&nbsp;&nbsp;RCC_Config
</UL>

<P><STRONG><a name="[ca]"></a>RCC_Sysctrl_GetHClkFreq</STRONG> (Thumb, 194 bytes, Stack size 24 bytes, cw32f030_rcc.o(i.RCC_Sysctrl_GetHClkFreq))
<BR><BR>[Stack]<UL><LI>Max Depth = 36<LI>Call Chain = RCC_Sysctrl_GetHClkFreq &rArr; __aeabi_uidivmod
</UL>
<BR>[Calls]<UL><LI><a href="#[cb]">&gt;&gt;</a>&nbsp;&nbsp;&nbsp;__ARM_common_switch8
<LI><a href="#[6b]">&gt;&gt;</a>&nbsp;&nbsp;&nbsp;__aeabi_uidivmod
</UL>
<BR>[Called By]<UL><LI><a href="#[c8]">&gt;&gt;</a>&nbsp;&nbsp;&nbsp;RCC_SysClk_Switch
</UL>

<P><STRONG><a name="[c9]"></a>RCC_SystemCoreClockUpdate</STRONG> (Thumb, 6 bytes, Stack size 0 bytes, cw32f030_rcc.o(i.RCC_SystemCoreClockUpdate))
<BR><BR>[Called By]<UL><LI><a href="#[c8]">&gt;&gt;</a>&nbsp;&nbsp;&nbsp;RCC_SysClk_Switch
<LI><a href="#[b7]">&gt;&gt;</a>&nbsp;&nbsp;&nbsp;RCC_Config
</UL>

<P><STRONG><a name="[e9]"></a>RTC_AlarmCmd</STRONG> (Thumb, 168 bytes, Stack size 8 bytes, cw32f030_rtc.o(i.RTC_AlarmCmd))
<BR><BR>[Stack]<UL><LI>Max Depth = 8<LI>Call Chain = RTC_AlarmCmd
</UL>
<BR>[Called By]<UL><LI><a href="#[34]">&gt;&gt;</a>&nbsp;&nbsp;&nbsp;myRTC_Alarm_A_Init
</UL>

<P><STRONG><a name="[cd]"></a>RTC_ClearITPendingBit</STRONG> (Thumb, 64 bytes, Stack size 0 bytes, cw32f030_rtc.o(i.RTC_ClearITPendingBit))
<BR><BR>[Called By]<UL><LI><a href="#[43]">&gt;&gt;</a>&nbsp;&nbsp;&nbsp;RTC_IRQHandler
</UL>

<P><STRONG><a name="[cf]"></a>RTC_Cmd</STRONG> (Thumb, 80 bytes, Stack size 0 bytes, cw32f030_rtc.o(i.RTC_Cmd))
<BR><BR>[Called By]<UL><LI><a href="#[ce]">&gt;&gt;</a>&nbsp;&nbsp;&nbsp;RTC_Init
</UL>

<P><STRONG><a name="[ee]"></a>RTC_GetDate</STRONG> (Thumb, 54 bytes, Stack size 0 bytes, cw32f030_rtc.o(i.RTC_GetDate))
<BR><BR>[Called By]<UL><LI><a href="#[31]">&gt;&gt;</a>&nbsp;&nbsp;&nbsp;myRTC_Refresh
</UL>

<P><STRONG><a name="[cc]"></a>RTC_GetITState</STRONG> (Thumb, 30 bytes, Stack size 0 bytes, cw32f030_rtc.o(i.RTC_GetITState))
<BR><BR>[Called By]<UL><LI><a href="#[43]">&gt;&gt;</a>&nbsp;&nbsp;&nbsp;RTC_IRQHandler
</UL>

<P><STRONG><a name="[ef]"></a>RTC_GetTime</STRONG> (Thumb, 78 bytes, Stack size 0 bytes, cw32f030_rtc.o(i.RTC_GetTime))
<BR><BR>[Called By]<UL><LI><a href="#[31]">&gt;&gt;</a>&nbsp;&nbsp;&nbsp;myRTC_Refresh
</UL>

<P><STRONG><a name="[43]"></a>RTC_IRQHandler</STRONG> (Thumb, 26 bytes, Stack size 8 bytes, callback.o(i.RTC_IRQHandler))
<BR><BR>[Stack]<UL><LI>Max Depth = 8<LI>Call Chain = RTC_IRQHandler
</UL>
<BR>[Calls]<UL><LI><a href="#[cc]">&gt;&gt;</a>&nbsp;&nbsp;&nbsp;RTC_GetITState
<LI><a href="#[cd]">&gt;&gt;</a>&nbsp;&nbsp;&nbsp;RTC_ClearITPendingBit
</UL>
<BR>[Address Reference Count : 1]<UL><LI> startup_cw32f030.o(RESET)
</UL>
<P><STRONG><a name="[ea]"></a>RTC_ITConfig</STRONG> (Thumb, 86 bytes, Stack size 0 bytes, cw32f030_rtc.o(i.RTC_ITConfig))
<BR><BR>[Called By]<UL><LI><a href="#[34]">&gt;&gt;</a>&nbsp;&nbsp;&nbsp;myRTC_Alarm_A_Init
</UL>

<P><STRONG><a name="[ce]"></a>RTC_Init</STRONG> (Thumb, 156 bytes, Stack size 8 bytes, cw32f030_rtc.o(i.RTC_Init))
<BR><BR>[Stack]<UL><LI>Max Depth = 8<LI>Call Chain = RTC_Init
</UL>
<BR>[Calls]<UL><LI><a href="#[d3]">&gt;&gt;</a>&nbsp;&nbsp;&nbsp;RTC_SetTime
<LI><a href="#[d2]">&gt;&gt;</a>&nbsp;&nbsp;&nbsp;RTC_SetDate
<LI><a href="#[d0]">&gt;&gt;</a>&nbsp;&nbsp;&nbsp;RTC_SetClockSource
<LI><a href="#[cf]">&gt;&gt;</a>&nbsp;&nbsp;&nbsp;RTC_Cmd
<LI><a href="#[d1]">&gt;&gt;</a>&nbsp;&nbsp;&nbsp;RCC_GetAllRstFlag
</UL>
<BR>[Called By]<UL><LI><a href="#[30]">&gt;&gt;</a>&nbsp;&nbsp;&nbsp;myRTC_Init
</UL>

<P><STRONG><a name="[e8]"></a>RTC_SetAlarm</STRONG> (Thumb, 150 bytes, Stack size 8 bytes, cw32f030_rtc.o(i.RTC_SetAlarm))
<BR><BR>[Stack]<UL><LI>Max Depth = 8<LI>Call Chain = RTC_SetAlarm
</UL>
<BR>[Called By]<UL><LI><a href="#[34]">&gt;&gt;</a>&nbsp;&nbsp;&nbsp;myRTC_Alarm_A_Init
</UL>

<P><STRONG><a name="[d0]"></a>RTC_SetClockSource</STRONG> (Thumb, 62 bytes, Stack size 0 bytes, cw32f030_rtc.o(i.RTC_SetClockSource))
<BR><BR>[Called By]<UL><LI><a href="#[ce]">&gt;&gt;</a>&nbsp;&nbsp;&nbsp;RTC_Init
</UL>

<P><STRONG><a name="[d2]"></a>RTC_SetDate</STRONG> (Thumb, 84 bytes, Stack size 0 bytes, cw32f030_rtc.o(i.RTC_SetDate))
<BR><BR>[Called By]<UL><LI><a href="#[ce]">&gt;&gt;</a>&nbsp;&nbsp;&nbsp;RTC_Init
<LI><a href="#[33]">&gt;&gt;</a>&nbsp;&nbsp;&nbsp;myRTC_Set_Date
</UL>

<P><STRONG><a name="[d3]"></a>RTC_SetTime</STRONG> (Thumb, 154 bytes, Stack size 0 bytes, cw32f030_rtc.o(i.RTC_SetTime))
<BR><BR>[Called By]<UL><LI><a href="#[ce]">&gt;&gt;</a>&nbsp;&nbsp;&nbsp;RTC_Init
<LI><a href="#[32]">&gt;&gt;</a>&nbsp;&nbsp;&nbsp;myRTC_Set_Time
</UL>

<P><STRONG><a name="[40]"></a>SysTick_Handler</STRONG> (Thumb, 16 bytes, Stack size 0 bytes, cw32f030_systick.o(i.SysTick_Handler))
<BR>[Address Reference Count : 1]<UL><LI> startup_cw32f030.o(RESET)
</UL>
<P><STRONG><a name="[d4]"></a>SystemCoreClockUpdate</STRONG> (Thumb, 8 bytes, Stack size 0 bytes, system_cw32f030.o(i.SystemCoreClockUpdate))
<BR><BR>[Called By]<UL><LI><a href="#[62]">&gt;&gt;</a>&nbsp;&nbsp;&nbsp;SystemInit
</UL>

<P><STRONG><a name="[62]"></a>SystemInit</STRONG> (Thumb, 54 bytes, Stack size 4 bytes, system_cw32f030.o(i.SystemInit))
<BR><BR>[Stack]<UL><LI>Max Depth = 4<LI>Call Chain = SystemInit
</UL>
<BR>[Calls]<UL><LI><a href="#[d4]">&gt;&gt;</a>&nbsp;&nbsp;&nbsp;SystemCoreClockUpdate
</UL>
<BR>[Address Reference Count : 1]<UL><LI> startup_cw32f030.o(.text)
</UL>
<P><STRONG><a name="[5c]"></a>UART1_IRQHandler</STRONG> (Thumb, 100 bytes, Stack size 8 bytes, callback.o(i.UART1_IRQHandler))
<BR><BR>[Stack]<UL><LI>Max Depth = 8<LI>Call Chain = UART1_IRQHandler
</UL>
<BR>[Calls]<UL><LI><a href="#[d9]">&gt;&gt;</a>&nbsp;&nbsp;&nbsp;USART_ReceiveData_8bit
<LI><a href="#[d8]">&gt;&gt;</a>&nbsp;&nbsp;&nbsp;USART_GetITStatus
<LI><a href="#[da]">&gt;&gt;</a>&nbsp;&nbsp;&nbsp;USART_ClearITPendingBit
</UL>
<BR>[Address Reference Count : 1]<UL><LI> startup_cw32f030.o(RESET)
</UL>
<P><STRONG><a name="[da]"></a>USART_ClearITPendingBit</STRONG> (Thumb, 8 bytes, Stack size 0 bytes, cw32f030_uart.o(i.USART_ClearITPendingBit))
<BR><BR>[Called By]<UL><LI><a href="#[5c]">&gt;&gt;</a>&nbsp;&nbsp;&nbsp;UART1_IRQHandler
</UL>

<P><STRONG><a name="[df]"></a>USART_GetFlagStatus</STRONG> (Thumb, 18 bytes, Stack size 0 bytes, cw32f030_uart.o(i.USART_GetFlagStatus))
<BR><BR>[Called By]<UL><LI><a href="#[1a]">&gt;&gt;</a>&nbsp;&nbsp;&nbsp;USART1_Send_String
<LI><a href="#[19]">&gt;&gt;</a>&nbsp;&nbsp;&nbsp;USART1_Send_Array
<LI><a href="#[64]">&gt;&gt;</a>&nbsp;&nbsp;&nbsp;fputc
</UL>

<P><STRONG><a name="[d8]"></a>USART_GetITStatus</STRONG> (Thumb, 18 bytes, Stack size 0 bytes, cw32f030_uart.o(i.USART_GetITStatus))
<BR><BR>[Called By]<UL><LI><a href="#[5c]">&gt;&gt;</a>&nbsp;&nbsp;&nbsp;UART1_IRQHandler
</UL>

<P><STRONG><a name="[dd]"></a>USART_ITConfig</STRONG> (Thumb, 26 bytes, Stack size 8 bytes, cw32f030_uart.o(i.USART_ITConfig))
<BR><BR>[Stack]<UL><LI>Max Depth = 8<LI>Call Chain = USART_ITConfig
</UL>
<BR>[Called By]<UL><LI><a href="#[18]">&gt;&gt;</a>&nbsp;&nbsp;&nbsp;USART1_Init
</UL>

<P><STRONG><a name="[db]"></a>USART_Init</STRONG> (Thumb, 362 bytes, Stack size 56 bytes, cw32f030_uart.o(i.USART_Init))
<BR><BR>[Stack]<UL><LI>Max Depth = 160<LI>Call Chain = USART_Init &rArr; __aeabi_dadd &rArr; _double_epilogue &rArr; __aeabi_llsr
</UL>
<BR>[Calls]<UL><LI><a href="#[ae]">&gt;&gt;</a>&nbsp;&nbsp;&nbsp;__aeabi_f2d
<LI><a href="#[79]">&gt;&gt;</a>&nbsp;&nbsp;&nbsp;__aeabi_ui2f
<LI><a href="#[87]">&gt;&gt;</a>&nbsp;&nbsp;&nbsp;__aeabi_fmul
<LI><a href="#[71]">&gt;&gt;</a>&nbsp;&nbsp;&nbsp;__aeabi_fdiv
<LI><a href="#[70]">&gt;&gt;</a>&nbsp;&nbsp;&nbsp;__aeabi_frsub
<LI><a href="#[e0]">&gt;&gt;</a>&nbsp;&nbsp;&nbsp;__aeabi_f2uiz
<LI><a href="#[72]">&gt;&gt;</a>&nbsp;&nbsp;&nbsp;__aeabi_dadd
<LI><a href="#[7a]">&gt;&gt;</a>&nbsp;&nbsp;&nbsp;__aeabi_d2uiz
</UL>
<BR>[Called By]<UL><LI><a href="#[18]">&gt;&gt;</a>&nbsp;&nbsp;&nbsp;USART1_Init
</UL>

<P><STRONG><a name="[d9]"></a>USART_ReceiveData_8bit</STRONG> (Thumb, 8 bytes, Stack size 0 bytes, cw32f030_uart.o(i.USART_ReceiveData_8bit))
<BR><BR>[Called By]<UL><LI><a href="#[5c]">&gt;&gt;</a>&nbsp;&nbsp;&nbsp;UART1_IRQHandler
</UL>

<P><STRONG><a name="[de]"></a>USART_SendData_8bit</STRONG> (Thumb, 4 bytes, Stack size 0 bytes, cw32f030_uart.o(i.USART_SendData_8bit))
<BR><BR>[Called By]<UL><LI><a href="#[1a]">&gt;&gt;</a>&nbsp;&nbsp;&nbsp;USART1_Send_String
<LI><a href="#[19]">&gt;&gt;</a>&nbsp;&nbsp;&nbsp;USART1_Send_Array
<LI><a href="#[64]">&gt;&gt;</a>&nbsp;&nbsp;&nbsp;fputc
</UL>

<P><STRONG><a name="[e1]"></a>__0printf</STRONG> (Thumb, 24 bytes, Stack size 24 bytes, printfa.o(i.__0printf), UNUSED)
<BR><BR>[Calls]<UL><LI><a href="#[e2]">&gt;&gt;</a>&nbsp;&nbsp;&nbsp;_printf_core
</UL>

<P><STRONG><a name="[102]"></a>__1printf</STRONG> (Thumb, 0 bytes, Stack size 24 bytes, printfa.o(i.__0printf), UNUSED)

<P><STRONG><a name="[b9]"></a>__2printf</STRONG> (Thumb, 0 bytes, Stack size 24 bytes, printfa.o(i.__0printf))
<BR><BR>[Stack]<UL><LI>Max Depth = 24<LI>Call Chain = __2printf
</UL>
<BR>[Called By]<UL><LI><a href="#[bf]">&gt;&gt;</a>&nbsp;&nbsp;&nbsp;Modbus_Wrtie_Register
<LI><a href="#[be]">&gt;&gt;</a>&nbsp;&nbsp;&nbsp;Modbus_Read_Register
<LI><a href="#[3]">&gt;&gt;</a>&nbsp;&nbsp;&nbsp;Hardware_Init
<LI><a href="#[30]">&gt;&gt;</a>&nbsp;&nbsp;&nbsp;myRTC_Init
</UL>

<P><STRONG><a name="[103]"></a>__c89printf</STRONG> (Thumb, 0 bytes, Stack size 24 bytes, printfa.o(i.__0printf), UNUSED)

<P><STRONG><a name="[104]"></a>printf</STRONG> (Thumb, 0 bytes, Stack size 24 bytes, printfa.o(i.__0printf), UNUSED)

<P><STRONG><a name="[e3]"></a>__0sprintf</STRONG> (Thumb, 36 bytes, Stack size 24 bytes, printfa.o(i.__0sprintf), UNUSED)
<BR><BR>[Calls]<UL><LI><a href="#[65]">&gt;&gt;</a>&nbsp;&nbsp;&nbsp;_sputc
<LI><a href="#[e2]">&gt;&gt;</a>&nbsp;&nbsp;&nbsp;_printf_core
</UL>

<P><STRONG><a name="[105]"></a>__1sprintf</STRONG> (Thumb, 0 bytes, Stack size 24 bytes, printfa.o(i.__0sprintf), UNUSED)

<P><STRONG><a name="[af]"></a>__2sprintf</STRONG> (Thumb, 0 bytes, Stack size 24 bytes, printfa.o(i.__0sprintf))
<BR><BR>[Stack]<UL><LI>Max Depth = 24<LI>Call Chain = __2sprintf
</UL>
<BR>[Called By]<UL><LI><a href="#[8]">&gt;&gt;</a>&nbsp;&nbsp;&nbsp;TasksHandle_100MS
<LI><a href="#[3a]">&gt;&gt;</a>&nbsp;&nbsp;&nbsp;DHT11_Read_Data
<LI><a href="#[31]">&gt;&gt;</a>&nbsp;&nbsp;&nbsp;myRTC_Refresh
<LI><a href="#[1f]">&gt;&gt;</a>&nbsp;&nbsp;&nbsp;Gtim1_Calculate
</UL>

<P><STRONG><a name="[106]"></a>__c89sprintf</STRONG> (Thumb, 0 bytes, Stack size 24 bytes, printfa.o(i.__0sprintf), UNUSED)

<P><STRONG><a name="[107]"></a>sprintf</STRONG> (Thumb, 0 bytes, Stack size 24 bytes, printfa.o(i.__0sprintf), UNUSED)

<P><STRONG><a name="[7d]"></a>__ARM_clz</STRONG> (Thumb, 46 bytes, Stack size 0 bytes, depilogue.o(i.__ARM_clz))
<BR><BR>[Called By]<UL><LI><a href="#[75]">&gt;&gt;</a>&nbsp;&nbsp;&nbsp;_double_epilogue
</UL>

<P><STRONG><a name="[cb]"></a>__ARM_common_switch8</STRONG> (Thumb, 28 bytes, Stack size 8 bytes, cw32f030_i2c.o(i.__ARM_common_switch8))
<BR><BR>[Stack]<UL><LI>Max Depth = 8<LI>Call Chain = __ARM_common_switch8
</UL>
<BR>[Called By]<UL><LI><a href="#[ca]">&gt;&gt;</a>&nbsp;&nbsp;&nbsp;RCC_Sysctrl_GetHClkFreq
</UL>

<P><STRONG><a name="[108]"></a>__scatterload_copy</STRONG> (Thumb, 14 bytes, Stack size unknown bytes, handlers.o(i.__scatterload_copy), UNUSED)

<P><STRONG><a name="[109]"></a>__scatterload_null</STRONG> (Thumb, 2 bytes, Stack size unknown bytes, handlers.o(i.__scatterload_null), UNUSED)

<P><STRONG><a name="[10a]"></a>__scatterload_zeroinit</STRONG> (Thumb, 14 bytes, Stack size unknown bytes, handlers.o(i.__scatterload_zeroinit), UNUSED)

<P><STRONG><a name="[d5]"></a>delay10us</STRONG> (Thumb, 74 bytes, Stack size 16 bytes, system_cw32f030.o(i.delay10us))
<BR><BR>[Stack]<UL><LI>Max Depth = 28<LI>Call Chain = delay10us &rArr; __aeabi_uidivmod
</UL>
<BR>[Calls]<UL><LI><a href="#[6b]">&gt;&gt;</a>&nbsp;&nbsp;&nbsp;__aeabi_uidivmod
</UL>
<BR>[Called By]<UL><LI><a href="#[4]">&gt;&gt;</a>&nbsp;&nbsp;&nbsp;System_10US_Delay
</UL>

<P><STRONG><a name="[d6]"></a>delay1ms</STRONG> (Thumb, 76 bytes, Stack size 16 bytes, system_cw32f030.o(i.delay1ms))
<BR><BR>[Stack]<UL><LI>Max Depth = 28<LI>Call Chain = delay1ms &rArr; __aeabi_uidivmod
</UL>
<BR>[Calls]<UL><LI><a href="#[6b]">&gt;&gt;</a>&nbsp;&nbsp;&nbsp;__aeabi_uidivmod
</UL>
<BR>[Called By]<UL><LI><a href="#[5]">&gt;&gt;</a>&nbsp;&nbsp;&nbsp;System_MS_Delay
</UL>

<P><STRONG><a name="[64]"></a>fputc</STRONG> (Thumb, 32 bytes, Stack size 16 bytes, public.o(i.fputc))
<BR><BR>[Stack]<UL><LI>Max Depth = 16<LI>Call Chain = fputc
</UL>
<BR>[Calls]<UL><LI><a href="#[de]">&gt;&gt;</a>&nbsp;&nbsp;&nbsp;USART_SendData_8bit
<LI><a href="#[df]">&gt;&gt;</a>&nbsp;&nbsp;&nbsp;USART_GetFlagStatus
</UL>
<BR>[Address Reference Count : 1]<UL><LI> printfa.o(i.__0printf)
</UL>
<P><STRONG><a name="[61]"></a>main</STRONG> (Thumb, 16 bytes, Stack size 0 bytes, main.o(i.main))
<BR>[Address Reference Count : 1]<UL><LI> entry9a.o(.ARM.Collect$$$$0000000B)
</UL><P>
<H3>
Local Symbols
</H3>
<P><STRONG><a name="[1]"></a>Error_Handler</STRONG> (Thumb, 10 bytes, Stack size 8 bytes, system.o(i.Error_Handler))
<BR><BR>[Stack]<UL><LI>Max Depth = 8<LI>Call Chain = Error_Handler
</UL>
<BR>[Address Reference Count : 1]<UL><LI> system.o(.data)
</UL>
<P><STRONG><a name="[0]"></a>System_Run</STRONG> (Thumb, 8 bytes, Stack size 8 bytes, system.o(i.System_Run))
<BR><BR>[Stack]<UL><LI>Max Depth = 16<LI>Call Chain = System_Run &rArr; Task_Pro_Handler
</UL>
<BR>[Calls]<UL><LI><a href="#[d7]">&gt;&gt;</a>&nbsp;&nbsp;&nbsp;Task_Pro_Handler
</UL>
<BR>[Address Reference Count : 1]<UL><LI> system.o(.data)
</UL>
<P><STRONG><a name="[2]"></a>Task_Marks_Handler</STRONG> (Thumb, 92 bytes, Stack size 0 bytes, system.o(i.Task_Marks_Handler))
<BR>[Address Reference Count : 1]<UL><LI> system.o(.data)
</UL>
<P><STRONG><a name="[d7]"></a>Task_Pro_Handler</STRONG> (Thumb, 52 bytes, Stack size 8 bytes, system.o(i.Task_Pro_Handler))
<BR><BR>[Stack]<UL><LI>Max Depth = 8<LI>Call Chain = Task_Pro_Handler
</UL>
<BR>[Called By]<UL><LI><a href="#[0]">&gt;&gt;</a>&nbsp;&nbsp;&nbsp;System_Run
</UL>

<P><STRONG><a name="[3]"></a>Hardware_Init</STRONG> (Thumb, 182 bytes, Stack size 24 bytes, system_init.o(i.Hardware_Init))
<BR><BR>[Stack]<UL><LI>Max Depth = 96<LI>Call Chain = Hardware_Init &rArr; RCC_Config &rArr; RCC_PLL_Enable
</UL>
<BR>[Calls]<UL><LI><a href="#[b8]">&gt;&gt;</a>&nbsp;&nbsp;&nbsp;InitTick
<LI><a href="#[b7]">&gt;&gt;</a>&nbsp;&nbsp;&nbsp;RCC_Config
<LI><a href="#[b9]">&gt;&gt;</a>&nbsp;&nbsp;&nbsp;__2printf
</UL>
<BR>[Address Reference Count : 1]<UL><LI> system_init.o(.data)
</UL>
<P><STRONG><a name="[b7]"></a>RCC_Config</STRONG> (Thumb, 62 bytes, Stack size 8 bytes, system_init.o(i.RCC_Config))
<BR><BR>[Stack]<UL><LI>Max Depth = 72<LI>Call Chain = RCC_Config &rArr; RCC_PLL_Enable
</UL>
<BR>[Calls]<UL><LI><a href="#[c9]">&gt;&gt;</a>&nbsp;&nbsp;&nbsp;RCC_SystemCoreClockUpdate
<LI><a href="#[c8]">&gt;&gt;</a>&nbsp;&nbsp;&nbsp;RCC_SysClk_Switch
<LI><a href="#[c6]">&gt;&gt;</a>&nbsp;&nbsp;&nbsp;RCC_PLL_Enable
<LI><a href="#[c5]">&gt;&gt;</a>&nbsp;&nbsp;&nbsp;RCC_PCLKPRS_Config
<LI><a href="#[c3]">&gt;&gt;</a>&nbsp;&nbsp;&nbsp;RCC_HSI_Enable
<LI><a href="#[c4]">&gt;&gt;</a>&nbsp;&nbsp;&nbsp;RCC_HCLKPRS_Config
<LI><a href="#[c7]">&gt;&gt;</a>&nbsp;&nbsp;&nbsp;FLASH_SetLatency
</UL>
<BR>[Called By]<UL><LI><a href="#[3]">&gt;&gt;</a>&nbsp;&nbsp;&nbsp;Hardware_Init
</UL>

<P><STRONG><a name="[6]"></a>Memory_Clear</STRONG> (Thumb, 22 bytes, Stack size 0 bytes, public.o(i.Memory_Clear))
<BR>[Address Reference Count : 1]<UL><LI> public.o(.data)
</UL>
<P><STRONG><a name="[4]"></a>System_10US_Delay</STRONG> (Thumb, 12 bytes, Stack size 8 bytes, public.o(i.System_10US_Delay))
<BR><BR>[Stack]<UL><LI>Max Depth = 36<LI>Call Chain = System_10US_Delay &rArr; delay10us &rArr; __aeabi_uidivmod
</UL>
<BR>[Calls]<UL><LI><a href="#[d5]">&gt;&gt;</a>&nbsp;&nbsp;&nbsp;delay10us
</UL>
<BR>[Address Reference Count : 1]<UL><LI> public.o(.data)
</UL>
<P><STRONG><a name="[5]"></a>System_MS_Delay</STRONG> (Thumb, 12 bytes, Stack size 8 bytes, public.o(i.System_MS_Delay))
<BR><BR>[Stack]<UL><LI>Max Depth = 36<LI>Call Chain = System_MS_Delay &rArr; delay1ms &rArr; __aeabi_uidivmod
</UL>
<BR>[Calls]<UL><LI><a href="#[d6]">&gt;&gt;</a>&nbsp;&nbsp;&nbsp;delay1ms
</UL>
<BR>[Address Reference Count : 1]<UL><LI> public.o(.data)
</UL>
<P><STRONG><a name="[8]"></a>TasksHandle_100MS</STRONG> (Thumb, 118 bytes, Stack size 32 bytes, task.o(i.TasksHandle_100MS))
<BR><BR>[Stack]<UL><LI>Max Depth = 56<LI>Call Chain = TasksHandle_100MS &rArr; __2sprintf
</UL>
<BR>[Calls]<UL><LI><a href="#[ae]">&gt;&gt;</a>&nbsp;&nbsp;&nbsp;__aeabi_f2d
<LI><a href="#[af]">&gt;&gt;</a>&nbsp;&nbsp;&nbsp;__2sprintf
</UL>
<BR>[Address Reference Count : 1]<UL><LI> task.o(.data)
</UL>
<P><STRONG><a name="[7]"></a>TasksHandle_10MS</STRONG> (Thumb, 16 bytes, Stack size 8 bytes, task.o(i.TasksHandle_10MS))
<BR><BR>[Stack]<UL><LI>Max Depth = 8<LI>Call Chain = TasksHandle_10MS
</UL>
<BR>[Address Reference Count : 1]<UL><LI> task.o(.data)
</UL>
<P><STRONG><a name="[b]"></a>TasksHandle_1S</STRONG> (Thumb, 26 bytes, Stack size 8 bytes, task.o(i.TasksHandle_1S))
<BR><BR>[Stack]<UL><LI>Max Depth = 8<LI>Call Chain = TasksHandle_1S
</UL>
<BR>[Address Reference Count : 1]<UL><LI> task.o(.data)
</UL>
<P><STRONG><a name="[c]"></a>TasksHandle_1p5S</STRONG> (Thumb, 20 bytes, Stack size 8 bytes, task.o(i.TasksHandle_1p5S))
<BR><BR>[Stack]<UL><LI>Max Depth = 8<LI>Call Chain = TasksHandle_1p5S
</UL>
<BR>[Address Reference Count : 1]<UL><LI> task.o(.data)
</UL>
<P><STRONG><a name="[9]"></a>TasksHandle_20MS</STRONG> (Thumb, 68 bytes, Stack size 8 bytes, task.o(i.TasksHandle_20MS))
<BR><BR>[Stack]<UL><LI>Max Depth = 8<LI>Call Chain = TasksHandle_20MS
</UL>
<BR>[Address Reference Count : 1]<UL><LI> task.o(.data)
</UL>
<P><STRONG><a name="[a]"></a>TasksHandle_250MS</STRONG> (Thumb, 26 bytes, Stack size 8 bytes, task.o(i.TasksHandle_250MS))
<BR><BR>[Stack]<UL><LI>Max Depth = 8<LI>Call Chain = TasksHandle_250MS
</UL>
<BR>[Address Reference Count : 1]<UL><LI> task.o(.data)
</UL>
<P><STRONG><a name="[f]"></a>Key_1_Handler</STRONG> (Thumb, 202 bytes, Stack size 8 bytes, key_1.o(i.Key_1_Handler))
<BR><BR>[Stack]<UL><LI>Max Depth = 8<LI>Call Chain = Key_1_Handler
</UL>
<BR>[Address Reference Count : 1]<UL><LI> key_1.o(.data)
</UL>
<P><STRONG><a name="[d]"></a>Key_1_Init</STRONG> (Thumb, 42 bytes, Stack size 24 bytes, key_1.o(i.Key_1_Init))
<BR><BR>[Stack]<UL><LI>Max Depth = 24<LI>Call Chain = Key_1_Init
</UL>
<BR>[Calls]<UL><LI><a href="#[a7]">&gt;&gt;</a>&nbsp;&nbsp;&nbsp;GPIO_Init
</UL>
<BR>[Address Reference Count : 1]<UL><LI> key_1.o(.data)
</UL>
<P><STRONG><a name="[bc]"></a>Key_1_Return_Value</STRONG> (Thumb, 102 bytes, Stack size 8 bytes, key_1.o(i.Key_1_Return_Value))
<BR><BR>[Stack]<UL><LI>Max Depth = 8<LI>Call Chain = Key_1_Return_Value
</UL>
<BR>[Calls]<UL><LI><a href="#[aa]">&gt;&gt;</a>&nbsp;&nbsp;&nbsp;GPIO_ReadPin
</UL>
<BR>[Called By]<UL><LI><a href="#[e]">&gt;&gt;</a>&nbsp;&nbsp;&nbsp;Key_1_Scan
</UL>

<P><STRONG><a name="[e]"></a>Key_1_Scan</STRONG> (Thumb, 172 bytes, Stack size 8 bytes, key_1.o(i.Key_1_Scan))
<BR><BR>[Stack]<UL><LI>Max Depth = 16<LI>Call Chain = Key_1_Scan &rArr; Key_1_Return_Value
</UL>
<BR>[Calls]<UL><LI><a href="#[bc]">&gt;&gt;</a>&nbsp;&nbsp;&nbsp;Key_1_Return_Value
</UL>
<BR>[Address Reference Count : 1]<UL><LI> key_1.o(.data)
</UL>
<P><STRONG><a name="[10]"></a>Key_2_Init</STRONG> (Thumb, 76 bytes, Stack size 24 bytes, key_2.o(i.Key_2_Init))
<BR><BR>[Stack]<UL><LI>Max Depth = 24<LI>Call Chain = Key_2_Init
</UL>
<BR>[Calls]<UL><LI><a href="#[a7]">&gt;&gt;</a>&nbsp;&nbsp;&nbsp;GPIO_Init
</UL>
<BR>[Address Reference Count : 1]<UL><LI> key_2.o(.data)
</UL>
<P><STRONG><a name="[14]"></a>Led_Flip</STRONG> (Thumb, 72 bytes, Stack size 8 bytes, led.o(i.Led_Flip))
<BR><BR>[Stack]<UL><LI>Max Depth = 8<LI>Call Chain = Led_Flip
</UL>
<BR>[Calls]<UL><LI><a href="#[bd]">&gt;&gt;</a>&nbsp;&nbsp;&nbsp;GPIO_TogglePin
</UL>
<BR>[Address Reference Count : 1]<UL><LI> led.o(.data)
</UL>
<P><STRONG><a name="[11]"></a>Led_Init</STRONG> (Thumb, 94 bytes, Stack size 24 bytes, led.o(i.Led_Init))
<BR><BR>[Stack]<UL><LI>Max Depth = 24<LI>Call Chain = Led_Init
</UL>
<BR>[Calls]<UL><LI><a href="#[a8]">&gt;&gt;</a>&nbsp;&nbsp;&nbsp;GPIO_WritePin
<LI><a href="#[a7]">&gt;&gt;</a>&nbsp;&nbsp;&nbsp;GPIO_Init
</UL>
<BR>[Address Reference Count : 1]<UL><LI> led.o(.data)
</UL>
<P><STRONG><a name="[13]"></a>Led_OFF</STRONG> (Thumb, 76 bytes, Stack size 8 bytes, led.o(i.Led_OFF))
<BR><BR>[Stack]<UL><LI>Max Depth = 8<LI>Call Chain = Led_OFF
</UL>
<BR>[Calls]<UL><LI><a href="#[a8]">&gt;&gt;</a>&nbsp;&nbsp;&nbsp;GPIO_WritePin
</UL>
<BR>[Address Reference Count : 1]<UL><LI> led.o(.data)
</UL>
<P><STRONG><a name="[12]"></a>Led_ON</STRONG> (Thumb, 80 bytes, Stack size 8 bytes, led.o(i.Led_ON))
<BR><BR>[Stack]<UL><LI>Max Depth = 8<LI>Call Chain = Led_ON
</UL>
<BR>[Calls]<UL><LI><a href="#[a8]">&gt;&gt;</a>&nbsp;&nbsp;&nbsp;GPIO_WritePin
</UL>
<BR>[Address Reference Count : 1]<UL><LI> led.o(.data)
</UL>
<P><STRONG><a name="[15]"></a>Buzzer_Init</STRONG> (Thumb, 50 bytes, Stack size 24 bytes, buzzer.o(i.Buzzer_Init))
<BR><BR>[Stack]<UL><LI>Max Depth = 24<LI>Call Chain = Buzzer_Init
</UL>
<BR>[Calls]<UL><LI><a href="#[a8]">&gt;&gt;</a>&nbsp;&nbsp;&nbsp;GPIO_WritePin
<LI><a href="#[a7]">&gt;&gt;</a>&nbsp;&nbsp;&nbsp;GPIO_Init
</UL>
<BR>[Address Reference Count : 1]<UL><LI> buzzer.o(.data)
</UL>
<P><STRONG><a name="[17]"></a>Buzzer_OFF</STRONG> (Thumb, 20 bytes, Stack size 8 bytes, buzzer.o(i.Buzzer_OFF))
<BR><BR>[Stack]<UL><LI>Max Depth = 8<LI>Call Chain = Buzzer_OFF
</UL>
<BR>[Calls]<UL><LI><a href="#[a8]">&gt;&gt;</a>&nbsp;&nbsp;&nbsp;GPIO_WritePin
</UL>
<BR>[Address Reference Count : 1]<UL><LI> buzzer.o(.data)
</UL>
<P><STRONG><a name="[16]"></a>Buzzer_ON</STRONG> (Thumb, 20 bytes, Stack size 8 bytes, buzzer.o(i.Buzzer_ON))
<BR><BR>[Stack]<UL><LI>Max Depth = 8<LI>Call Chain = Buzzer_ON
</UL>
<BR>[Calls]<UL><LI><a href="#[a8]">&gt;&gt;</a>&nbsp;&nbsp;&nbsp;GPIO_WritePin
</UL>
<BR>[Address Reference Count : 1]<UL><LI> buzzer.o(.data)
</UL>
<P><STRONG><a name="[18]"></a>USART1_Init</STRONG> (Thumb, 204 bytes, Stack size 48 bytes, usart1.o(i.USART1_Init))
<BR><BR>[Stack]<UL><LI>Max Depth = 208<LI>Call Chain = USART1_Init &rArr; USART_Init &rArr; __aeabi_dadd &rArr; _double_epilogue &rArr; __aeabi_llsr
</UL>
<BR>[Calls]<UL><LI><a href="#[db]">&gt;&gt;</a>&nbsp;&nbsp;&nbsp;USART_Init
<LI><a href="#[dd]">&gt;&gt;</a>&nbsp;&nbsp;&nbsp;USART_ITConfig
<LI><a href="#[dc]">&gt;&gt;</a>&nbsp;&nbsp;&nbsp;__NVIC_SetPriority
<LI><a href="#[a7]">&gt;&gt;</a>&nbsp;&nbsp;&nbsp;GPIO_Init
</UL>
<BR>[Address Reference Count : 1]<UL><LI> usart1.o(.data)
</UL>
<P><STRONG><a name="[19]"></a>USART1_Send_Array</STRONG> (Thumb, 58 bytes, Stack size 16 bytes, usart1.o(i.USART1_Send_Array))
<BR><BR>[Stack]<UL><LI>Max Depth = 16<LI>Call Chain = USART1_Send_Array
</UL>
<BR>[Calls]<UL><LI><a href="#[de]">&gt;&gt;</a>&nbsp;&nbsp;&nbsp;USART_SendData_8bit
<LI><a href="#[df]">&gt;&gt;</a>&nbsp;&nbsp;&nbsp;USART_GetFlagStatus
</UL>
<BR>[Address Reference Count : 1]<UL><LI> usart1.o(.data)
</UL>
<P><STRONG><a name="[1a]"></a>USART1_Send_String</STRONG> (Thumb, 54 bytes, Stack size 8 bytes, usart1.o(i.USART1_Send_String))
<BR><BR>[Stack]<UL><LI>Max Depth = 8<LI>Call Chain = USART1_Send_String
</UL>
<BR>[Calls]<UL><LI><a href="#[de]">&gt;&gt;</a>&nbsp;&nbsp;&nbsp;USART_SendData_8bit
<LI><a href="#[df]">&gt;&gt;</a>&nbsp;&nbsp;&nbsp;USART_GetFlagStatus
</UL>
<BR>[Address Reference Count : 1]<UL><LI> usart1.o(.data)
</UL>
<P><STRONG><a name="[dc]"></a>__NVIC_SetPriority</STRONG> (Thumb, 110 bytes, Stack size 8 bytes, usart1.o(i.__NVIC_SetPriority))
<BR><BR>[Stack]<UL><LI>Max Depth = 8<LI>Call Chain = __NVIC_SetPriority
</UL>
<BR>[Called By]<UL><LI><a href="#[18]">&gt;&gt;</a>&nbsp;&nbsp;&nbsp;USART1_Init
</UL>

<P><STRONG><a name="[1b]"></a>CRC_Check</STRONG> (Thumb, 72 bytes, Stack size 16 bytes, crc_16.o(i.CRC_Check))
<BR><BR>[Stack]<UL><LI>Max Depth = 16<LI>Call Chain = CRC_Check
</UL>
<BR>[Address Reference Count : 1]<UL><LI> crc_16.o(.data)
</UL>
<P><STRONG><a name="[be]"></a>Modbus_Read_Register</STRONG> (Thumb, 118 bytes, Stack size 16 bytes, modbus.o(i.Modbus_Read_Register))
<BR><BR>[Stack]<UL><LI>Max Depth = 40<LI>Call Chain = Modbus_Read_Register &rArr; __2printf
</UL>
<BR>[Calls]<UL><LI><a href="#[b9]">&gt;&gt;</a>&nbsp;&nbsp;&nbsp;__2printf
</UL>
<BR>[Called By]<UL><LI><a href="#[1c]">&gt;&gt;</a>&nbsp;&nbsp;&nbsp;Protocol_Analysis
</UL>

<P><STRONG><a name="[bf]"></a>Modbus_Wrtie_Register</STRONG> (Thumb, 82 bytes, Stack size 16 bytes, modbus.o(i.Modbus_Wrtie_Register))
<BR><BR>[Stack]<UL><LI>Max Depth = 40<LI>Call Chain = Modbus_Wrtie_Register &rArr; __2printf
</UL>
<BR>[Calls]<UL><LI><a href="#[b9]">&gt;&gt;</a>&nbsp;&nbsp;&nbsp;__2printf
</UL>
<BR>[Called By]<UL><LI><a href="#[1c]">&gt;&gt;</a>&nbsp;&nbsp;&nbsp;Protocol_Analysis
</UL>

<P><STRONG><a name="[1c]"></a>Protocol_Analysis</STRONG> (Thumb, 196 bytes, Stack size 24 bytes, modbus.o(i.Protocol_Analysis))
<BR><BR>[Stack]<UL><LI>Max Depth = 64<LI>Call Chain = Protocol_Analysis &rArr; Modbus_Wrtie_Register &rArr; __2printf
</UL>
<BR>[Calls]<UL><LI><a href="#[bf]">&gt;&gt;</a>&nbsp;&nbsp;&nbsp;Modbus_Wrtie_Register
<LI><a href="#[be]">&gt;&gt;</a>&nbsp;&nbsp;&nbsp;Modbus_Read_Register
</UL>
<BR>[Address Reference Count : 1]<UL><LI> modbus.o(.data)
</UL>
[...]
<LI><a href="#[1e]">&gt;&gt;</a>&nbsp;&nbsp;&nbsp;Gtim1_PWM_Output_Init
</UL>

<P><STRONG><a name="[ba]"></a>I2C_Delay</STRONG> (Thumb, 14 bytes, Stack size 0 bytes, i2c.o(i.I2C_Delay))
<BR><BR>[Called By]<UL><LI><a href="#[25]">&gt;&gt;</a>&nbsp;&nbsp;&nbsp;I2C_Write_Byte
<LI><a href="#[24]">&gt;&gt;</a>&nbsp;&nbsp;&nbsp;I2C_Stop
<LI><a href="#[23]">&gt;&gt;</a>&nbsp;&nbsp;&nbsp;I2C_Start
<LI><a href="#[26]">&gt;&gt;</a>&nbsp;&nbsp;&nbsp;I2C_Read_Byte
</UL>

<P><STRONG><a name="[22]"></a>I2C_Init</STRONG> (Thumb, 60 bytes, Stack size 24 bytes, i2c.o(i.I2C_Init))
<BR><BR>[Stack]<UL><LI>Max Depth = 24<LI>Call Chain = I2C_Init
</UL>
<BR>[Calls]<UL><LI><a href="#[a8]">&gt;&gt;</a>&nbsp;&nbsp;&nbsp;GPIO_WritePin
<LI><a href="#[a7]">&gt;&gt;</a>&nbsp;&nbsp;&nbsp;GPIO_Init
</UL>
<BR>[Address Reference Count : 1]<UL><LI> i2c.o(.data)
</UL>
<P><STRONG><a name="[26]"></a>I2C_Read_Byte</STRONG> (Thumb, 146 bytes, Stack size 16 bytes, i2c.o(i.I2C_Read_Byte))
<BR><BR>[Stack]<UL><LI>Max Depth = 16<LI>Call Chain = I2C_Read_Byte
</UL>
<BR>[Calls]<UL><LI><a href="#[a8]">&gt;&gt;</a>&nbsp;&nbsp;&nbsp;GPIO_WritePin
<LI><a href="#[aa]">&gt;&gt;</a>&nbsp;&nbsp;&nbsp;GPIO_ReadPin
<LI><a href="#[ba]">&gt;&gt;</a>&nbsp;&nbsp;&nbsp;I2C_Delay
</UL>
<BR>[Address Reference Count : 1]<UL><LI> i2c.o(.data)
</UL>
<P><STRONG><a name="[23]"></a>I2C_Start</STRONG> (Thumb, 56 bytes, Stack size 8 bytes, i2c.o(i.I2C_Start))
<BR><BR>[Stack]<UL><LI>Max Depth = 8<LI>Call Chain = I2C_Start
</UL>
<BR>[Calls]<UL><LI><a href="#[a8]">&gt;&gt;</a>&nbsp;&nbsp;&nbsp;GPIO_WritePin
<LI><a href="#[ba]">&gt;&gt;</a>&nbsp;&nbsp;&nbsp;I2C_Delay
</UL>
<BR>[Address Reference Count : 1]<UL><LI> i2c.o(.data)
</UL>
<P><STRONG><a name="[24]"></a>I2C_Stop</STRONG> (Thumb, 42 bytes, Stack size 8 bytes, i2c.o(i.I2C_Stop))
<BR><BR>[Stack]<UL><LI>Max Depth = 8<LI>Call Chain = I2C_Stop
</UL>
<BR>[Calls]<UL><LI><a href="#[a8]">&gt;&gt;</a>&nbsp;&nbsp;&nbsp;GPIO_WritePin
<LI><a href="#[ba]">&gt;&gt;</a>&nbsp;&nbsp;&nbsp;I2C_Delay
</UL>
<BR>[Address Reference Count : 1]<UL><LI> i2c.o(.data)
</UL>
<P><STRONG><a name="[25]"></a>I2C_Write_Byte</STRONG> (Thumb, 148 bytes, Stack size 16 bytes, i2c.o(i.I2C_Write_Byte))
<BR><BR>[Stack]<UL><LI>Max Depth = 16<LI>Call Chain = I2C_Write_Byte
</UL>
<BR>[Calls]<UL><LI><a href="#[a8]">&gt;&gt;</a>&nbsp;&nbsp;&nbsp;GPIO_WritePin
<LI><a href="#[aa]">&gt;&gt;</a>&nbsp;&nbsp;&nbsp;GPIO_ReadPin
<LI><a href="#[ba]">&gt;&gt;</a>&nbsp;&nbsp;&nbsp;I2C_Delay
</UL>
<BR>[Address Reference Count : 1]<UL><LI> i2c.o(.data)
</UL>
<P><STRONG><a name="[29]"></a>OLED096_Clear</STRONG> (Thumb, 56 bytes, Stack size 16 bytes, oled_096.o(i.OLED096_Clear))
<BR><BR>[Stack]<UL><LI>Max Depth = 24<LI>Call Chain = OLED096_Clear &rArr; OLED096_Write_Data
</UL>
<BR>[Calls]<UL><LI><a href="#[c1]">&gt;&gt;</a>&nbsp;&nbsp;&nbsp;OLED096_Write_Data
<LI><a href="#[c0]">&gt;&gt;</a>&nbsp;&nbsp;&nbsp;OLED096_Write_CMD
</UL>
<BR>[Address Reference Count : 1]<UL><LI> oled_096.o(.data)
</UL>
<P><STRONG><a name="[28]"></a>OLED096_Init</STRONG> (Thumb, 180 bytes, Stack size 8 bytes, oled_096.o(i.OLED096_Init))
<BR><BR>[Stack]<UL><LI>Max Depth = 16<LI>Call Chain = OLED096_Init &rArr; OLED096_Write_CMD
</UL>
<BR>[Calls]<UL><LI><a href="#[c0]">&gt;&gt;</a>&nbsp;&nbsp;&nbsp;OLED096_Write_CMD
</UL>
<BR>[Address Reference Count : 1]<UL><LI> oled_096.o(.data)
</UL>
<P><STRONG><a name="[c2]"></a>OLED096_Set_Pos</STRONG> (Thumb, 40 bytes, Stack size 16 bytes, oled_096.o(i.OLED096_Set_Pos))
<BR><BR>[Stack]<UL><LI>Max Depth = 24<LI>Call Chain = OLED096_Set_Pos &rArr; OLED096_Write_CMD
</UL>
<BR>[Calls]<UL><LI><a href="#[c0]">&gt;&gt;</a>&nbsp;&nbsp;&nbsp;OLED096_Write_CMD
</UL>
<BR>[Called By]<UL><LI><a href="#[2a]">&gt;&gt;</a>&nbsp;&nbsp;&nbsp;OLED096_Show_String
<LI><a href="#[2b]">&gt;&gt;</a>&nbsp;&nbsp;&nbsp;OLED096_Show_CHN
</UL>

<P><STRONG><a name="[2b]"></a>OLED096_Show_CHN</STRONG> (Thumb, 142 bytes, Stack size 40 bytes, oled_096.o(i.OLED096_Show_CHN))
<BR><BR>[Stack]<UL><LI>Max Depth = 64<LI>Call Chain = OLED096_Show_CHN &rArr; OLED096_Set_Pos &rArr; OLED096_Write_CMD
</UL>
<BR>[Calls]<UL><LI><a href="#[c1]">&gt;&gt;</a>&nbsp;&nbsp;&nbsp;OLED096_Write_Data
<LI><a href="#[c2]">&gt;&gt;</a>&nbsp;&nbsp;&nbsp;OLED096_Set_Pos
</UL>
<BR>[Address Reference Count : 1]<UL><LI> oled_096.o(.data)
</UL>
<P><STRONG><a name="[2a]"></a>OLED096_Show_String</STRONG> (Thumb, 140 bytes, Stack size 48 bytes, oled_096.o(i.OLED096_Show_String))
<BR><BR>[Stack]<UL><LI>Max Depth = 72<LI>Call Chain = OLED096_Show_String &rArr; OLED096_Set_Pos &rArr; OLED096_Write_CMD
</UL>
<BR>[Calls]<UL><LI><a href="#[c1]">&gt;&gt;</a>&nbsp;&nbsp;&nbsp;OLED096_Write_Data
<LI><a href="#[c2]">&gt;&gt;</a>&nbsp;&nbsp;&nbsp;OLED096_Set_Pos
</UL>
<BR>[Address Reference Count : 1]<UL><LI> oled_096.o(.data)
</UL>
<P><STRONG><a name="[c0]"></a>OLED096_Write_CMD</STRONG> (Thumb, 42 bytes, Stack size 8 bytes, oled_096.o(i.OLED096_Write_CMD))
<BR><BR>[Stack]<UL><LI>Max Depth = 8<LI>Call Chain = OLED096_Write_CMD
</UL>
<BR>[Called By]<UL><LI><a href="#[c2]">&gt;&gt;</a>&nbsp;&nbsp;&nbsp;OLED096_Set_Pos
<LI><a href="#[28]">&gt;&gt;</a>&nbsp;&nbsp;&nbsp;OLED096_Init
<LI><a href="#[29]">&gt;&gt;</a>&nbsp;&nbsp;&nbsp;OLED096_Clear
</UL>

<P><STRONG><a name="[c1]"></a>OLED096_Write_Data</STRONG> (Thumb, 42 bytes, Stack size 8 bytes, oled_096.o(i.OLED096_Write_Data))
<BR><BR>[Stack]<UL><LI>Max Depth = 8<LI>Call Chain = OLED096_Write_Data
</UL>
<BR>[Called By]<UL><LI><a href="#[2a]">&gt;&gt;</a>&nbsp;&nbsp;&nbsp;OLED096_Show_String
<LI><a href="#[2b]">&gt;&gt;</a>&nbsp;&nbsp;&nbsp;OLED096_Show_CHN
<LI><a href="#[29]">&gt;&gt;</a>&nbsp;&nbsp;&nbsp;OLED096_Clear
</UL>

<P><STRONG><a name="[27]"></a>padString</STRONG> (Thumb, 50 bytes, Stack size 16 bytes, oled_096.o(i.padString))
<BR><BR>[Stack]<UL><LI>Max Depth = 16<LI>Call Chain = padString
</UL>
<BR>[Calls]<UL><LI><a href="#[f0]">&gt;&gt;</a>&nbsp;&nbsp;&nbsp;strlen
</UL>
<BR>[Address Reference Count : 1]<UL><LI> oled_096.o(.data)
</UL>
<P><STRONG><a name="[2f]"></a>ADC1_Serial_Scan_Convert</STRONG> (Thumb, 138 bytes, Stack size 16 bytes, adc1.o(i.ADC1_Serial_Scan_Convert))
<BR><BR>[Stack]<UL><LI>Max Depth = 36<LI>Call Chain = ADC1_Serial_Scan_Convert &rArr; __aeabi_ui2f &rArr; _float_epilogue
</UL>
<BR>[Calls]<UL><LI><a href="#[86]">&gt;&gt;</a>&nbsp;&nbsp;&nbsp;ADC_SoftwareStartConvCmd
<LI><a href="#[85]">&gt;&gt;</a>&nbsp;&nbsp;&nbsp;ADC_GetSqr3Result
<LI><a href="#[84]">&gt;&gt;</a>&nbsp;&nbsp;&nbsp;ADC_GetSqr2Result
<LI><a href="#[83]">&gt;&gt;</a>&nbsp;&nbsp;&nbsp;ADC_GetSqr1Result
<LI><a href="#[82]">&gt;&gt;</a>&nbsp;&nbsp;&nbsp;ADC_GetSqr0Result
<LI><a href="#[79]">&gt;&gt;</a>&nbsp;&nbsp;&nbsp;__aeabi_ui2f
<LI><a href="#[87]">&gt;&gt;</a>&nbsp;&nbsp;&nbsp;__aeabi_fmul
</UL>
<BR>[Address Reference Count : 1]<UL><LI> adc1.o(.data)
</UL>
<P><STRONG><a name="[2d]"></a>ADC1_Serial_Scan_Init</STRONG> (Thumb, 186 bytes, Stack size 96 bytes, adc1.o(i.ADC1_Serial_Scan_Init))
<BR><BR>[Stack]<UL><LI>Max Depth = 120<LI>Call Chain = ADC1_Serial_Scan_Init &rArr; ADC_EnableIrq &rArr; ADC_EnableNvic &rArr; __NVIC_SetPriority
</UL>
<BR>[Calls]<UL><LI><a href="#[88]">&gt;&gt;</a>&nbsp;&nbsp;&nbsp;ADC_StructInit
<LI><a href="#[86]">&gt;&gt;</a>&nbsp;&nbsp;&nbsp;ADC_SoftwareStartConvCmd
<LI><a href="#[8a]">&gt;&gt;</a>&nbsp;&nbsp;&nbsp;ADC_SerialChScanModeCfg
<LI><a href="#[8b]">&gt;&gt;</a>&nbsp;&nbsp;&nbsp;ADC_ITConfig
<LI><a href="#[8c]">&gt;&gt;</a>&nbsp;&nbsp;&nbsp;ADC_EnableIrq
<LI><a href="#[8e]">&gt;&gt;</a>&nbsp;&nbsp;&nbsp;ADC_Enable
<LI><a href="#[8d]">&gt;&gt;</a>&nbsp;&nbsp;&nbsp;ADC_ClearITPendingAll
<LI><a href="#[89]">&gt;&gt;</a>&nbsp;&nbsp;&nbsp;__aeabi_memcpy4
</UL>
<BR>[Address Reference Count : 1]<UL><LI> adc1.o(.data)
</UL>
<P><STRONG><a name="[2e]"></a>ADC1_Single_Channel_One_Convert</STRONG> (Thumb, 52 bytes, Stack size 16 bytes, adc1.o(i.ADC1_Single_Channel_One_Convert))
<BR><BR>[Stack]<UL><LI>Max Depth = 36<LI>Call Chain = ADC1_Single_Channel_One_Convert &rArr; __aeabi_ui2f &rArr; _float_epilogue
</UL>
<BR>[Calls]<UL><LI><a href="#[86]">&gt;&gt;</a>&nbsp;&nbsp;&nbsp;ADC_SoftwareStartConvCmd
<LI><a href="#[91]">&gt;&gt;</a>&nbsp;&nbsp;&nbsp;ADC_GetITStatus
<LI><a href="#[90]">&gt;&gt;</a>&nbsp;&nbsp;&nbsp;ADC_GetConversionValue
<LI><a href="#[8f]">&gt;&gt;</a>&nbsp;&nbsp;&nbsp;ADC_ClearITPendingBit
<LI><a href="#[79]">&gt;&gt;</a>&nbsp;&nbsp;&nbsp;__aeabi_ui2f
<LI><a href="#[87]">&gt;&gt;</a>&nbsp;&nbsp;&nbsp;__aeabi_fmul
</UL>
<BR>[Address Reference Count : 1]<UL><LI> adc1.o(.data)
</UL>
<P><STRONG><a name="[2c]"></a>ADC1_Single_Channel_One_Init</STRONG> (Thumb, 112 bytes, Stack size 80 bytes, adc1.o(i.ADC1_Single_Channel_One_Init))
<BR><BR>[Stack]<UL><LI>Max Depth = 96<LI>Call Chain = ADC1_Single_Channel_One_Init &rArr; ADC_SingleChOneModeCfg &rArr; ADC_SingleChCommon
</UL>
<BR>[Calls]<UL><LI><a href="#[86]">&gt;&gt;</a>&nbsp;&nbsp;&nbsp;ADC_SoftwareStartConvCmd
<LI><a href="#[92]">&gt;&gt;</a>&nbsp;&nbsp;&nbsp;ADC_SingleChOneModeCfg
<LI><a href="#[8e]">&gt;&gt;</a>&nbsp;&nbsp;&nbsp;ADC_Enable
</UL>
<BR>[Address Reference Count : 1]<UL><LI> adc1.o(.data)
</UL>
<P><STRONG><a name="[34]"></a>myRTC_Alarm_A_Init</STRONG> (Thumb, 86 bytes, Stack size 16 bytes, rtc.o(i.myRTC_Alarm_A_Init))
<BR><BR>[Stack]<UL><LI>Max Depth = 24<LI>Call Chain = myRTC_Alarm_A_Init &rArr; RTC_SetAlarm
</UL>
<BR>[Calls]<UL><LI><a href="#[e8]">&gt;&gt;</a>&nbsp;&nbsp;&nbsp;RTC_SetAlarm
<LI><a href="#[ea]">&gt;&gt;</a>&nbsp;&nbsp;&nbsp;RTC_ITConfig
<LI><a href="#[e9]">&gt;&gt;</a>&nbsp;&nbsp;&nbsp;RTC_AlarmCmd
</UL>
<BR>[Address Reference Count : 1]<UL><LI> rtc.o(.data)
</UL>
<P><STRONG><a name="[eb]"></a>myRTC_Calculate_Date</STRONG> (Thumb, 102 bytes, Stack size 24 bytes, rtc.o(i.myRTC_Calculate_Date))
<BR><BR>[Stack]<UL><LI>Max Depth = 52<LI>Call Chain = myRTC_Calculate_Date &rArr; __aeabi_idivmod &rArr; __aeabi_uidivmod
</UL>
<BR>[Calls]<UL><LI><a href="#[6a]">&gt;&gt;</a>&nbsp;&nbsp;&nbsp;__aeabi_idivmod
</UL>
<BR>[Called By]<UL><LI><a href="#[33]">&gt;&gt;</a>&nbsp;&nbsp;&nbsp;myRTC_Set_Date
<LI><a href="#[30]">&gt;&gt;</a>&nbsp;&nbsp;&nbsp;myRTC_Init
</UL>

<P><STRONG><a name="[ec]"></a>myRTC_Calculate_Time</STRONG> (Thumb, 104 bytes, Stack size 40 bytes, rtc.o(i.myRTC_Calculate_Time))
<BR><BR>[Stack]<UL><LI>Max Depth = 68<LI>Call Chain = myRTC_Calculate_Time &rArr; __aeabi_idivmod &rArr; __aeabi_uidivmod
</UL>
<BR>[Calls]<UL><LI><a href="#[6a]">&gt;&gt;</a>&nbsp;&nbsp;&nbsp;__aeabi_idivmod
</UL>
<BR>[Called By]<UL><LI><a href="#[32]">&gt;&gt;</a>&nbsp;&nbsp;&nbsp;myRTC_Set_Time
<LI><a href="#[30]">&gt;&gt;</a>&nbsp;&nbsp;&nbsp;myRTC_Init
</UL>

<P><STRONG><a name="[30]"></a>myRTC_Init</STRONG> (Thumb, 158 bytes, Stack size 48 bytes, rtc.o(i.myRTC_Init))
<BR><BR>[Stack]<UL><LI>Max Depth = 116<LI>Call Chain = myRTC_Init &rArr; myRTC_Calculate_Time &rArr; __aeabi_idivmod &rArr; __aeabi_uidivmod
</UL>
<BR>[Calls]<UL><LI><a href="#[ce]">&gt;&gt;</a>&nbsp;&nbsp;&nbsp;RTC_Init
<LI><a href="#[ed]">&gt;&gt;</a>&nbsp;&nbsp;&nbsp;RCC_LSE_Enable
<LI><a href="#[ec]">&gt;&gt;</a>&nbsp;&nbsp;&nbsp;myRTC_Calculate_Time
<LI><a href="#[eb]">&gt;&gt;</a>&nbsp;&nbsp;&nbsp;myRTC_Calculate_Date
<LI><a href="#[b9]">&gt;&gt;</a>&nbsp;&nbsp;&nbsp;__2printf
</UL>
<BR>[Address Reference Count : 1]<UL><LI> rtc.o(.data)
</UL>
<P><STRONG><a name="[31]"></a>myRTC_Refresh</STRONG> (Thumb, 112 bytes, Stack size 8 bytes, rtc.o(i.myRTC_Refresh))
<BR><BR>[Stack]<UL><LI>Max Depth = 32<LI>Call Chain = myRTC_Refresh &rArr; __2sprintf
</UL>
<BR>[Calls]<UL><LI><a href="#[ef]">&gt;&gt;</a>&nbsp;&nbsp;&nbsp;RTC_GetTime
<LI><a href="#[ee]">&gt;&gt;</a>&nbsp;&nbsp;&nbsp;RTC_GetDate
<LI><a href="#[af]">&gt;&gt;</a>&nbsp;&nbsp;&nbsp;__2sprintf
</UL>
<BR>[Address Reference Count : 1]<UL><LI> rtc.o(.data)
</UL>
<P><STRONG><a name="[33]"></a>myRTC_Set_Date</STRONG> (Thumb, 46 bytes, Stack size 32 bytes, rtc.o(i.myRTC_Set_Date))
<BR><BR>[Stack]<UL><LI>Max Depth = 84<LI>Call Chain = myRTC_Set_Date &rArr; myRTC_Calculate_Date &rArr; __aeabi_idivmod &rArr; __aeabi_uidivmod
</UL>
<BR>[Calls]<UL><LI><a href="#[d2]">&gt;&gt;</a>&nbsp;&nbsp;&nbsp;RTC_SetDate
<LI><a href="#[eb]">&gt;&gt;</a>&nbsp;&nbsp;&nbsp;myRTC_Calculate_Date
</UL>
<BR>[Address Reference Count : 1]<UL><LI> rtc.o(.data)
</UL>
<P><STRONG><a name="[32]"></a>myRTC_Set_Time</STRONG> (Thumb, 54 bytes, Stack size 32 bytes, rtc.o(i.myRTC_Set_Time))
<BR><BR>[Stack]<UL><LI>Max Depth = 100<LI>Call Chain = myRTC_Set_Time &rArr; myRTC_Calculate_Time &rArr; __aeabi_idivmod &rArr; __aeabi_uidivmod
</UL>
<BR>[Calls]<UL><LI><a href="#[d3]">&gt;&gt;</a>&nbsp;&nbsp;&nbsp;RTC_SetTime
<LI><a href="#[ec]">&gt;&gt;</a>&nbsp;&nbsp;&nbsp;myRTC_Calculate_Time
</UL>
<BR>[Address Reference Count : 1]<UL><LI> rtc.o(.data)
</UL>
<P><STRONG><a name="[35]"></a>Menu_Page1</STRONG> (Thumb, 106 bytes, Stack size 8 bytes, menu.o(i.Menu_Page1))
<BR><BR>[Stack]<UL><LI>Max Depth = 8<LI>Call Chain = Menu_Page1
</UL>
<BR>[Address Reference Count : 1]<UL><LI> menu.o(.data)
</UL>
<P><STRONG><a name="[36]"></a>Menu_Page2</STRONG> (Thumb, 98 bytes, Stack size 8 bytes, menu.o(i.Menu_Page2))
<BR><BR>[Stack]<UL><LI>Max Depth = 8<LI>Call Chain = Menu_Page2
</UL>
<BR>[Address Reference Count : 1]<UL><LI> menu.o(.data)
</UL>
<P><STRONG><a name="[37]"></a>Menu_Page3</STRONG> (Thumb, 82 bytes, Stack size 8 bytes, menu.o(i.Menu_Page3))
<BR><BR>[Stack]<UL><LI>Max Depth = 8<LI>Call Chain = Menu_Page3
</UL>
<BR>[Address Reference Count : 1]<UL><LI> menu.o(.data)
</UL>
<P><STRONG><a name="[38]"></a>Menu_Page4</STRONG> (Thumb, 98 bytes, Stack size 8 bytes, menu.o(i.Menu_Page4))
<BR><BR>[Stack]<UL><LI>Max Depth = 8<LI>Call Chain = Menu_Page4
</UL>
<BR>[Address Reference Count : 1]<UL><LI> menu.o(.data)
</UL>
<P><STRONG><a name="[a9]"></a>DHT11_Check</STRONG> (Thumb, 100 bytes, Stack size 8 bytes, dht11.o(i.DHT11_Check))
<BR><BR>[Stack]<UL><LI>Max Depth = 8<LI>Call Chain = DHT11_Check
</UL>
<BR>[Calls]<UL><LI><a href="#[aa]">&gt;&gt;</a>&nbsp;&nbsp;&nbsp;GPIO_ReadPin
</UL>
<BR>[Called By]<UL><LI><a href="#[3a]">&gt;&gt;</a>&nbsp;&nbsp;&nbsp;DHT11_Read_Data
<LI><a href="#[39]">&gt;&gt;</a>&nbsp;&nbsp;&nbsp;DHT11_Init
</UL>

<P><STRONG><a name="[39]"></a>DHT11_Init</STRONG> (Thumb, 50 bytes, Stack size 24 bytes, dht11.o(i.DHT11_Init))
<BR><BR>[Stack]<UL><LI>Max Depth = 32<LI>Call Chain = DHT11_Init &rArr; DHT11_Rest
</UL>
<BR>[Calls]<UL><LI><a href="#[a7]">&gt;&gt;</a>&nbsp;&nbsp;&nbsp;GPIO_Init
<LI><a href="#[ab]">&gt;&gt;</a>&nbsp;&nbsp;&nbsp;DHT11_Rest
<LI><a href="#[a9]">&gt;&gt;</a>&nbsp;&nbsp;&nbsp;DHT11_Check
</UL>
<BR>[Address Reference Count : 1]<UL><LI> dht11.o(.data)
</UL>
<P><STRONG><a name="[ac]"></a>DHT11_Read_Bit</STRONG> (Thumb, 94 bytes, Stack size 8 bytes, dht11.o(i.DHT11_Read_Bit))
<BR><BR>[Stack]<UL><LI>Max Depth = 8<LI>Call Chain = DHT11_Read_Bit
</UL>
<BR>[Calls]<UL><LI><a href="#[aa]">&gt;&gt;</a>&nbsp;&nbsp;&nbsp;GPIO_ReadPin
</UL>
<BR>[Called By]<UL><LI><a href="#[ad]">&gt;&gt;</a>&nbsp;&nbsp;&nbsp;DHT11_Read_Byte
</UL>

<P><STRONG><a name="[ad]"></a>DHT11_Read_Byte</STRONG> (Thumb, 30 bytes, Stack size 16 bytes, dht11.o(i.DHT11_Read_Byte))
<BR><BR>[Stack]<UL><LI>Max Depth = 24<LI>Call Chain = DHT11_Read_Byte &rArr; DHT11_Read_Bit
</UL>
<BR>[Calls]<UL><LI><a href="#[ac]">&gt;&gt;</a>&nbsp;&nbsp;&nbsp;DHT11_Read_Bit
</UL>
<BR>[Called By]<UL><LI><a href="#[3a]">&gt;&gt;</a>&nbsp;&nbsp;&nbsp;DHT11_Read_Data
</UL>

<P><STRONG><a name="[3a]"></a>DHT11_Read_Data</STRONG> (Thumb, 176 bytes, Stack size 40 bytes, dht11.o(i.DHT11_Read_Data))
<BR><BR>[Stack]<UL><LI>Max Depth = 76<LI>Call Chain = DHT11_Read_Data &rArr; __aeabi_fadd &rArr; _float_epilogue
</UL>
<BR>[Calls]<UL><LI><a href="#[ae]">&gt;&gt;</a>&nbsp;&nbsp;&nbsp;__aeabi_f2d
<LI><a href="#[6c]">&gt;&gt;</a>&nbsp;&nbsp;&nbsp;__aeabi_fadd
<LI><a href="#[ab]">&gt;&gt;</a>&nbsp;&nbsp;&nbsp;DHT11_Rest
<LI><a href="#[ad]">&gt;&gt;</a>&nbsp;&nbsp;&nbsp;DHT11_Read_Byte
<LI><a href="#[a9]">&gt;&gt;</a>&nbsp;&nbsp;&nbsp;DHT11_Check
<LI><a href="#[79]">&gt;&gt;</a>&nbsp;&nbsp;&nbsp;__aeabi_ui2f
<LI><a href="#[71]">&gt;&gt;</a>&nbsp;&nbsp;&nbsp;__aeabi_fdiv
<LI><a href="#[af]">&gt;&gt;</a>&nbsp;&nbsp;&nbsp;__2sprintf
</UL>
<BR>[Address Reference Count : 1]<UL><LI> dht11.o(.data)
</UL>
<P><STRONG><a name="[ab]"></a>DHT11_Rest</STRONG> (Thumb, 48 bytes, Stack size 8 bytes, dht11.o(i.DHT11_Rest))
<BR><BR>[Stack]<UL><LI>Max Depth = 8<LI>Call Chain = DHT11_Rest
</UL>
<BR>[Called By]<UL><LI><a href="#[3a]">&gt;&gt;</a>&nbsp;&nbsp;&nbsp;DHT11_Read_Data
<LI><a href="#[39]">&gt;&gt;</a>&nbsp;&nbsp;&nbsp;DHT11_Init
</UL>

<P><STRONG><a name="[94]"></a>__NVIC_ClearPendingIRQ</STRONG> (Thumb, 18 bytes, Stack size 0 bytes, cw32f030_adc.o(i.__NVIC_ClearPendingIRQ))
<BR><BR>[Called By]<UL><LI><a href="#[93]">&gt;&gt;</a>&nbsp;&nbsp;&nbsp;ADC_EnableNvic
</UL>

<P><STRONG><a name="[95]"></a>__NVIC_SetPriority</STRONG> (Thumb, 110 bytes, Stack size 8 bytes, cw32f030_adc.o(i.__NVIC_SetPriority))
<BR><BR>[Stack]<UL><LI>Max Depth = 8<LI>Call Chain = __NVIC_SetPriority
</UL>
<BR>[Called By]<UL><LI><a href="#[93]">&gt;&gt;</a>&nbsp;&nbsp;&nbsp;ADC_EnableNvic
</UL>

<P><STRONG><a name="[bb]"></a>__NVIC_SetPriority</STRONG> (Thumb, 110 bytes, Stack size 8 bytes, cw32f030_systick.o(i.__NVIC_SetPriority))
<BR><BR>[Stack]<UL><LI>Max Depth = 8<LI>Call Chain = __NVIC_SetPriority
</UL>
<BR>[Called By]<UL><LI><a href="#[b8]">&gt;&gt;</a>&nbsp;&nbsp;&nbsp;InitTick
</UL>

<P><STRONG><a name="[e4]"></a>_fp_digits</STRONG> (Thumb, 344 bytes, Stack size 64 bytes, printfa.o(i._fp_digits), UNUSED)
<BR><BR>[Calls]<UL><LI><a href="#[72]">&gt;&gt;</a>&nbsp;&nbsp;&nbsp;__aeabi_dadd
<LI><a href="#[7c]">&gt;&gt;</a>&nbsp;&nbsp;&nbsp;__aeabi_uldivmod
<LI><a href="#[7e]">&gt;&gt;</a>&nbsp;&nbsp;&nbsp;__aeabi_dmul
<LI><a href="#[7f]">&gt;&gt;</a>&nbsp;&nbsp;&nbsp;__aeabi_ddiv
<LI><a href="#[80]">&gt;&gt;</a>&nbsp;&nbsp;&nbsp;__aeabi_d2ulz
<LI><a href="#[e5]">&gt;&gt;</a>&nbsp;&nbsp;&nbsp;__aeabi_cdrcmple
</UL>
<BR>[Called By]<UL><LI><a href="#[e2]">&gt;&gt;</a>&nbsp;&nbsp;&nbsp;_printf_core
</UL>

<P><STRONG><a name="[e2]"></a>_printf_core</STRONG> (Thumb, 1760 bytes, Stack size 128 bytes, printfa.o(i._printf_core), UNUSED)
<BR><BR>[Calls]<UL><LI><a href="#[6b]">&gt;&gt;</a>&nbsp;&nbsp;&nbsp;__aeabi_uidivmod
<LI><a href="#[7c]">&gt;&gt;</a>&nbsp;&nbsp;&nbsp;__aeabi_uldivmod
<LI><a href="#[e6]">&gt;&gt;</a>&nbsp;&nbsp;&nbsp;_printf_pre_padding
<LI><a href="#[e7]">&gt;&gt;</a>&nbsp;&nbsp;&nbsp;_printf_post_padding
<LI><a href="#[e4]">&gt;&gt;</a>&nbsp;&nbsp;&nbsp;_fp_digits
</UL>
<BR>[Called By]<UL><LI><a href="#[e3]">&gt;&gt;</a>&nbsp;&nbsp;&nbsp;__0sprintf
<LI><a href="#[e1]">&gt;&gt;</a>&nbsp;&nbsp;&nbsp;__0printf
</UL>

<P><STRONG><a name="[e7]"></a>_printf_post_padding</STRONG> (Thumb, 32 bytes, Stack size 24 bytes, printfa.o(i._printf_post_padding), UNUSED)
<BR><BR>[Called By]<UL><LI><a href="#[e2]">&gt;&gt;</a>&nbsp;&nbsp;&nbsp;_printf_core
</UL>

<P><STRONG><a name="[e6]"></a>_printf_pre_padding</STRONG> (Thumb, 44 bytes, Stack size 40 bytes, printfa.o(i._printf_pre_padding), UNUSED)
<BR><BR>[Called By]<UL><LI><a href="#[e2]">&gt;&gt;</a>&nbsp;&nbsp;&nbsp;_printf_core
</UL>

<P><STRONG><a name="[65]"></a>_sputc</STRONG> (Thumb, 10 bytes, Stack size 0 bytes, printfa.o(i._sputc))
<BR><BR>[Called By]<UL><LI><a href="#[e3]">&gt;&gt;</a>&nbsp;&nbsp;&nbsp;__0sprintf
</UL>
<BR>[Address Reference Count : 1]<UL><LI> printfa.o(i.__0sprintf)
</UL><P>
<H3>
Undefined Global Symbols
</H3>
<P><STRONG><a name="[69]"></a>__arm_fini_</STRONG> (Unknown, 0 bytes, Stack size 0 bytes, UNDEFINED)
<BR><BR>[Called By]<UL><LI><a href="#[68]">&gt;&gt;</a>&nbsp;&nbsp;&nbsp;__rt_lib_shutdown_fini
</UL>
<HR></body></html>
