Component: ARM Compiler 5.06 update 7 (build 960) Tool: armlink [4d3601]

==============================================================================

Section Cross References

    main.o(i.main) refers to system_init.o(.data) for System_Init
    main.o(i.main) refers to system.o(.data) for System
    system.o(i.Error_Handler) refers to buzzer.o(.data) for Buzzer
    system.o(i.System_Run) refers to system.o(i.Task_Pro_Handler) for Task_Pro_Handler
    system.o(i.Task_Marks_Handler) refers to task.o(.data) for Task
    system.o(i.Task_Pro_Handler) refers to task.o(.data) for Task
    system.o(.data) refers to system.o(i.System_Run) for System_Run
    system.o(.data) refers to system.o(i.Error_Handler) for Error_Handler
    system.o(.data) refers to system.o(i.Task_Marks_Handler) for Task_Marks_Handler
    system_init.o(i.Hardware_Init) refers to system_init.o(i.RCC_Config) for RCC_Config
    system_init.o(i.Hardware_Init) refers to cw32f030_systick.o(i.InitTick) for InitTick
    system_init.o(i.Hardware_Init) refers to printfa.o(i.__0printf) for __2printf
    system_init.o(i.Hardware_Init) refers to public.o(.data) for Public
    system_init.o(i.Hardware_Init) refers to btim.o(.data) for Btim
    system_init.o(i.Hardware_Init) refers to led.o(.data) for Led
    system_init.o(i.Hardware_Init) refers to key_1.o(.data) for Key_1
    system_init.o(i.Hardware_Init) refers to key_2.o(.data) for Key_2
    system_init.o(i.Hardware_Init) refers to buzzer.o(.data) for Buzzer
    system_init.o(i.Hardware_Init) refers to i2c.o(.data) for I2C_Soft
    system_init.o(i.Hardware_Init) refers to oled_096.o(.data) for OLED096
    system_init.o(i.Hardware_Init) refers to adc1.o(.data) for ADC_1
    system_init.o(i.Hardware_Init) refers to usart1.o(.data) for USART1
    system_init.o(i.Hardware_Init) refers to rtc.o(.data) for myRTC
    system_init.o(i.Hardware_Init) refers to dht11.o(.data) for DHT11
    system_init.o(i.Hardware_Init) refers to system_init.o(.data) for Init_Cnt
    system_init.o(i.Hardware_Init) refers to gtim.o(.data) for Gtim
    system_init.o(i.RCC_Config) refers to cw32f030_rcc.o(i.RCC_HSI_Enable) for RCC_HSI_Enable
    system_init.o(i.RCC_Config) refers to cw32f030_rcc.o(i.RCC_HCLKPRS_Config) for RCC_HCLKPRS_Config
    system_init.o(i.RCC_Config) refers to cw32f030_rcc.o(i.RCC_PCLKPRS_Config) for RCC_PCLKPRS_Config
    system_init.o(i.RCC_Config) refers to cw32f030_rcc.o(i.RCC_PLL_Enable) for RCC_PLL_Enable
    system_init.o(i.RCC_Config) refers to cw32f030_flash.o(i.FLASH_SetLatency) for FLASH_SetLatency
    system_init.o(i.RCC_Config) refers to cw32f030_rcc.o(i.RCC_SysClk_Switch) for RCC_SysClk_Switch
    system_init.o(i.RCC_Config) refers to cw32f030_rcc.o(i.RCC_SystemCoreClockUpdate) for RCC_SystemCoreClockUpdate
    system_init.o(.data) refers to system_init.o(i.Hardware_Init) for Hardware_Init
    callback.o(i.ADC_IRQHandler) refers to adc1.o(.data) for ADC_1
    callback.o(i.ATIM_IRQHandler) refers to cw32f030_atim.o(i.ATIM_GetITStatus) for ATIM_GetITStatus
    callback.o(i.ATIM_IRQHandler) refers to cw32f030_atim.o(i.ATIM_ClearITPendingBit) for ATIM_ClearITPendingBit
    callback.o(i.BTIM1_IRQHandler) refers to cw32f030_btim.o(i.BTIM_GetITStatus) for BTIM_GetITStatus
    callback.o(i.BTIM1_IRQHandler) refers to cw32f030_btim.o(i.BTIM_ClearITPendingBit) for BTIM_ClearITPendingBit
    callback.o(i.BTIM1_IRQHandler) refers to callback.o(.data) for count_100ms
    callback.o(i.BTIM1_IRQHandler) refers to system.o(.data) for System
    callback.o(i.BTIM1_IRQHandler) refers to key_1.o(.data) for Key_1
    callback.o(i.GPIOB_IRQHandler) refers to led.o(.data) for Led
    callback.o(i.GTIM1_IRQHandler) refers to cw32f030_gtim.o(i.GTIM_ClearITPendingBit) for GTIM_ClearITPendingBit
    callback.o(i.RTC_IRQHandler) refers to cw32f030_rtc.o(i.RTC_GetITState) for RTC_GetITState
    callback.o(i.RTC_IRQHandler) refers to cw32f030_rtc.o(i.RTC_ClearITPendingBit) for RTC_ClearITPendingBit
    callback.o(i.RTC_IRQHandler) refers to buzzer.o(.data) for Buzzer
    callback.o(i.UART1_IRQHandler) refers to cw32f030_uart.o(i.USART_GetITStatus) for USART_GetITStatus
    callback.o(i.UART1_IRQHandler) refers to cw32f030_uart.o(i.USART_ReceiveData_8bit) for USART_ReceiveData_8bit
    callback.o(i.UART1_IRQHandler) refers to cw32f030_uart.o(i.USART_ClearITPendingBit) for USART_ClearITPendingBit
    callback.o(i.UART1_IRQHandler) refers to usart1.o(.data) for USART1
    callback.o(i.UART1_IRQHandler) refers to modbus.o(.data) for Modbus
    public.o(i.System_10US_Delay) refers to system_cw32f030.o(i.delay10us) for delay10us
    public.o(i.System_MS_Delay) refers to system_cw32f030.o(i.delay1ms) for delay1ms
    public.o(i.fputc) refers to cw32f030_uart.o(i.USART_SendData_8bit) for USART_SendData_8bit
    public.o(i.fputc) refers to cw32f030_uart.o(i.USART_GetFlagStatus) for USART_GetFlagStatus
[...]
    .text                                    0x000005f0   Section        0  iusefp.o(.text)
    .text                                    0x000005f0   Section        0  fepilogue.o(.text)
    .text                                    0x00000672   Section        0  depilogue.o(.text)
    .text                                    0x00000730   Section        0  dmul.o(.text)
    .text                                    0x00000800   Section        0  ddiv.o(.text)
    .text                                    0x000008f0   Section        0  dfixul.o(.text)
    .text                                    0x00000930   Section       40  cdrcmple.o(.text)
    .text                                    0x00000958   Section       36  init.o(.text)
    .text                                    0x0000097c   Section        0  __dczerorl2.o(.text)
    i.ADC1_Serial_Scan_Convert               0x000009d4   Section        0  adc1.o(i.ADC1_Serial_Scan_Convert)
    ADC1_Serial_Scan_Convert                 0x000009d5   Thumb Code   138  adc1.o(i.ADC1_Serial_Scan_Convert)
    i.ADC1_Serial_Scan_Init                  0x00000a68   Section        0  adc1.o(i.ADC1_Serial_Scan_Init)
    ADC1_Serial_Scan_Init                    0x00000a69   Thumb Code   186  adc1.o(i.ADC1_Serial_Scan_Init)
    i.ADC1_Single_Channel_One_Convert        0x00000b2c   Section        0  adc1.o(i.ADC1_Single_Channel_One_Convert)
    ADC1_Single_Channel_One_Convert          0x00000b2d   Thumb Code    52  adc1.o(i.ADC1_Single_Channel_One_Convert)
    i.ADC1_Single_Channel_One_Init           0x00000b68   Section        0  adc1.o(i.ADC1_Single_Channel_One_Init)
    ADC1_Single_Channel_One_Init             0x00000b69   Thumb Code   112  adc1.o(i.ADC1_Single_Channel_One_Init)
    i.ADC_BufEnSerialCh                      0x00000bdc   Section        0  cw32f030_adc.o(i.ADC_BufEnSerialCh)
    i.ADC_BufEnSingleCh                      0x00000c20   Section        0  cw32f030_adc.o(i.ADC_BufEnSingleCh)
    i.ADC_ClearITPendingAll                  0x00000c64   Section        0  cw32f030_adc.o(i.ADC_ClearITPendingAll)
    i.ADC_ClearITPendingBit                  0x00000c78   Section        0  cw32f030_adc.o(i.ADC_ClearITPendingBit)
    i.ADC_Enable                             0x00000c88   Section        0  cw32f030_adc.o(i.ADC_Enable)
    i.ADC_EnableIrq                          0x00000ca8   Section        0  cw32f030_adc.o(i.ADC_EnableIrq)
    i.ADC_EnableNvic                         0x00000cb4   Section        0  cw32f030_adc.o(i.ADC_EnableNvic)
    i.ADC_GetConversionValue                 0x00000cec   Section        0  cw32f030_adc.o(i.ADC_GetConversionValue)
    i.ADC_GetITStatus                        0x00000cf8   Section        0  cw32f030_adc.o(i.ADC_GetITStatus)
    i.ADC_GetSqr0Result                      0x00000d10   Section        0  cw32f030_adc.o(i.ADC_GetSqr0Result)
    i.ADC_GetSqr1Result                      0x00000d24   Section        0  cw32f030_adc.o(i.ADC_GetSqr1Result)
    i.ADC_GetSqr2Result                      0x00000d38   Section        0  cw32f030_adc.o(i.ADC_GetSqr2Result)
    i.ADC_GetSqr3Result                      0x00000d4c   Section        0  cw32f030_adc.o(i.ADC_GetSqr3Result)
    i.ADC_IRQHandler                         0x00000d60   Section        0  callback.o(i.ADC_IRQHandler)
    i.ADC_ITConfig                           0x00000d78   Section        0  cw32f030_adc.o(i.ADC_ITConfig)
    i.ADC_Init                               0x00000da0   Section        0  cw32f030_adc.o(i.ADC_Init)
    i.ADC_SerialChCommon                     0x00000e28   Section        0  cw32f030_adc.o(i.ADC_SerialChCommon)
    i.ADC_SerialChScanModeCfg                0x00000e7c   Section        0  cw32f030_adc.o(i.ADC_SerialChScanModeCfg)
    i.ADC_SingleChCommon                     0x00000e9c   Section        0  cw32f030_adc.o(i.ADC_SingleChCommon)
    i.ADC_SingleChOneModeCfg                 0x00000edc   Section        0  cw32f030_adc.o(i.ADC_SingleChOneModeCfg)
    i.ADC_SoftwareStartConvCmd               0x00000ef8   Section        0  cw32f030_adc.o(i.ADC_SoftwareStartConvCmd)
    i.ADC_Sqr01ChannelCfg                    0x00000f1c   Section        0  cw32f030_adc.o(i.ADC_Sqr01ChannelCfg)
    i.ADC_Sqr02ChannelCfg                    0x00000f50   Section        0  cw32f030_adc.o(i.ADC_Sqr02ChannelCfg)
    i.ADC_Sqr03ChannelCfg                    0x00000f90   Section        0  cw32f030_adc.o(i.ADC_Sqr03ChannelCfg)
    i.ADC_Sqr0ChannelCfg                     0x00000fd8   Section        0  cw32f030_adc.o(i.ADC_Sqr0ChannelCfg)
    i.ADC_StructInit                         0x00001000   Section        0  cw32f030_adc.o(i.ADC_StructInit)
    i.ADC_WdtConfig                          0x0000101c   Section        0  cw32f030_adc.o(i.ADC_WdtConfig)
    i.ATIM_ClearITPendingBit                 0x00001070   Section        0  cw32f030_atim.o(i.ATIM_ClearITPendingBit)
    i.ATIM_GetITStatus                       0x0000107c   Section        0  cw32f030_atim.o(i.ATIM_GetITStatus)
    i.ATIM_IRQHandler                        0x00001094   Section        0  callback.o(i.ATIM_IRQHandler)
    i.BTIM1_IRQHandler                       0x000010cc   Section        0  callback.o(i.BTIM1_IRQHandler)
    i.BTIM1_Init                             0x0000111c   Section        0  btim.o(i.BTIM1_Init)
    BTIM1_Init                               0x0000111d   Thumb Code    92  btim.o(i.BTIM1_Init)
    i.BTIM_ClearITPendingBit                 0x00001184   Section        0  cw32f030_btim.o(i.BTIM_ClearITPendingBit)
    i.BTIM_Cmd                               0x0000118c   Section        0  cw32f030_btim.o(i.BTIM_Cmd)
    i.BTIM_GetITStatus                       0x000011a4   Section        0  cw32f030_btim.o(i.BTIM_GetITStatus)
    i.BTIM_ITConfig                          0x000011b6   Section        0  cw32f030_btim.o(i.BTIM_ITConfig)
    i.BTIM_TimeBaseInit                      0x000011cc   Section        0  cw32f030_btim.o(i.BTIM_TimeBaseInit)
    i.Buzzer_Init                            0x000011ec   Section        0  buzzer.o(i.Buzzer_Init)
    Buzzer_Init                              0x000011ed   Thumb Code    50  buzzer.o(i.Buzzer_Init)
    i.Buzzer_OFF                             0x0000122c   Section        0  buzzer.o(i.Buzzer_OFF)
    Buzzer_OFF                               0x0000122d   Thumb Code    20  buzzer.o(i.Buzzer_OFF)
    i.Buzzer_ON                              0x00001248   Section        0  buzzer.o(i.Buzzer_ON)
    Buzzer_ON                                0x00001249   Thumb Code    20  buzzer.o(i.Buzzer_ON)
    i.CRC_Check                              0x00001264   Section        0  crc_16.o(i.CRC_Check)
    CRC_Check                                0x00001265   Thumb Code    72  crc_16.o(i.CRC_Check)
    i.DHT11_Check                            0x000012b4   Section        0  dht11.o(i.DHT11_Check)
    DHT11_Check                              0x000012b5   Thumb Code   100  dht11.o(i.DHT11_Check)
    i.DHT11_Init                             0x00001320   Section        0  dht11.o(i.DHT11_Init)
    DHT11_Init                               0x00001321   Thumb Code    50  dht11.o(i.DHT11_Init)
    i.DHT11_Read_Bit                         0x00001360   Section        0  dht11.o(i.DHT11_Read_Bit)
    DHT11_Read_Bit                           0x00001361   Thumb Code    94  dht11.o(i.DHT11_Read_Bit)
    i.DHT11_Read_Byte                        0x000013c8   Section        0  dht11.o(i.DHT11_Read_Byte)
    DHT11_Read_Byte                          0x000013c9   Thumb Code    30  dht11.o(i.DHT11_Read_Byte)
    i.DHT11_Read_Data                        0x000013e8   Section        0  dht11.o(i.DHT11_Read_Data)
    DHT11_Read_Data                          0x000013e9   Thumb Code   176  dht11.o(i.DHT11_Read_Data)
    i.DHT11_Rest                             0x000014c0   Section        0  dht11.o(i.DHT11_Rest)
    DHT11_Rest                               0x000014c1   Thumb Code    48  dht11.o(i.DHT11_Rest)
    i.Error_Handler                          0x000014f8   Section        0  system.o(i.Error_Handler)
    Error_Handler                            0x000014f9   Thumb Code    10  system.o(i.Error_Handler)
    i.FLASH_SetLatency                       0x00001508   Section        0  cw32f030_flash.o(i.FLASH_SetLatency)
    i.GPIOB_IRQHandler                       0x00001540   Section        0  callback.o(i.GPIOB_IRQHandler)
    i.GPIO_Init                              0x00001568   Section        0  cw32f030_gpio.o(i.GPIO_Init)
    i.GPIO_ReadPin                           0x00001668   Section        0  cw32f030_gpio.o(i.GPIO_ReadPin)
    i.GPIO_TogglePin                         0x0000167a   Section        0  cw32f030_gpio.o(i.GPIO_TogglePin)
    i.GPIO_WritePin                          0x0000167e   Section        0  cw32f030_gpio.o(i.GPIO_WritePin)
    i.GTIM1_IRQHandler                       0x0000168c   Section        0  callback.o(i.GTIM1_IRQHandler)
    i.GTIM_ClearITPendingBit                 0x0000169c   Section        0  cw32f030_gtim.o(i.GTIM_ClearITPendingBit)
    i.GTIM_Cmd                               0x000016a8   Section        0  cw32f030_gtim.o(i.GTIM_Cmd)
    i.GTIM_ICInit                            0x000016c4   Section        0  cw32f030_gtim.o(i.GTIM_ICInit)
    i.GTIM_ITConfig                          0x0000170c   Section        0  cw32f030_gtim.o(i.GTIM_ITConfig)
    i.GTIM_OCInit                            0x0000173a   Section        0  cw32f030_gtim.o(i.GTIM_OCInit)
    i.GTIM_TimeBaseInit                      0x0000175c   Section        0  cw32f030_gtim.o(i.GTIM_TimeBaseInit)
    i.Gtim1_Calculate                        0x0000179c   Section        0  gtim.o(i.Gtim1_Calculate)
    Gtim1_Calculate                          0x0000179d   Thumb Code   188  gtim.o(i.Gtim1_Calculate)
    i.Gtim1_PWM_Output_Init                  0x000018a0   Section        0  gtim.o(i.Gtim1_PWM_Output_Init)
    Gtim1_PWM_Output_Init                    0x000018a1   Thumb Code   182  gtim.o(i.Gtim1_PWM_Output_Init)
    i.Gtim2_PWM_IC_Init                      0x00001970   Section        0  gtim.o(i.Gtim2_PWM_IC_Init)
    Gtim2_PWM_IC_Init                        0x00001971   Thumb Code   186  gtim.o(i.Gtim2_PWM_IC_Init)
    i.Gtim3_PWM_Toggle_Init                  0x00001a38   Section        0  gtim.o(i.Gtim3_PWM_Toggle_Init)
    Gtim3_PWM_Toggle_Init                    0x00001a39   Thumb Code   132  gtim.o(i.Gtim3_PWM_Toggle_Init)
    i.Hardware_Init                          0x00001acc   Section        0  system_init.o(i.Hardware_Init)
    Hardware_Init                            0x00001acd   Thumb Code   182  system_init.o(i.Hardware_Init)
    i.I2C_Delay                              0x00001bd4   Section        0  i2c.o(i.I2C_Delay)
    I2C_Delay                                0x00001bd5   Thumb Code    14  i2c.o(i.I2C_Delay)
    i.I2C_Init                               0x00001be4   Section        0  i2c.o(i.I2C_Init)
    I2C_Init                                 0x00001be5   Thumb Code    60  i2c.o(i.I2C_Init)
    i.I2C_Read_Byte                          0x00001c2c   Section        0  i2c.o(i.I2C_Read_Byte)
    I2C_Read_Byte                            0x00001c2d   Thumb Code   146  i2c.o(i.I2C_Read_Byte)
    i.I2C_Start                              0x00001cc4   Section        0  i2c.o(i.I2C_Start)
    I2C_Start                                0x00001cc5   Thumb Code    56  i2c.o(i.I2C_Start)
    i.I2C_Stop                               0x00001d00   Section        0  i2c.o(i.I2C_Stop)
    I2C_Stop                                 0x00001d01   Thumb Code    42  i2c.o(i.I2C_Stop)
    i.I2C_Write_Byte                         0x00001d30   Section        0  i2c.o(i.I2C_Write_Byte)
    I2C_Write_Byte                           0x00001d31   Thumb Code   148  i2c.o(i.I2C_Write_Byte)
    i.InitTick                               0x00001dc8   Section        0  cw32f030_systick.o(i.InitTick)
    i.Key_1_Handler                          0x00001e34   Section        0  key_1.o(i.Key_1_Handler)
    Key_1_Handler                            0x00001e35   Thumb Code   202  key_1.o(i.Key_1_Handler)
    i.Key_1_Init                             0x00001f18   Section        0  key_1.o(i.Key_1_Init)
    Key_1_Init                               0x00001f19   Thumb Code    42  key_1.o(i.Key_1_Init)
    i.Key_1_Return_Value                     0x00001f50   Section        0  key_1.o(i.Key_1_Return_Value)
    Key_1_Return_Value                       0x00001f51   Thumb Code   102  key_1.o(i.Key_1_Return_Value)
    i.Key_1_Scan                             0x00001fbc   Section        0  key_1.o(i.Key_1_Scan)
    Key_1_Scan                               0x00001fbd   Thumb Code   172  key_1.o(i.Key_1_Scan)
    i.Key_2_Init                             0x0000207c   Section        0  key_2.o(i.Key_2_Init)
    Key_2_Init                               0x0000207d   Thumb Code    76  key_2.o(i.Key_2_Init)
    i.Led_Flip                               0x000020d8   Section        0  led.o(i.Led_Flip)
    Led_Flip                                 0x000020d9   Thumb Code    72  led.o(i.Led_Flip)
    i.Led_Init                               0x00002124   Section        0  led.o(i.Led_Init)
    Led_Init                                 0x00002125   Thumb Code    94  led.o(i.Led_Init)
    i.Led_OFF                                0x00002190   Section        0  led.o(i.Led_OFF)
    Led_OFF                                  0x00002191   Thumb Code    76  led.o(i.Led_OFF)
    i.Led_ON                                 0x000021e0   Section        0  led.o(i.Led_ON)
    Led_ON                                   0x000021e1   Thumb Code    80  led.o(i.Led_ON)
    i.Memory_Clear                           0x00002234   Section        0  public.o(i.Memory_Clear)
    Memory_Clear                             0x00002235   Thumb Code    22  public.o(i.Memory_Clear)
    i.Menu_Page1                             0x0000224c   Section        0  menu.o(i.Menu_Page1)
    Menu_Page1                               0x0000224d   Thumb Code   106  menu.o(i.Menu_Page1)
    i.Menu_Page2                             0x000022d8   Section        0  menu.o(i.Menu_Page2)
    Menu_Page2                               0x000022d9   Thumb Code    98  menu.o(i.Menu_Page2)
    i.Menu_Page3                             0x00002354   Section        0  menu.o(i.Menu_Page3)
    Menu_Page3                               0x00002355   Thumb Code    82  menu.o(i.Menu_Page3)
    i.Menu_Page4                             0x000023c0   Section        0  menu.o(i.Menu_Page4)
    Menu_Page4                               0x000023c1   Thumb Code    98  menu.o(i.Menu_Page4)
    i.Modbus_Read_Register                   0x0000243c   Section        0  modbus.o(i.Modbus_Read_Register)
    Modbus_Read_Register                     0x0000243d   Thumb Code   118  modbus.o(i.Modbus_Read_Register)
    i.Modbus_Wrtie_Register                  0x000024c8   Section        0  modbus.o(i.Modbus_Wrtie_Register)
    Modbus_Wrtie_Register                    0x000024c9   Thumb Code    82  modbus.o(i.Modbus_Wrtie_Register)
    i.OLED096_Clear                          0x00002528   Section        0  oled_096.o(i.OLED096_Clear)
    OLED096_Clear                            0x00002529   Thumb Code    56  oled_096.o(i.OLED096_Clear)
    i.OLED096_Init                           0x00002560   Section        0  oled_096.o(i.OLED096_Init)
    OLED096_Init                             0x00002561   Thumb Code   180  oled_096.o(i.OLED096_Init)
    i.OLED096_Set_Pos                        0x0000261c   Section        0  oled_096.o(i.OLED096_Set_Pos)
    OLED096_Set_Pos                          0x0000261d   Thumb Code    40  oled_096.o(i.OLED096_Set_Pos)
    i.OLED096_Show_CHN                       0x00002644   Section        0  oled_096.o(i.OLED096_Show_CHN)
    OLED096_Show_CHN                         0x00002645   Thumb Code   142  oled_096.o(i.OLED096_Show_CHN)
    i.OLED096_Show_String                    0x000026d8   Section        0  oled_096.o(i.OLED096_Show_String)
    OLED096_Show_String                      0x000026d9   Thumb Code   140  oled_096.o(i.OLED096_Show_String)
    i.OLED096_Write_CMD                      0x00002768   Section        0  oled_096.o(i.OLED096_Write_CMD)
    OLED096_Write_CMD                        0x00002769   Thumb Code    42  oled_096.o(i.OLED096_Write_CMD)
    i.OLED096_Write_Data                     0x00002798   Section        0  oled_096.o(i.OLED096_Write_Data)
    OLED096_Write_Data                       0x00002799   Thumb Code    42  oled_096.o(i.OLED096_Write_Data)
    i.Protocol_Analysis                      0x000027c8   Section        0  modbus.o(i.Protocol_Analysis)
    Protocol_Analysis                        0x000027c9   Thumb Code   196  modbus.o(i.Protocol_Analysis)
    i.RCC_Config                             0x0000289c   Section        0  system_init.o(i.RCC_Config)
    RCC_Config                               0x0000289d   Thumb Code    62  system_init.o(i.RCC_Config)
    i.RCC_GetAllRstFlag                      0x000028e8   Section        0  cw32f030_rcc.o(i.RCC_GetAllRstFlag)
    i.RCC_HCLKPRS_Config                     0x000028f4   Section        0  cw32f030_rcc.o(i.RCC_HCLKPRS_Config)
    i.RCC_HSI_Enable                         0x00002914   Section        0  cw32f030_rcc.o(i.RCC_HSI_Enable)
    i.RCC_LSE_Enable                         0x00002948   Section        0  cw32f030_rcc.o(i.RCC_LSE_Enable)
    i.RCC_PCLKPRS_Config                     0x000029d8   Section        0  cw32f030_rcc.o(i.RCC_PCLKPRS_Config)
    i.RCC_PLL_Enable                         0x000029f8   Section        0  cw32f030_rcc.o(i.RCC_PLL_Enable)
    i.RCC_SysClk_Switch                      0x00002aac   Section        0  cw32f030_rcc.o(i.RCC_SysClk_Switch)
    i.RCC_Sysctrl_GetHClkFreq                0x00002aec   Section        0  cw32f030_rcc.o(i.RCC_Sysctrl_GetHClkFreq)
    i.RCC_SystemCoreClockUpdate              0x00002bc4   Section        0  cw32f030_rcc.o(i.RCC_SystemCoreClockUpdate)
    i.RTC_AlarmCmd                           0x00002bd0   Section        0  cw32f030_rtc.o(i.RTC_AlarmCmd)
    i.RTC_ClearITPendingBit                  0x00002c7c   Section        0  cw32f030_rtc.o(i.RTC_ClearITPendingBit)
    i.RTC_Cmd                                0x00002cc0   Section        0  cw32f030_rtc.o(i.RTC_Cmd)
    i.RTC_GetDate                            0x00002d14   Section        0  cw32f030_rtc.o(i.RTC_GetDate)
    i.RTC_GetITState                         0x00002d50   Section        0  cw32f030_rtc.o(i.RTC_GetITState)
    i.RTC_GetTime                            0x00002d74   Section        0  cw32f030_rtc.o(i.RTC_GetTime)
    i.RTC_IRQHandler                         0x00002dc8   Section        0  callback.o(i.RTC_IRQHandler)
    i.RTC_ITConfig                           0x00002de8   Section        0  cw32f030_rtc.o(i.RTC_ITConfig)
    i.RTC_Init                               0x00002e44   Section        0  cw32f030_rtc.o(i.RTC_Init)
    i.RTC_SetAlarm                           0x00002ee8   Section        0  cw32f030_rtc.o(i.RTC_SetAlarm)
    i.RTC_SetClockSource                     0x00002f84   Section        0  cw32f030_rtc.o(i.RTC_SetClockSource)
    i.RTC_SetDate                            0x00002fc8   Section        0  cw32f030_rtc.o(i.RTC_SetDate)
    i.RTC_SetTime                            0x00003020   Section        0  cw32f030_rtc.o(i.RTC_SetTime)
    i.SysTick_Handler                        0x000030c0   Section        0  cw32f030_systick.o(i.SysTick_Handler)
    i.SystemCoreClockUpdate                  0x000030d8   Section        0  system_cw32f030.o(i.SystemCoreClockUpdate)
    i.SystemInit                             0x000030e8   Section        0  system_cw32f030.o(i.SystemInit)
    i.System_10US_Delay                      0x00003124   Section        0  public.o(i.System_10US_Delay)
    System_10US_Delay                        0x00003125   Thumb Code    12  public.o(i.System_10US_Delay)
    i.System_MS_Delay                        0x00003130   Section        0  public.o(i.System_MS_Delay)
    System_MS_Delay                          0x00003131   Thumb Code    12  public.o(i.System_MS_Delay)
    i.System_Run                             0x0000313c   Section        0  system.o(i.System_Run)
    System_Run                               0x0000313d   Thumb Code     8  system.o(i.System_Run)
    i.Task_Marks_Handler                     0x00003144   Section        0  system.o(i.Task_Marks_Handler)
    Task_Marks_Handler                       0x00003145   Thumb Code    92  system.o(i.Task_Marks_Handler)
    i.Task_Pro_Handler                       0x000031a8   Section        0  system.o(i.Task_Pro_Handler)
    Task_Pro_Handler                         0x000031a9   Thumb Code    52  system.o(i.Task_Pro_Handler)
    i.TasksHandle_100MS                      0x000031e4   Section        0  task.o(i.TasksHandle_100MS)
    TasksHandle_100MS                        0x000031e5   Thumb Code   118  task.o(i.TasksHandle_100MS)
    i.TasksHandle_10MS                       0x0000328c   Section        0  task.o(i.TasksHandle_10MS)
    TasksHandle_10MS                         0x0000328d   Thumb Code    16  task.o(i.TasksHandle_10MS)
    i.TasksHandle_1S                         0x000032a0   Section        0  task.o(i.TasksHandle_1S)
    TasksHandle_1S                           0x000032a1   Thumb Code    26  task.o(i.TasksHandle_1S)
    i.TasksHandle_1p5S                       0x000032c8   Section        0  task.o(i.TasksHandle_1p5S)
    TasksHandle_1p5S                         0x000032c9   Thumb Code    20  task.o(i.TasksHandle_1p5S)
    i.TasksHandle_20MS                       0x000032e4   Section        0  task.o(i.TasksHandle_20MS)
    TasksHandle_20MS                         0x000032e5   Thumb Code    68  task.o(i.TasksHandle_20MS)
    i.TasksHandle_250MS                      0x0000332c   Section        0  task.o(i.TasksHandle_250MS)
    TasksHandle_250MS                        0x0000332d   Thumb Code    26  task.o(i.TasksHandle_250MS)
    i.UART1_IRQHandler                       0x00003354   Section        0  callback.o(i.UART1_IRQHandler)
    i.USART1_Init                            0x000033c4   Section        0  usart1.o(i.USART1_Init)
    USART1_Init                              0x000033c5   Thumb Code   204  usart1.o(i.USART1_Init)
    i.USART1_Send_Array                      0x000034a8   Section        0  usart1.o(i.USART1_Send_Array)
    USART1_Send_Array                        0x000034a9   Thumb Code    58  usart1.o(i.USART1_Send_Array)
    i.USART1_Send_String                     0x000034e8   Section        0  usart1.o(i.USART1_Send_String)
    USART1_Send_String                       0x000034e9   Thumb Code    54  usart1.o(i.USART1_Send_String)
    i.USART_ClearITPendingBit                0x00003524   Section        0  cw32f030_uart.o(i.USART_ClearITPendingBit)
    i.USART_GetFlagStatus                    0x0000352c   Section        0  cw32f030_uart.o(i.USART_GetFlagStatus)
    i.USART_GetITStatus                      0x0000353e   Section        0  cw32f030_uart.o(i.USART_GetITStatus)
    i.USART_ITConfig                         0x00003550   Section        0  cw32f030_uart.o(i.USART_ITConfig)
    i.USART_Init                             0x0000356c   Section        0  cw32f030_uart.o(i.USART_Init)
    i.USART_ReceiveData_8bit                 0x000036e0   Section        0  cw32f030_uart.o(i.USART_ReceiveData_8bit)
    i.USART_SendData_8bit                    0x000036e8   Section        0  cw32f030_uart.o(i.USART_SendData_8bit)
    i.__0printf                              0x000036ec   Section        0  printfa.o(i.__0printf)
    i.__0sprintf                             0x0000370c   Section        0  printfa.o(i.__0sprintf)
    i.__ARM_clz                              0x00003734   Section        0  depilogue.o(i.__ARM_clz)
    i.__ARM_common_switch8                   0x00003762   Section        0  cw32f030_i2c.o(i.__ARM_common_switch8)
    i.__NVIC_ClearPendingIRQ                 0x00003780   Section        0  cw32f030_adc.o(i.__NVIC_ClearPendingIRQ)
    __NVIC_ClearPendingIRQ                   0x00003781   Thumb Code    18  cw32f030_adc.o(i.__NVIC_ClearPendingIRQ)
    i.__NVIC_EnableIRQ                       0x00003798   Section        0  gtim.o(i.__NVIC_EnableIRQ)
    __NVIC_EnableIRQ                         0x00003799   Thumb Code    26  gtim.o(i.__NVIC_EnableIRQ)
    i.__NVIC_SetPriority                     0x000037b8   Section        0  usart1.o(i.__NVIC_SetPriority)
    __NVIC_SetPriority                       0x000037b9   Thumb Code   110  usart1.o(i.__NVIC_SetPriority)
    i.__NVIC_SetPriority                     0x00003830   Section        0  cw32f030_adc.o(i.__NVIC_SetPriority)
    __NVIC_SetPriority                       0x00003831   Thumb Code   110  cw32f030_adc.o(i.__NVIC_SetPriority)
    i.__NVIC_SetPriority                     0x000038a8   Section        0  cw32f030_systick.o(i.__NVIC_SetPriority)
    __NVIC_SetPriority                       0x000038a9   Thumb Code   110  cw32f030_systick.o(i.__NVIC_SetPriority)
    i.__scatterload_copy                     0x00003920   Section       14  handlers.o(i.__scatterload_copy)
    i.__scatterload_null                     0x0000392e   Section        2  handlers.o(i.__scatterload_null)
    i.__scatterload_zeroinit                 0x00003930   Section       14  handlers.o(i.__scatterload_zeroinit)
    i._fp_digits                             0x00003940   Section        0  printfa.o(i._fp_digits)
    _fp_digits                               0x00003941   Thumb Code   344  printfa.o(i._fp_digits)
    i._printf_core                           0x00003ab4   Section        0  printfa.o(i._printf_core)
    _printf_core                             0x00003ab5   Thumb Code  1760  printfa.o(i._printf_core)
    i._printf_post_padding                   0x000041a4   Section        0  printfa.o(i._printf_post_padding)
    _printf_post_padding                     0x000041a5   Thumb Code    32  printfa.o(i._printf_post_padding)
    i._printf_pre_padding                    0x000041c4   Section        0  printfa.o(i._printf_pre_padding)
    _printf_pre_padding                      0x000041c5   Thumb Code    44  printfa.o(i._printf_pre_padding)
    i._sputc                                 0x000041f0   Section        0  printfa.o(i._sputc)
    _sputc                                   0x000041f1   Thumb Code    10  printfa.o(i._sputc)
    i.delay10us                              0x000041fc   Section        0  system_cw32f030.o(i.delay10us)
    i.delay1ms                               0x00004258   Section        0  system_cw32f030.o(i.delay1ms)
    i.fputc                                  0x000042b0   Section        0  public.o(i.fputc)
    i.main                                   0x000042d4   Section        0  main.o(i.main)
    i.myRTC_Alarm_A_Init                     0x000042ec   Section        0  rtc.o(i.myRTC_Alarm_A_Init)
    myRTC_Alarm_A_Init                       0x000042ed   Thumb Code    86  rtc.o(i.myRTC_Alarm_A_Init)
    i.myRTC_Calculate_Date                   0x00004348   Section        0  rtc.o(i.myRTC_Calculate_Date)
    myRTC_Calculate_Date                     0x00004349   Thumb Code   102  rtc.o(i.myRTC_Calculate_Date)
    i.myRTC_Calculate_Time                   0x000043ae   Section        0  rtc.o(i.myRTC_Calculate_Time)
    myRTC_Calculate_Time                     0x000043af   Thumb Code   104  rtc.o(i.myRTC_Calculate_Time)
    i.myRTC_Init                             0x00004418   Section        0  rtc.o(i.myRTC_Init)
    myRTC_Init                               0x00004419   Thumb Code   158  rtc.o(i.myRTC_Init)
    i.myRTC_Refresh                          0x00004500   Section        0  rtc.o(i.myRTC_Refresh)
    myRTC_Refresh                            0x00004501   Thumb Code   112  rtc.o(i.myRTC_Refresh)
    i.myRTC_Set_Date                         0x000045b8   Section        0  rtc.o(i.myRTC_Set_Date)
    myRTC_Set_Date                           0x000045b9   Thumb Code    46  rtc.o(i.myRTC_Set_Date)
    i.myRTC_Set_Time                         0x000045e6   Section        0  rtc.o(i.myRTC_Set_Time)
    myRTC_Set_Time                           0x000045e7   Thumb Code    54  rtc.o(i.myRTC_Set_Time)
    i.padString                              0x0000461c   Section        0  oled_096.o(i.padString)
    padString                                0x0000461d   Thumb Code    50  oled_096.o(i.padString)
    .constdata                               0x0000464e   Section     2268  oled_096.o(.constdata)
    .constdata                               0x00004f2c   Section      100  cw32f030_rcc.o(.constdata)
    .conststring                             0x00004f90   Section       65  rtc.o(.conststring)
    .data                                    0x20000000   Section       12  system.o(.data)
    .data                                    0x2000000c   Section        8  system_init.o(.data)
    .data                                    0x20000014   Section        2  callback.o(.data)
    count_100ms                              0x20000014   Data           2  callback.o(.data)
    .data                                    0x20000018   Section       12  public.o(.data)
    .data                                    0x20000024   Section       73  task.o(.data)
    .data                                    0x20000070   Section       25  key_1.o(.data)
    ucKey_1_Value                            0x20000070   Data           1  key_1.o(.data)
    ucKey_1_Up                               0x20000071   Data           1  key_1.o(.data)
    ucKey_1_Down                             0x20000072   Data           1  key_1.o(.data)
    uckey_1_old                              0x20000088   Data           1  key_1.o(.data)
    .data                                    0x2000008c   Section        4  key_2.o(.data)
    .data                                    0x20000090   Section       16  led.o(.data)
    .data                                    0x200000a0   Section       16  buzzer.o(.data)
    .data                                    0x200000b0   Section       24  usart1.o(.data)
    .data                                    0x200000c8   Section        8  crc_16.o(.data)
    .data                                    0x200000d0   Section        8  modbus.o(.data)
    .data                                    0x200000d8   Section        4  btim.o(.data)
    .data                                    0x200000dc   Section       40  gtim.o(.data)
    .data                                    0x20000104   Section       20  i2c.o(.data)
    .data                                    0x20000118   Section       20  oled_096.o(.data)
    .data                                    0x2000012c   Section       40  adc1.o(.data)
    .data                                    0x20000154   Section       72  rtc.o(.data)
    WeekdayStr                               0x20000160   Data          28  rtc.o(.data)
    .data                                    0x2000019c   Section      276  menu.o(.data)
    .data                                    0x200002b0   Section       16  dht11.o(.data)
    .data                                    0x200002c0   Section        9  cw32f030_systick.o(.data)
    .data                                    0x200002cc   Section        4  system_cw32f030.o(.data)
    .data                                    0x200002d0   Section        4  stdout.o(.data)
    .bss                                     0x200002d4   Section      120  usart1.o(.bss)
    Usart1_Send_Bufferp                      0x200002d4   Data          20  usart1.o(.bss)
    Usaer1_Rec_Buffer                        0x200002e8   Data         100  usart1.o(.bss)
    STACK                                    0x20000350   Section      512  startup_cw32f030.o(STACK)

    Global Symbols

    Symbol Name                              Value     Ov Type        Size  Object(Section)

    BuildAttributes$$THM_ISAv3M$S$PE$A:L22$X:L11$S22$IEEE1$IW$USESV6$~STKCKD$USESV7$~SHL$OTIME$ROPI$EBA8$MICROLIB$REQ8$PRES8$EABIv2 0x00000000   Number         0  anon$$obj.o ABSOLUTE
    __ARM_use_no_argv                        0x00000000   Number         0  main.o ABSOLUTE
    __Vectors                                0x00000000   Data           0  startup_cw32f030.o(RESET)
    _printf_a                                0x00000000   Number         0  stubs.o ABSOLUTE
    _printf_c                                0x00000000   Number         0  stubs.o ABSOLUTE
    _printf_charcount                        0x00000000   Number         0  stubs.o ABSOLUTE
    _printf_d                                0x00000000   Number         0  stubs.o ABSOLUTE
    _printf_e                                0x00000000   Number         0  stubs.o ABSOLUTE
    _printf_f                                0x00000000   Number         0  stubs.o ABSOLUTE
    _printf_flags                            0x00000000   Number         0  stubs.o ABSOLUTE
    _printf_fp_dec                           0x00000000   Number         0  stubs.o ABSOLUTE
    _printf_fp_hex                           0x00000000   Number         0  stubs.o ABSOLUTE
    _printf_g                                0x00000000   Number         0  stubs.o ABSOLUTE
    _printf_i                                0x00000000   Number         0  stubs.o ABSOLUTE
    _printf_int_dec                          0x00000000   Number         0  stubs.o ABSOLUTE
    _printf_l                                0x00000000   Number         0  stubs.o ABSOLUTE
    _printf_lc                               0x00000000   Number         0  stubs.o ABSOLUTE
    _printf_ll                               0x00000000   Number         0  stubs.o ABSOLUTE
    _printf_lld                              0x00000000   Number         0  stubs.o ABSOLUTE
    _printf_lli                              0x00000000   Number         0  stubs.o ABSOLUTE
    _printf_llo                              0x00000000   Number         0  stubs.o ABSOLUTE
    _printf_llu                              0x00000000   Number         0  stubs.o ABSOLUTE
    _printf_llx                              0x00000000   Number         0  stubs.o ABSOLUTE
    _printf_longlong_dec                     0x00000000   Number         0  stubs.o ABSOLUTE
    _printf_longlong_hex                     0x00000000   Number         0  stubs.o ABSOLUTE
    _printf_longlong_oct                     0x00000000   Number         0  stubs.o ABSOLUTE
    _printf_ls                               0x00000000   Number         0  stubs.o ABSOLUTE
    _printf_mbtowc                           0x00000000   Number         0  stubs.o ABSOLUTE
    _printf_n                                0x00000000   Number         0  stubs.o ABSOLUTE
    _printf_o                                0x00000000   Number         0  stubs.o ABSOLUTE
    _printf_p                                0x00000000   Number         0  stubs.o ABSOLUTE
    _printf_percent                          0x00000000   Number         0  stubs.o ABSOLUTE
    _printf_pre_padding                      0x00000000   Number         0  stubs.o ABSOLUTE
    _printf_return_value                     0x00000000   Number         0  stubs.o ABSOLUTE
    _printf_s                                0x00000000   Number         0  stubs.o ABSOLUTE
    _printf_sizespec                         0x00000000   Number         0  stubs.o ABSOLUTE
    _printf_str                              0x00000000   Number         0  stubs.o ABSOLUTE
    _printf_truncate_signed                  0x00000000   Number         0  stubs.o ABSOLUTE
    _printf_truncate_unsigned                0x00000000   Number         0  stubs.o ABSOLUTE
    _printf_u                                0x00000000   Number         0  stubs.o ABSOLUTE
    _printf_wc                               0x00000000   Number         0  stubs.o ABSOLUTE
    _printf_wctomb                           0x00000000   Number         0  stubs.o ABSOLUTE
    _printf_widthprec                        0x00000000   Number         0  stubs.o ABSOLUTE
    _printf_x                                0x00000000   Number         0  stubs.o ABSOLUTE
    __arm_fini_                               - Undefined Weak Reference
    __cpp_initialize__aeabi_                  - Undefined Weak Reference
    __cxa_finalize                            - Undefined Weak Reference
    _clock_init                               - Undefined Weak Reference
    _microlib_exit                            - Undefined Weak Reference
    __Vectors_End                            0x000000c0   Data           0  startup_cw32f030.o(RESET)
    __Vectors_Size                           0x000000c0   Number         0  startup_cw32f030.o ABSOLUTE
    __main                                   0x000000c1   Thumb Code     0  entry.o(.ARM.Collect$$$$00000000)
    _main_stk                                0x000000c1   Thumb Code     0  entry2.o(.ARM.Collect$$$$00000001)
    _main_scatterload                        0x000000c5   Thumb Code     0  entry5.o(.ARM.Collect$$$$00000004)
    __main_after_scatterload                 0x000000c9   Thumb Code     0  entry5.o(.ARM.Collect$$$$00000004)
    _main_clock                              0x000000c9   Thumb Code     0  entry7b.o(.ARM.Collect$$$$00000008)
    _main_cpp_init                           0x000000c9   Thumb Code     0  entry8b.o(.ARM.Collect$$$$0000000A)
    _main_init                               0x000000c9   Thumb Code     0  entry9a.o(.ARM.Collect$$$$0000000B)
    __rt_lib_shutdown_fini                   0x000000d1   Thumb Code     0  entry12b.o(.ARM.Collect$$$$0000000E)
    __rt_final_cpp                           0x000000d5   Thumb Code     0  entry10a.o(.ARM.Collect$$$$0000000F)
    __rt_final_exit                          0x000000d5   Thumb Code     0  entry11a.o(.ARM.Collect$$$$00000011)
    Reset_Handler                            0x000000d9   Thumb Code     8  startup_cw32f030.o(.text)
    NMI_Handler                              0x000000e1   Thumb Code     2  startup_cw32f030.o(.text)
    HardFault_Handler                        0x000000e3   Thumb Code     2  startup_cw32f030.o(.text)
    SVC_Handler                              0x000000e5   Thumb Code     2  startup_cw32f030.o(.text)
    PendSV_Handler                           0x000000e7   Thumb Code     2  startup_cw32f030.o(.text)
    AWT_IRQHandler                           0x000000eb   Thumb Code     0  startup_cw32f030.o(.text)
    BTIM2_IRQHandler                         0x000000eb   Thumb Code     0  startup_cw32f030.o(.text)
    BTIM3_IRQHandler                         0x000000eb   Thumb Code     0  startup_cw32f030.o(.text)
    DMACH1_IRQHandler                        0x000000eb   Thumb Code     0  startup_cw32f030.o(.text)
    DMACH23_IRQHandler                       0x000000eb   Thumb Code     0  startup_cw32f030.o(.text)
    DMACH45_IRQHandler                       0x000000eb   Thumb Code     0  startup_cw32f030.o(.text)
    FAULT_IRQHandler                         0x000000eb   Thumb Code     0  startup_cw32f030.o(.text)
    FLASHRAM_IRQHandler                      0x000000eb   Thumb Code     0  startup_cw32f030.o(.text)
    GPIOA_IRQHandler                         0x000000eb   Thumb Code     0  startup_cw32f030.o(.text)
    GPIOC_IRQHandler                         0x000000eb   Thumb Code     0  startup_cw32f030.o(.text)
    GPIOF_IRQHandler                         0x000000eb   Thumb Code     0  startup_cw32f030.o(.text)
    GTIM2_IRQHandler                         0x000000eb   Thumb Code     0  startup_cw32f030.o(.text)
    GTIM3_IRQHandler                         0x000000eb   Thumb Code     0  startup_cw32f030.o(.text)
    GTIM4_IRQHandler                         0x000000eb   Thumb Code     0  startup_cw32f030.o(.text)
    I2C1_IRQHandler                          0x000000eb   Thumb Code     0  startup_cw32f030.o(.text)
    I2C2_IRQHandler                          0x000000eb   Thumb Code     0  startup_cw32f030.o(.text)
    LVD_IRQHandler                           0x000000eb   Thumb Code     0  startup_cw32f030.o(.text)
    RCC_IRQHandler                           0x000000eb   Thumb Code     0  startup_cw32f030.o(.text)
    SPI1_IRQHandler                          0x000000eb   Thumb Code     0  startup_cw32f030.o(.text)
    SPI2_IRQHandler                          0x000000eb   Thumb Code     0  startup_cw32f030.o(.text)
    UART2_IRQHandler                         0x000000eb   Thumb Code     0  startup_cw32f030.o(.text)
    UART3_IRQHandler                         0x000000eb   Thumb Code     0  startup_cw32f030.o(.text)
    VC1_IRQHandler                           0x000000eb   Thumb Code     0  startup_cw32f030.o(.text)
    VC2_IRQHandler                           0x000000eb   Thumb Code     0  startup_cw32f030.o(.text)
    WDT_IRQHandler                           0x000000eb   Thumb Code     0  startup_cw32f030.o(.text)
    __aeabi_uidiv                            0x000000f5   Thumb Code     0  uidiv.o(.text)
    __aeabi_uidivmod                         0x000000f5   Thumb Code    44  uidiv.o(.text)
    __aeabi_idiv                             0x00000121   Thumb Code     0  idiv.o(.text)
    __aeabi_idivmod                          0x00000121   Thumb Code    40  idiv.o(.text)
    __aeabi_memcpy                           0x00000149   Thumb Code    36  memcpya.o(.text)
    __aeabi_memcpy4                          0x00000149   Thumb Code     0  memcpya.o(.text)
    __aeabi_memcpy8                          0x00000149   Thumb Code     0  memcpya.o(.text)
    strlen                                   0x0000016d   Thumb Code    14  strlen.o(.text)
    __aeabi_fadd                             0x0000017b   Thumb Code   162  fadd.o(.text)
    __aeabi_fsub                             0x0000021d   Thumb Code     8  fadd.o(.text)
    __aeabi_frsub                            0x00000225   Thumb Code     8  fadd.o(.text)
    __aeabi_fmul                             0x0000022d   Thumb Code   122  fmul.o(.text)
    __aeabi_fdiv                             0x000002a7   Thumb Code   124  fdiv.o(.text)
    __aeabi_dadd                             0x00000325   Thumb Code   330  dadd.o(.text)
    __aeabi_dsub                             0x0000046f   Thumb Code    12  dadd.o(.text)
    __aeabi_drsub                            0x0000047b   Thumb Code    12  dadd.o(.text)
    __aeabi_ui2f                             0x0000048d   Thumb Code    14  ffltui.o(.text)
    __aeabi_f2uiz                            0x0000049b   Thumb Code    40  ffixui.o(.text)
    __aeabi_d2uiz                            0x000004c5   Thumb Code    50  dfixui.o(.text)
    __aeabi_f2d                              0x00000501   Thumb Code    40  f2d.o(.text)
    __aeabi_uldivmod                         0x00000529   Thumb Code    96  uldiv.o(.text)
    __aeabi_llsl                             0x00000589   Thumb Code    32  llshl.o(.text)
    _ll_shift_l                              0x00000589   Thumb Code     0  llshl.o(.text)
    __aeabi_llsr                             0x000005a9   Thumb Code    34  llushr.o(.text)
    _ll_ushift_r                             0x000005a9   Thumb Code     0  llushr.o(.text)
    __aeabi_lasr                             0x000005cb   Thumb Code    38  llsshr.o(.text)
    _ll_sshift_r                             0x000005cb   Thumb Code     0  llsshr.o(.text)
    __I$use$fp                               0x000005f1   Thumb Code     0  iusefp.o(.text)
    _float_round                             0x000005f1   Thumb Code    16  fepilogue.o(.text)
    _float_epilogue                          0x00000601   Thumb Code   114  fepilogue.o(.text)
    _double_round                            0x00000673   Thumb Code    26  depilogue.o(.text)
    _double_epilogue                         0x0000068d   Thumb Code   164  depilogue.o(.text)
    __aeabi_dmul                             0x00000731   Thumb Code   202  dmul.o(.text)
    __aeabi_ddiv                             0x00000801   Thumb Code   234  ddiv.o(.text)
    __aeabi_d2ulz                            0x000008f1   Thumb Code    54  dfixul.o(.text)
    __aeabi_cdrcmple                         0x00000931   Thumb Code    38  cdrcmple.o(.text)
    __scatterload                            0x00000959   Thumb Code    28  init.o(.text)
    __scatterload_rt2                        0x00000959   Thumb Code     0  init.o(.text)
    __decompress                             0x0000097d   Thumb Code     0  __dczerorl2.o(.text)
    __decompress1                            0x0000097d   Thumb Code    86  __dczerorl2.o(.text)
    ADC_BufEnSerialCh                        0x00000bdd   Thumb Code    62  cw32f030_adc.o(i.ADC_BufEnSerialCh)
    ADC_BufEnSingleCh                        0x00000c21   Thumb Code    62  cw32f030_adc.o(i.ADC_BufEnSingleCh)
    ADC_ClearITPendingAll                    0x00000c65   Thumb Code    14  cw32f030_adc.o(i.ADC_ClearITPendingAll)
    ADC_ClearITPendingBit                    0x00000c79   Thumb Code    12  cw32f030_adc.o(i.ADC_ClearITPendingBit)
    ADC_Enable                               0x00000c89   Thumb Code    28  cw32f030_adc.o(i.ADC_Enable)
    ADC_EnableIrq                            0x00000ca9   Thumb Code    12  cw32f030_adc.o(i.ADC_EnableIrq)
    ADC_EnableNvic                           0x00000cb5   Thumb Code    52  cw32f030_adc.o(i.ADC_EnableNvic)
    ADC_GetConversionValue                   0x00000ced   Thumb Code     8  cw32f030_adc.o(i.ADC_GetConversionValue)
    ADC_GetITStatus                          0x00000cf9   Thumb Code    20  cw32f030_adc.o(i.ADC_GetITStatus)
    ADC_GetSqr0Result                        0x00000d11   Thumb Code    16  cw32f030_adc.o(i.ADC_GetSqr0Result)
    ADC_GetSqr1Result                        0x00000d25   Thumb Code    16  cw32f030_adc.o(i.ADC_GetSqr1Result)
    ADC_GetSqr2Result                        0x00000d39   Thumb Code    16  cw32f030_adc.o(i.ADC_GetSqr2Result)
    ADC_GetSqr3Result                        0x00000d4d   Thumb Code    16  cw32f030_adc.o(i.ADC_GetSqr3Result)
    ADC_IRQHandler                           0x00000d61   Thumb Code    16  callback.o(i.ADC_IRQHandler)
    ADC_ITConfig                             0x00000d79   Thumb Code    34  cw32f030_adc.o(i.ADC_ITConfig)
    ADC_Init                                 0x00000da1   Thumb Code   118  cw32f030_adc.o(i.ADC_Init)
    ADC_SerialChCommon                       0x00000e29   Thumb Code    82  cw32f030_adc.o(i.ADC_SerialChCommon)
    ADC_SerialChScanModeCfg                  0x00000e7d   Thumb Code    26  cw32f030_adc.o(i.ADC_SerialChScanModeCfg)
    ADC_SingleChCommon                       0x00000e9d   Thumb Code    58  cw32f030_adc.o(i.ADC_SingleChCommon)
    ADC_SingleChOneModeCfg                   0x00000edd   Thumb Code    24  cw32f030_adc.o(i.ADC_SingleChOneModeCfg)
    ADC_SoftwareStartConvCmd                 0x00000ef9   Thumb Code    32  cw32f030_adc.o(i.ADC_SoftwareStartConvCmd)
    ADC_Sqr01ChannelCfg                      0x00000f1d   Thumb Code    44  cw32f030_adc.o(i.ADC_Sqr01ChannelCfg)
    ADC_Sqr02ChannelCfg                      0x00000f51   Thumb Code    56  cw32f030_adc.o(i.ADC_Sqr02ChannelCfg)
    ADC_Sqr03ChannelCfg                      0x00000f91   Thumb Code    68  cw32f030_adc.o(i.ADC_Sqr03ChannelCfg)
    ADC_Sqr0ChannelCfg                       0x00000fd9   Thumb Code    32  cw32f030_adc.o(i.ADC_Sqr0ChannelCfg)
    ADC_StructInit                           0x00001001   Thumb Code    26  cw32f030_adc.o(i.ADC_StructInit)
    ADC_WdtConfig                            0x0000101d   Thumb Code    78  cw32f030_adc.o(i.ADC_WdtConfig)
    ATIM_ClearITPendingBit                   0x00001071   Thumb Code     8  cw32f030_atim.o(i.ATIM_ClearITPendingBit)
    ATIM_GetITStatus                         0x0000107d   Thumb Code    20  cw32f030_atim.o(i.ATIM_GetITStatus)
    ATIM_IRQHandler                          0x00001095   Thumb Code    56  callback.o(i.ATIM_IRQHandler)
    BTIM1_IRQHandler                         0x000010cd   Thumb Code    64  callback.o(i.BTIM1_IRQHandler)
    BTIM_ClearITPendingBit                   0x00001185   Thumb Code     8  cw32f030_btim.o(i.BTIM_ClearITPendingBit)
    BTIM_Cmd                                 0x0000118d   Thumb Code    24  cw32f030_btim.o(i.BTIM_Cmd)
    BTIM_GetITStatus                         0x000011a5   Thumb Code    18  cw32f030_btim.o(i.BTIM_GetITStatus)
    BTIM_ITConfig                            0x000011b7   Thumb Code    20  cw32f030_btim.o(i.BTIM_ITConfig)
    BTIM_TimeBaseInit                        0x000011cd   Thumb Code    28  cw32f030_btim.o(i.BTIM_TimeBaseInit)
    FLASH_SetLatency                         0x00001509   Thumb Code    42  cw32f030_flash.o(i.FLASH_SetLatency)
    GPIOB_IRQHandler                         0x00001541   Thumb Code    32  callback.o(i.GPIOB_IRQHandler)
    GPIO_Init                                0x00001569   Thumb Code   252  cw32f030_gpio.o(i.GPIO_Init)
    GPIO_ReadPin                             0x00001669   Thumb Code    18  cw32f030_gpio.o(i.GPIO_ReadPin)
    GPIO_TogglePin                           0x0000167b   Thumb Code     4  cw32f030_gpio.o(i.GPIO_TogglePin)
    GPIO_WritePin                            0x0000167f   Thumb Code    12  cw32f030_gpio.o(i.GPIO_WritePin)
    GTIM1_IRQHandler                         0x0000168d   Thumb Code    12  callback.o(i.GTIM1_IRQHandler)
    GTIM_ClearITPendingBit                   0x0000169d   Thumb Code    12  cw32f030_gtim.o(i.GTIM_ClearITPendingBit)
    GTIM_Cmd                                 0x000016a9   Thumb Code    28  cw32f030_gtim.o(i.GTIM_Cmd)
    GTIM_ICInit                              0x000016c5   Thumb Code    72  cw32f030_gtim.o(i.GTIM_ICInit)
    GTIM_ITConfig                            0x0000170d   Thumb Code    46  cw32f030_gtim.o(i.GTIM_ITConfig)
    GTIM_OCInit                              0x0000173b   Thumb Code    32  cw32f030_gtim.o(i.GTIM_OCInit)
    GTIM_TimeBaseInit                        0x0000175d   Thumb Code    60  cw32f030_gtim.o(i.GTIM_TimeBaseInit)
    InitTick                                 0x00001dc9   Thumb Code    90  cw32f030_systick.o(i.InitTick)
    RCC_GetAllRstFlag                        0x000028e9   Thumb Code     6  cw32f030_rcc.o(i.RCC_GetAllRstFlag)
    RCC_HCLKPRS_Config                       0x000028f5   Thumb Code    20  cw32f030_rcc.o(i.RCC_HCLKPRS_Config)
    RCC_HSI_Enable                           0x00002915   Thumb Code    44  cw32f030_rcc.o(i.RCC_HSI_Enable)
    RCC_LSE_Enable                           0x00002949   Thumb Code   132  cw32f030_rcc.o(i.RCC_LSE_Enable)
    RCC_PCLKPRS_Config                       0x000029d9   Thumb Code    20  cw32f030_rcc.o(i.RCC_PCLKPRS_Config)
    RCC_PLL_Enable                           0x000029f9   Thumb Code   168  cw32f030_rcc.o(i.RCC_PLL_Enable)
    RCC_SysClk_Switch                        0x00002aad   Thumb Code    54  cw32f030_rcc.o(i.RCC_SysClk_Switch)
    RCC_Sysctrl_GetHClkFreq                  0x00002aed   Thumb Code   194  cw32f030_rcc.o(i.RCC_Sysctrl_GetHClkFreq)
    RCC_SystemCoreClockUpdate                0x00002bc5   Thumb Code     6  cw32f030_rcc.o(i.RCC_SystemCoreClockUpdate)
    RTC_AlarmCmd                             0x00002bd1   Thumb Code   168  cw32f030_rtc.o(i.RTC_AlarmCmd)
    RTC_ClearITPendingBit                    0x00002c7d   Thumb Code    64  cw32f030_rtc.o(i.RTC_ClearITPendingBit)
    RTC_Cmd                                  0x00002cc1   Thumb Code    80  cw32f030_rtc.o(i.RTC_Cmd)
    RTC_GetDate                              0x00002d15   Thumb Code    54  cw32f030_rtc.o(i.RTC_GetDate)
    RTC_GetITState                           0x00002d51   Thumb Code    30  cw32f030_rtc.o(i.RTC_GetITState)
    RTC_GetTime                              0x00002d75   Thumb Code    78  cw32f030_rtc.o(i.RTC_GetTime)
    RTC_IRQHandler                           0x00002dc9   Thumb Code    26  callback.o(i.RTC_IRQHandler)
    RTC_ITConfig                             0x00002de9   Thumb Code    86  cw32f030_rtc.o(i.RTC_ITConfig)
    RTC_Init                                 0x00002e45   Thumb Code   156  cw32f030_rtc.o(i.RTC_Init)
    RTC_SetAlarm                             0x00002ee9   Thumb Code   150  cw32f030_rtc.o(i.RTC_SetAlarm)
    RTC_SetClockSource                       0x00002f85   Thumb Code    62  cw32f030_rtc.o(i.RTC_SetClockSource)
    RTC_SetDate                              0x00002fc9   Thumb Code    84  cw32f030_rtc.o(i.RTC_SetDate)
    RTC_SetTime                              0x00003021   Thumb Code   154  cw32f030_rtc.o(i.RTC_SetTime)
    SysTick_Handler                          0x000030c1   Thumb Code    16  cw32f030_systick.o(i.SysTick_Handler)
    SystemCoreClockUpdate                    0x000030d9   Thumb Code     8  system_cw32f030.o(i.SystemCoreClockUpdate)
    SystemInit                               0x000030e9   Thumb Code    54  system_cw32f030.o(i.SystemInit)
    UART1_IRQHandler                         0x00003355   Thumb Code   100  callback.o(i.UART1_IRQHandler)
    USART_ClearITPendingBit                  0x00003525   Thumb Code     8  cw32f030_uart.o(i.USART_ClearITPendingBit)
    USART_GetFlagStatus                      0x0000352d   Thumb Code    18  cw32f030_uart.o(i.USART_GetFlagStatus)
    USART_GetITStatus                        0x0000353f   Thumb Code    18  cw32f030_uart.o(i.USART_GetITStatus)
    USART_ITConfig                           0x00003551   Thumb Code    26  cw32f030_uart.o(i.USART_ITConfig)
    USART_Init                               0x0000356d   Thumb Code   362  cw32f030_uart.o(i.USART_Init)
    USART_ReceiveData_8bit                   0x000036e1   Thumb Code     8  cw32f030_uart.o(i.USART_ReceiveData_8bit)
    USART_SendData_8bit                      0x000036e9   Thumb Code     4  cw32f030_uart.o(i.USART_SendData_8bit)
    __0printf                                0x000036ed   Thumb Code    24  printfa.o(i.__0printf)
    __1printf                                0x000036ed   Thumb Code     0  printfa.o(i.__0printf)
    __2printf                                0x000036ed   Thumb Code     0  printfa.o(i.__0printf)
    __c89printf                              0x000036ed   Thumb Code     0  printfa.o(i.__0printf)
    printf                                   0x000036ed   Thumb Code     0  printfa.o(i.__0printf)
    __0sprintf                               0x0000370d   Thumb Code    36  printfa.o(i.__0sprintf)
    __1sprintf                               0x0000370d   Thumb Code     0  printfa.o(i.__0sprintf)
    __2sprintf                               0x0000370d   Thumb Code     0  printfa.o(i.__0sprintf)
    __c89sprintf                             0x0000370d   Thumb Code     0  printfa.o(i.__0sprintf)
    sprintf                                  0x0000370d   Thumb Code     0  printfa.o(i.__0sprintf)
    __ARM_clz                                0x00003735   Thumb Code    46  depilogue.o(i.__ARM_clz)
    __ARM_common_switch8                     0x00003763   Thumb Code    28  cw32f030_i2c.o(i.__ARM_common_switch8)
    __scatterload_copy                       0x00003921   Thumb Code    14  handlers.o(i.__scatterload_copy)
    __scatterload_null                       0x0000392f   Thumb Code     2  handlers.o(i.__scatterload_null)
    __scatterload_zeroinit                   0x00003931   Thumb Code    14  handlers.o(i.__scatterload_zeroinit)
    delay10us                                0x000041fd   Thumb Code    74  system_cw32f030.o(i.delay10us)
    delay1ms                                 0x00004259   Thumb Code    76  system_cw32f030.o(i.delay1ms)
    fputc                                    0x000042b1   Thumb Code    32  public.o(i.fputc)
    main                                     0x000042d5   Thumb Code    16  main.o(i.main)
    ucASCII_16x8                             0x0000464e   Data        1520  oled_096.o(.constdata)
    CHN_16x16                                0x00004c3e   Data         748  oled_096.o(.constdata)
    hsiprs_tbl                               0x00004f2c   Data          64  cw32f030_rcc.o(.constdata)
    Region$$Table$$Base                      0x00004fd4   Number         0  anon$$obj.o(Region$$Table)
    Region$$Table$$Limit                     0x00004ff4   Number         0  anon$$obj.o(Region$$Table)
    System                                   0x20000000   Data          12  system.o(.data)
    Init_Cnt                                 0x2000000c   Data           1  system_init.o(.data)
    System_Init                              0x20000010   Data           4  system_init.o(.data)
    Public                                   0x20000018   Data          12  public.o(.data)
    Task                                     0x20000024   Data          72  task.o(.data)
    ucTasks_Max                              0x2000006c   Data           1  task.o(.data)
    Key_1                                    0x20000074   Data          20  key_1.o(.data)
    Key_2                                    0x2000008c   Data           4  key_2.o(.data)
    Led                                      0x20000090   Data          16  led.o(.data)
    Buzzer                                   0x200000a0   Data          16  buzzer.o(.data)
    USART1                                   0x200000b0   Data          24  usart1.o(.data)
    CRC_16                                   0x200000c8   Data           8  crc_16.o(.data)
    Modbus                                   0x200000d0   Data           8  modbus.o(.data)
    Btim                                     0x200000d8   Data           4  btim.o(.data)
    Gtim                                     0x200000dc   Data          40  gtim.o(.data)
    I2C_Soft                                 0x20000104   Data          20  i2c.o(.data)
    OLED096                                  0x20000118   Data          20  oled_096.o(.data)
    ADC_1                                    0x2000012c   Data          40  adc1.o(.data)
    nTime                                    0x20000154   Data           5  rtc.o(.data)
    nDate                                    0x20000159   Data           4  rtc.o(.data)
    myRTC                                    0x2000017c   Data          32  rtc.o(.data)
    Page1                                    0x2000019c   Data          64  menu.o(.data)
    Page2                                    0x200001dc   Data          64  menu.o(.data)
    Page3                                    0x2000021c   Data          64  menu.o(.data)
    Page4                                    0x2000025c   Data          64  menu.o(.data)
    Menu                                     0x2000029c   Data          20  menu.o(.data)
    DHT11                                    0x200002b0   Data          16  dht11.o(.data)
    uwTick                                   0x200002c0   Data           4  cw32f030_systick.o(.data)
    uwTickPrio                               0x200002c4   Data           4  cw32f030_systick.o(.data)
    uwTickFreq                               0x200002c8   Data           1  cw32f030_systick.o(.data)
    SystemCoreClock                          0x200002cc   Data           4  system_cw32f030.o(.data)
    __stdout                                 0x200002d0   Data           4  stdout.o(.data)
    __initial_sp                             0x20000550   Data           0  startup_cw32f030.o(STACK)



==============================================================================

Memory Map of the image

  Image Entry point : 0x000000c1

  Load Region LR_IROM1 (Base: 0x00000000, Size: 0x000052c8, Max: 0x00010000, ABSOLUTE, COMPRESSED[0x00005100])

    Execution Region ER_IROM1 (Exec base: 0x00000000, Load base: 0x00000000, Size: 0x00004ff4, Max: 0x00010000, ABSOLUTE)

    Exec Addr    Load Addr    Size         Type   Attr      Idx    E Section Name        Object

    0x00000000   0x00000000   0x000000c0   Data   RO         4374    RESET               startup_cw32f030.o
    0x000000c0   0x000000c0   0x00000000   Code   RO         4379  * .ARM.Collect$$$$00000000  mc_p.l(entry.o)
    0x000000c0   0x000000c0   0x00000004   Code   RO         4673    .ARM.Collect$$$$00000001  mc_p.l(entry2.o)
    0x000000c4   0x000000c4   0x00000004   Code   RO         4676    .ARM.Collect$$$$00000004  mc_p.l(entry5.o)
    0x000000c8   0x000000c8   0x00000000   Code   RO         4678    .ARM.Collect$$$$00000008  mc_p.l(entry7b.o)
    0x000000c8   0x000000c8   0x00000000   Code   RO         4680    .ARM.Collect$$$$0000000A  mc_p.l(entry8b.o)
    0x000000c8   0x000000c8   0x00000008   Code   RO         4681    .ARM.Collect$$$$0000000B  mc_p.l(entry9a.o)
    0x000000d0   0x000000d0   0x00000004   Code   RO         4688    .ARM.Collect$$$$0000000E  mc_p.l(entry12b.o)
    0x000000d4   0x000000d4   0x00000000   Code   RO         4683    .ARM.Collect$$$$0000000F  mc_p.l(entry10a.o)
    0x000000d4   0x000000d4   0x00000000   Code   RO         4685    .ARM.Collect$$$$00000011  mc_p.l(entry11a.o)
    0x000000d4   0x000000d4   0x00000004   Code   RO         4674    .ARM.Collect$$$$00002712  mc_p.l(entry2.o)
    0x000000d8   0x000000d8   0x0000001c   Code   RO         4375    .text               startup_cw32f030.o
    0x000000f4   0x000000f4   0x0000002c   Code   RO         4382    .text               mc_p.l(uidiv.o)
    0x00000120   0x00000120   0x00000028   Code   RO         4384    .text               mc_p.l(idiv.o)
    0x00000148   0x00000148   0x00000024   Code   RO         4388    .text               mc_p.l(memcpya.o)
    0x0000016c   0x0000016c   0x0000000e   Code   RO         4390    .text               mc_p.l(strlen.o)
    0x0000017a   0x0000017a   0x000000b2   Code   RO         4655    .text               mf_p.l(fadd.o)
    0x0000022c   0x0000022c   0x0000007a   Code   RO         4657    .text               mf_p.l(fmul.o)
    0x000002a6   0x000002a6   0x0000007c   Code   RO         4659    .text               mf_p.l(fdiv.o)
    0x00000322   0x00000322   0x00000002   PAD
    0x00000324   0x00000324   0x00000168   Code   RO         4661    .text               mf_p.l(dadd.o)
    0x0000048c   0x0000048c   0x0000000e   Code   RO         4665    .text               mf_p.l(ffltui.o)
    0x0000049a   0x0000049a   0x00000028   Code   RO         4667    .text               mf_p.l(ffixui.o)
    0x000004c2   0x000004c2   0x00000002   PAD
    0x000004c4   0x000004c4   0x0000003c   Code   RO         4669    .text               mf_p.l(dfixui.o)
    0x00000500   0x00000500   0x00000028   Code   RO         4671    .text               mf_p.l(f2d.o)
    0x00000528   0x00000528   0x00000060   Code   RO         4690    .text               mc_p.l(uldiv.o)
    0x00000588   0x00000588   0x00000020   Code   RO         4692    .text               mc_p.l(llshl.o)
    0x000005a8   0x000005a8   0x00000022   Code   RO         4694    .text               mc_p.l(llushr.o)
    0x000005ca   0x000005ca   0x00000026   Code   RO         4696    .text               mc_p.l(llsshr.o)
    0x000005f0   0x000005f0   0x00000000   Code   RO         4698    .text               mc_p.l(iusefp.o)
    0x000005f0   0x000005f0   0x00000082   Code   RO         4699    .text               mf_p.l(fepilogue.o)
    0x00000672   0x00000672   0x000000be   Code   RO         4701    .text               mf_p.l(depilogue.o)
    0x00000730   0x00000730   0x000000d0   Code   RO         4705    .text               mf_p.l(dmul.o)
    0x00000800   0x00000800   0x000000f0   Code   RO         4707    .text               mf_p.l(ddiv.o)
    0x000008f0   0x000008f0   0x00000040   Code   RO         4709    .text               mf_p.l(dfixul.o)
    0x00000930   0x00000930   0x00000028   Code   RO         4711    .text               mf_p.l(cdrcmple.o)
    0x00000958   0x00000958   0x00000024   Code   RO         4713    .text               mc_p.l(init.o)
    0x0000097c   0x0000097c   0x00000056   Code   RO         4723    .text               mc_p.l(__dczerorl2.o)
    0x000009d2   0x000009d2   0x00000002   PAD
    0x000009d4   0x000009d4   0x00000094   Code   RO         1046    i.ADC1_Serial_Scan_Convert  adc1.o
    0x00000a68   0x00000a68   0x000000c4   Code   RO         1047    i.ADC1_Serial_Scan_Init  adc1.o
    0x00000b2c   0x00000b2c   0x0000003c   Code   RO         1048    i.ADC1_Single_Channel_One_Convert  adc1.o
    0x00000b68   0x00000b68   0x00000074   Code   RO         1049    i.ADC1_Single_Channel_One_Init  adc1.o
    0x00000bdc   0x00000bdc   0x00000044   Code   RO         1233    i.ADC_BufEnSerialCh  cw32f030_adc.o
    0x00000c20   0x00000c20   0x00000044   Code   RO         1234    i.ADC_BufEnSingleCh  cw32f030_adc.o
    0x00000c64   0x00000c64   0x00000014   Code   RO         1235    i.ADC_ClearITPendingAll  cw32f030_adc.o
    0x00000c78   0x00000c78   0x00000010   Code   RO         1236    i.ADC_ClearITPendingBit  cw32f030_adc.o
    0x00000c88   0x00000c88   0x00000020   Code   RO         1245    i.ADC_Enable        cw32f030_adc.o
    0x00000ca8   0x00000ca8   0x0000000c   Code   RO         1246    i.ADC_EnableIrq     cw32f030_adc.o
    0x00000cb4   0x00000cb4   0x00000038   Code   RO         1247    i.ADC_EnableNvic    cw32f030_adc.o
    0x00000cec   0x00000cec   0x0000000c   Code   RO         1250    i.ADC_GetConversionValue  cw32f030_adc.o
    0x00000cf8   0x00000cf8   0x00000018   Code   RO         1251    i.ADC_GetITStatus   cw32f030_adc.o
    0x00000d10   0x00000d10   0x00000014   Code   RO         1253    i.ADC_GetSqr0Result  cw32f030_adc.o
    0x00000d24   0x00000d24   0x00000014   Code   RO         1254    i.ADC_GetSqr1Result  cw32f030_adc.o
    0x00000d38   0x00000d38   0x00000014   Code   RO         1255    i.ADC_GetSqr2Result  cw32f030_adc.o
    0x00000d4c   0x00000d4c   0x00000014   Code   RO         1256    i.ADC_GetSqr3Result  cw32f030_adc.o
    0x00000d60   0x00000d60   0x00000018   Code   RO          297    i.ADC_IRQHandler    callback.o
    0x00000d78   0x00000d78   0x00000028   Code   RO         1259    i.ADC_ITConfig      cw32f030_adc.o
    0x00000da0   0x00000da0   0x00000088   Code   RO         1260    i.ADC_Init          cw32f030_adc.o
    0x00000e28   0x00000e28   0x00000052   Code   RO         1262    i.ADC_SerialChCommon  cw32f030_adc.o
    0x00000e7a   0x00000e7a   0x00000002   PAD
    0x00000e7c   0x00000e7c   0x00000020   Code   RO         1265    i.ADC_SerialChScanModeCfg  cw32f030_adc.o
    0x00000e9c   0x00000e9c   0x00000040   Code   RO         1270    i.ADC_SingleChCommon  cw32f030_adc.o
    0x00000edc   0x00000edc   0x0000001c   Code   RO         1273    i.ADC_SingleChOneModeCfg  cw32f030_adc.o
    0x00000ef8   0x00000ef8   0x00000024   Code   RO         1274    i.ADC_SoftwareStartConvCmd  cw32f030_adc.o
    0x00000f1c   0x00000f1c   0x00000034   Code   RO         1275    i.ADC_Sqr01ChannelCfg  cw32f030_adc.o
    0x00000f50   0x00000f50   0x00000040   Code   RO         1276    i.ADC_Sqr02ChannelCfg  cw32f030_adc.o
    0x00000f90   0x00000f90   0x00000048   Code   RO         1277    i.ADC_Sqr03ChannelCfg  cw32f030_adc.o
    0x00000fd8   0x00000fd8   0x00000028   Code   RO         1278    i.ADC_Sqr0ChannelCfg  cw32f030_adc.o
    0x00001000   0x00001000   0x0000001a   Code   RO         1279    i.ADC_StructInit    cw32f030_adc.o
    0x0000101a   0x0000101a   0x00000002   PAD
    0x0000101c   0x0000101c   0x00000054   Code   RO         1280    i.ADC_WdtConfig     cw32f030_adc.o
    0x00001070   0x00001070   0x0000000c   Code   RO         1565    i.ATIM_ClearITPendingBit  cw32f030_atim.o
    0x0000107c   0x0000107c   0x00000018   Code   RO         1576    i.ATIM_GetITStatus  cw32f030_atim.o
    0x00001094   0x00001094   0x00000038   Code   RO          298    i.ATIM_IRQHandler   callback.o
    0x000010cc   0x000010cc   0x00000050   Code   RO          299    i.BTIM1_IRQHandler  callback.o
    0x0000111c   0x0000111c   0x00000068   Code   RO          758    i.BTIM1_Init        btim.o
    0x00001184   0x00001184   0x00000008   Code   RO         1941    i.BTIM_ClearITPendingBit  cw32f030_btim.o
    0x0000118c   0x0000118c   0x00000018   Code   RO         1942    i.BTIM_Cmd          cw32f030_btim.o
    0x000011a4   0x000011a4   0x00000012   Code   RO         1948    i.BTIM_GetITStatus  cw32f030_btim.o
    0x000011b6   0x000011b6   0x00000014   Code   RO         1950    i.BTIM_ITConfig     cw32f030_btim.o
    0x000011ca   0x000011ca   0x00000002   PAD
    0x000011cc   0x000011cc   0x00000020   Code   RO         1959    i.BTIM_TimeBaseInit  cw32f030_btim.o
    0x000011ec   0x000011ec   0x00000040   Code   RO          575    i.Buzzer_Init       buzzer.o
    0x0000122c   0x0000122c   0x0000001c   Code   RO          576    i.Buzzer_OFF        buzzer.o
    0x00001248   0x00001248   0x0000001c   Code   RO          577    i.Buzzer_ON         buzzer.o
    0x00001264   0x00001264   0x00000050   Code   RO          658    i.CRC_Check         crc_16.o
    0x000012b4   0x000012b4   0x0000006c   Code   RO         1182    i.DHT11_Check       dht11.o
    0x00001320   0x00001320   0x00000040   Code   RO         1183    i.DHT11_Init        dht11.o
    0x00001360   0x00001360   0x00000068   Code   RO         1184    i.DHT11_Read_Bit    dht11.o
    0x000013c8   0x000013c8   0x0000001e   Code   RO         1185    i.DHT11_Read_Byte   dht11.o
    0x000013e6   0x000013e6   0x00000002   PAD
    0x000013e8   0x000013e8   0x000000d8   Code   RO         1186    i.DHT11_Read_Data   dht11.o
    0x000014c0   0x000014c0   0x00000038   Code   RO         1187    i.DHT11_Rest        dht11.o
    0x000014f8   0x000014f8   0x00000010   Code   RO          227    i.Error_Handler     system.o
    0x00001508   0x00001508   0x00000038   Code   RO         2271    i.FLASH_SetLatency  cw32f030_flash.o
    0x00001540   0x00001540   0x00000028   Code   RO          300    i.GPIOB_IRQHandler  callback.o
    0x00001568   0x00001568   0x00000100   Code   RO         2407    i.GPIO_Init         cw32f030_gpio.o
    0x00001668   0x00001668   0x00000012   Code   RO         2410    i.GPIO_ReadPin      cw32f030_gpio.o
    0x0000167a   0x0000167a   0x00000004   Code   RO         2412    i.GPIO_TogglePin    cw32f030_gpio.o
    0x0000167e   0x0000167e   0x0000000c   Code   RO         2413    i.GPIO_WritePin     cw32f030_gpio.o
    0x0000168a   0x0000168a   0x00000002   PAD
    0x0000168c   0x0000168c   0x00000010   Code   RO          301    i.GTIM1_IRQHandler  callback.o
    0x0000169c   0x0000169c   0x0000000c   Code   RO         2491    i.GTIM_ClearITPendingBit  cw32f030_gtim.o
    0x000016a8   0x000016a8   0x0000001c   Code   RO         2492    i.GTIM_Cmd          cw32f030_gtim.o
    0x000016c4   0x000016c4   0x00000048   Code   RO         2502    i.GTIM_ICInit       cw32f030_gtim.o
    0x0000170c   0x0000170c   0x0000002e   Code   RO         2503    i.GTIM_ITConfig     cw32f030_gtim.o
    0x0000173a   0x0000173a   0x00000020   Code   RO         2504    i.GTIM_OCInit       cw32f030_gtim.o
    0x0000175a   0x0000175a   0x00000002   PAD
    0x0000175c   0x0000175c   0x00000040   Code   RO         2512    i.GTIM_TimeBaseInit  cw32f030_gtim.o
    0x0000179c   0x0000179c   0x00000104   Code   RO          783    i.Gtim1_Calculate   gtim.o
    0x000018a0   0x000018a0   0x000000d0   Code   RO          784    i.Gtim1_PWM_Output_Init  gtim.o
    0x00001970   0x00001970   0x000000c8   Code   RO          785    i.Gtim2_PWM_IC_Init  gtim.o
    0x00001a38   0x00001a38   0x00000094   Code   RO          786    i.Gtim3_PWM_Toggle_Init  gtim.o
    0x00001acc   0x00001acc   0x00000108   Code   RO          267    i.Hardware_Init     system_init.o
    0x00001bd4   0x00001bd4   0x0000000e   Code   RO          932    i.I2C_Delay         i2c.o
    0x00001be2   0x00001be2   0x00000002   PAD
    0x00001be4   0x00001be4   0x00000048   Code   RO          933    i.I2C_Init          i2c.o
    0x00001c2c   0x00001c2c   0x00000098   Code   RO          934    i.I2C_Read_Byte     i2c.o
    0x00001cc4   0x00001cc4   0x0000003c   Code   RO          935    i.I2C_Start         i2c.o
    0x00001d00   0x00001d00   0x00000030   Code   RO          936    i.I2C_Stop          i2c.o
    0x00001d30   0x00001d30   0x00000098   Code   RO          937    i.I2C_Write_Byte    i2c.o
    0x00001dc8   0x00001dc8   0x0000006c   Code   RO         3664    i.InitTick          cw32f030_systick.o
    0x00001e34   0x00001e34   0x000000e4   Code   RO          445    i.Key_1_Handler     key_1.o
    0x00001f18   0x00001f18   0x00000038   Code   RO          446    i.Key_1_Init        key_1.o
    0x00001f50   0x00001f50   0x0000006c   Code   RO          447    i.Key_1_Return_Value  key_1.o
    0x00001fbc   0x00001fbc   0x000000c0   Code   RO          448    i.Key_1_Scan        key_1.o
    0x0000207c   0x0000207c   0x0000005c   Code   RO          507    i.Key_2_Init        key_2.o
    0x000020d8   0x000020d8   0x0000004c   Code   RO          535    i.Led_Flip          led.o
    0x00002124   0x00002124   0x0000006c   Code   RO          536    i.Led_Init          led.o
    0x00002190   0x00002190   0x00000050   Code   RO          537    i.Led_OFF           led.o
    0x000021e0   0x000021e0   0x00000054   Code   RO          538    i.Led_ON            led.o
    0x00002234   0x00002234   0x00000016   Code   RO          354    i.Memory_Clear      public.o
    0x0000224a   0x0000224a   0x00000002   PAD
    0x0000224c   0x0000224c   0x0000008c   Code   RO         1142    i.Menu_Page1        menu.o
    0x000022d8   0x000022d8   0x0000007c   Code   RO         1143    i.Menu_Page2        menu.o
    0x00002354   0x00002354   0x0000006c   Code   RO         1144    i.Menu_Page3        menu.o
    0x000023c0   0x000023c0   0x0000007c   Code   RO         1145    i.Menu_Page4        menu.o
    0x0000243c   0x0000243c   0x0000008c   Code   RO          683    i.Modbus_Read_Register  modbus.o
    0x000024c8   0x000024c8   0x00000060   Code   RO          684    i.Modbus_Wrtie_Register  modbus.o
    0x00002528   0x00002528   0x00000038   Code   RO          982    i.OLED096_Clear     oled_096.o
    0x00002560   0x00002560   0x000000bc   Code   RO          983    i.OLED096_Init      oled_096.o
    0x0000261c   0x0000261c   0x00000028   Code   RO          984    i.OLED096_Set_Pos   oled_096.o
    0x00002644   0x00002644   0x00000094   Code   RO          985    i.OLED096_Show_CHN  oled_096.o
    0x000026d8   0x000026d8   0x00000090   Code   RO          986    i.OLED096_Show_String  oled_096.o
    0x00002768   0x00002768   0x00000030   Code   RO          987    i.OLED096_Write_CMD  oled_096.o
    0x00002798   0x00002798   0x00000030   Code   RO          988    i.OLED096_Write_Data  oled_096.o
    0x000027c8   0x000027c8   0x000000d4   Code   RO          685    i.Protocol_Analysis  modbus.o
    0x0000289c   0x0000289c   0x0000004c   Code   RO          268    i.RCC_Config        system_init.o
    0x000028e8   0x000028e8   0x0000000c   Code   RO         3054    i.RCC_GetAllRstFlag  cw32f030_rcc.o
    0x000028f4   0x000028f4   0x00000020   Code   RO         3059    i.RCC_HCLKPRS_Config  cw32f030_rcc.o
    0x00002914   0x00002914   0x00000034   Code   RO         3065    i.RCC_HSI_Enable    cw32f030_rcc.o
    0x00002948   0x00002948   0x00000090   Code   RO         3071    i.RCC_LSE_Enable    cw32f030_rcc.o
    0x000029d8   0x000029d8   0x00000020   Code   RO         3077    i.RCC_PCLKPRS_Config  cw32f030_rcc.o
    0x000029f8   0x000029f8   0x000000b4   Code   RO         3080    i.RCC_PLL_Enable    cw32f030_rcc.o
    0x00002aac   0x00002aac   0x00000040   Code   RO         3084    i.RCC_SysClk_Switch  cw32f030_rcc.o
    0x00002aec   0x00002aec   0x000000d8   Code   RO         3085    i.RCC_Sysctrl_GetHClkFreq  cw32f030_rcc.o
    0x00002bc4   0x00002bc4   0x0000000c   Code   RO         3087    i.RCC_SystemCoreClockUpdate  cw32f030_rcc.o
    0x00002bd0   0x00002bd0   0x000000ac   Code   RO         3373    i.RTC_AlarmCmd      cw32f030_rtc.o
    0x00002c7c   0x00002c7c   0x00000044   Code   RO         3378    i.RTC_ClearITPendingBit  cw32f030_rtc.o
    0x00002cc0   0x00002cc0   0x00000054   Code   RO         3379    i.RTC_Cmd           cw32f030_rtc.o
    0x00002d14   0x00002d14   0x0000003c   Code   RO         3382    i.RTC_GetDate       cw32f030_rtc.o
    0x00002d50   0x00002d50   0x00000024   Code   RO         3383    i.RTC_GetITState    cw32f030_rtc.o
    0x00002d74   0x00002d74   0x00000054   Code   RO         3386    i.RTC_GetTime       cw32f030_rtc.o
    0x00002dc8   0x00002dc8   0x00000020   Code   RO          302    i.RTC_IRQHandler    callback.o
    0x00002de8   0x00002de8   0x0000005c   Code   RO         3387    i.RTC_ITConfig      cw32f030_rtc.o
    0x00002e44   0x00002e44   0x000000a4   Code   RO         3388    i.RTC_Init          cw32f030_rtc.o
    0x00002ee8   0x00002ee8   0x0000009c   Code   RO         3390    i.RTC_SetAlarm      cw32f030_rtc.o
    0x00002f84   0x00002f84   0x00000044   Code   RO         3391    i.RTC_SetClockSource  cw32f030_rtc.o
    0x00002fc8   0x00002fc8   0x00000058   Code   RO         3392    i.RTC_SetDate       cw32f030_rtc.o
    0x00003020   0x00003020   0x000000a0   Code   RO         3394    i.RTC_SetTime       cw32f030_rtc.o
    0x000030c0   0x000030c0   0x00000018   Code   RO         3668    i.SysTick_Handler   cw32f030_systick.o
    0x000030d8   0x000030d8   0x00000010   Code   RO         4216    i.SystemCoreClockUpdate  system_cw32f030.o
    0x000030e8   0x000030e8   0x0000003c   Code   RO         4217    i.SystemInit        system_cw32f030.o
    0x00003124   0x00003124   0x0000000c   Code   RO          355    i.System_10US_Delay  public.o
    0x00003130   0x00003130   0x0000000c   Code   RO          356    i.System_MS_Delay   public.o
    0x0000313c   0x0000313c   0x00000008   Code   RO          228    i.System_Run        system.o
    0x00003144   0x00003144   0x00000064   Code   RO          229    i.Task_Marks_Handler  system.o
    0x000031a8   0x000031a8   0x0000003c   Code   RO          230    i.Task_Pro_Handler  system.o
    0x000031e4   0x000031e4   0x000000a8   Code   RO          395    i.TasksHandle_100MS  task.o
    0x0000328c   0x0000328c   0x00000014   Code   RO          396    i.TasksHandle_10MS  task.o
    0x000032a0   0x000032a0   0x00000028   Code   RO          397    i.TasksHandle_1S    task.o
    0x000032c8   0x000032c8   0x0000001c   Code   RO          398    i.TasksHandle_1p5S  task.o
    0x000032e4   0x000032e4   0x00000048   Code   RO          399    i.TasksHandle_20MS  task.o
    0x0000332c   0x0000332c   0x00000028   Code   RO          400    i.TasksHandle_250MS  task.o
    0x00003354   0x00003354   0x00000070   Code   RO          303    i.UART1_IRQHandler  callback.o
    0x000033c4   0x000033c4   0x000000e4   Code   RO          610    i.USART1_Init       usart1.o
    0x000034a8   0x000034a8   0x00000040   Code   RO          611    i.USART1_Send_Array  usart1.o
    0x000034e8   0x000034e8   0x0000003c   Code   RO          612    i.USART1_Send_String  usart1.o
    0x00003524   0x00003524   0x00000008   Code   RO         3731    i.USART_ClearITPendingBit  cw32f030_uart.o
    0x0000352c   0x0000352c   0x00000012   Code   RO         3736    i.USART_GetFlagStatus  cw32f030_uart.o
    0x0000353e   0x0000353e   0x00000012   Code   RO         3737    i.USART_GetITStatus  cw32f030_uart.o
    0x00003550   0x00003550   0x0000001a   Code   RO         3739    i.USART_ITConfig    cw32f030_uart.o
    0x0000356a   0x0000356a   0x00000002   PAD
    0x0000356c   0x0000356c   0x00000174   Code   RO         3740    i.USART_Init        cw32f030_uart.o
    0x000036e0   0x000036e0   0x00000008   Code   RO         3743    i.USART_ReceiveData_8bit  cw32f030_uart.o
    0x000036e8   0x000036e8   0x00000004   Code   RO         3745    i.USART_SendData_8bit  cw32f030_uart.o
    0x000036ec   0x000036ec   0x00000020   Code   RO         4627    i.__0printf         mc_p.l(printfa.o)
    0x0000370c   0x0000370c   0x00000028   Code   RO         4629    i.__0sprintf        mc_p.l(printfa.o)
    0x00003734   0x00003734   0x0000002e   Code   RO         4703    i.__ARM_clz         mf_p.l(depilogue.o)
    0x00003762   0x00003762   0x0000001c   Code   RO         2860    i.__ARM_common_switch8  cw32f030_i2c.o
    0x0000377e   0x0000377e   0x00000002   PAD
    0x00003780   0x00003780   0x00000018   Code   RO         1282    i.__NVIC_ClearPendingIRQ  cw32f030_adc.o
    0x00003798   0x00003798   0x00000020   Code   RO          787    i.__NVIC_EnableIRQ  gtim.o
    0x000037b8   0x000037b8   0x00000078   Code   RO          613    i.__NVIC_SetPriority  usart1.o
    0x00003830   0x00003830   0x00000078   Code   RO         1283    i.__NVIC_SetPriority  cw32f030_adc.o
    0x000038a8   0x000038a8   0x00000078   Code   RO         3669    i.__NVIC_SetPriority  cw32f030_systick.o
    0x00003920   0x00003920   0x0000000e   Code   RO         4717    i.__scatterload_copy  mc_p.l(handlers.o)
    0x0000392e   0x0000392e   0x00000002   Code   RO         4718    i.__scatterload_null  mc_p.l(handlers.o)
    0x00003930   0x00003930   0x0000000e   Code   RO         4719    i.__scatterload_zeroinit  mc_p.l(handlers.o)
    0x0000393e   0x0000393e   0x00000002   PAD
    0x00003940   0x00003940   0x00000174   Code   RO         4634    i._fp_digits        mc_p.l(printfa.o)
    0x00003ab4   0x00003ab4   0x000006f0   Code   RO         4635    i._printf_core      mc_p.l(printfa.o)
    0x000041a4   0x000041a4   0x00000020   Code   RO         4636    i._printf_post_padding  mc_p.l(printfa.o)
    0x000041c4   0x000041c4   0x0000002c   Code   RO         4637    i._printf_pre_padding  mc_p.l(printfa.o)
    0x000041f0   0x000041f0   0x0000000a   Code   RO         4639    i._sputc            mc_p.l(printfa.o)
    0x000041fa   0x000041fa   0x00000002   PAD
    0x000041fc   0x000041fc   0x0000005c   Code   RO         4219    i.delay10us         system_cw32f030.o
    0x00004258   0x00004258   0x00000058   Code   RO         4220    i.delay1ms          system_cw32f030.o
    0x000042b0   0x000042b0   0x00000024   Code   RO          357    i.fputc             public.o
    0x000042d4   0x000042d4   0x00000018   Code   RO            3    i.main              main.o
    0x000042ec   0x000042ec   0x0000005c   Code   RO         1086    i.myRTC_Alarm_A_Init  rtc.o
    0x00004348   0x00004348   0x00000066   Code   RO         1087    i.myRTC_Calculate_Date  rtc.o
    0x000043ae   0x000043ae   0x00000068   Code   RO         1088    i.myRTC_Calculate_Time  rtc.o
    0x00004416   0x00004416   0x00000002   PAD
    0x00004418   0x00004418   0x000000e8   Code   RO         1089    i.myRTC_Init        rtc.o
    0x00004500   0x00004500   0x000000b8   Code   RO         1090    i.myRTC_Refresh     rtc.o
    0x000045b8   0x000045b8   0x0000002e   Code   RO         1091    i.myRTC_Set_Date    rtc.o
    0x000045e6   0x000045e6   0x00000036   Code   RO         1092    i.myRTC_Set_Time    rtc.o
    0x0000461c   0x0000461c   0x00000032   Code   RO          989    i.padString         oled_096.o
    0x0000464e   0x0000464e   0x000008dc   Data   RO          990    .constdata          oled_096.o
    0x00004f2a   0x00004f2a   0x00000002   PAD
    0x00004f2c   0x00004f2c   0x00000064   Data   RO         3089    .constdata          cw32f030_rcc.o
    0x00004f90   0x00004f90   0x00000041   Data   RO         1093    .conststring        rtc.o
    0x00004fd1   0x00004fd1   0x00000003   PAD
    0x00004fd4   0x00004fd4   0x00000020   Data   RO         4715    Region$$Table       anon$$obj.o


    Execution Region RW_IRAM1 (Exec base: 0x20000000, Load base: 0x00004ff4, Size: 0x00000550, Max: 0x00002000, ABSOLUTE, COMPRESSED[0x0000010c])

    Exec Addr    Load Addr    Size         Type   Attr      Idx    E Section Name        Object

    0x20000000   COMPRESSED   0x0000000c   Data   RW          231    .data               system.o
    0x2000000c   COMPRESSED   0x00000008   Data   RW          269    .data               system_init.o
    0x20000014   COMPRESSED   0x00000002   Data   RW          304    .data               callback.o
    0x20000016   COMPRESSED   0x00000002   PAD
    0x20000018   COMPRESSED   0x0000000c   Data   RW          358    .data               public.o
    0x20000024   COMPRESSED   0x00000049   Data   RW          401    .data               task.o
    0x2000006d   COMPRESSED   0x00000003   PAD
    0x20000070   COMPRESSED   0x00000019   Data   RW          449    .data               key_1.o
    0x20000089   COMPRESSED   0x00000003   PAD
    0x2000008c   COMPRESSED   0x00000004   Data   RW          508    .data               key_2.o
    0x20000090   COMPRESSED   0x00000010   Data   RW          539    .data               led.o
    0x200000a0   COMPRESSED   0x00000010   Data   RW          578    .data               buzzer.o
    0x200000b0   COMPRESSED   0x00000018   Data   RW          615    .data               usart1.o
    0x200000c8   COMPRESSED   0x00000008   Data   RW          659    .data               crc_16.o
    0x200000d0   COMPRESSED   0x00000008   Data   RW          686    .data               modbus.o
    0x200000d8   COMPRESSED   0x00000004   Data   RW          759    .data               btim.o
    0x200000dc   COMPRESSED   0x00000028   Data   RW          788    .data               gtim.o
    0x20000104   COMPRESSED   0x00000014   Data   RW          938    .data               i2c.o
    0x20000118   COMPRESSED   0x00000014   Data   RW          991    .data               oled_096.o
    0x2000012c   COMPRESSED   0x00000028   Data   RW         1050    .data               adc1.o
    0x20000154   COMPRESSED   0x00000048   Data   RW         1094    .data               rtc.o
    0x2000019c   COMPRESSED   0x00000114   Data   RW         1146    .data               menu.o
    0x200002b0   COMPRESSED   0x00000010   Data   RW         1188    .data               dht11.o
    0x200002c0   COMPRESSED   0x00000009   Data   RW         3670    .data               cw32f030_systick.o
    0x200002c9   COMPRESSED   0x00000003   PAD
    0x200002cc   COMPRESSED   0x00000004   Data   RW         4221    .data               system_cw32f030.o
    0x200002d0   COMPRESSED   0x00000004   Data   RW         4689    .data               mc_p.l(stdout.o)
    0x200002d4        -       0x00000078   Zero   RW          614    .bss                usart1.o
    0x2000034c   COMPRESSED   0x00000004   PAD
    0x20000350        -       0x00000200   Zero   RW         4372    STACK               startup_cw32f030.o


==============================================================================

Image component sizes


      Code (inc. data)   RO Data    RW Data    ZI Data      Debug   Object Name

       520         32          0         40          0       2548   adc1.o
       104         12          0          4          0       1067   btim.o
       120         30          0         16          0       1717   buzzer.o
       360         54          0          2          0       2900   callback.o
        80          8          0          8          0       1333   crc_16.o
      1288        148          0          0          0      21343   cw32f030_adc.o
        36          8          0          0          0        940   cw32f030_atim.o
       102          4          0          0          0       2763   cw32f030_btim.o
        56         14          0          0          0        471   cw32f030_flash.o
       290          4          0          0          0       2364   cw32f030_gpio.o
       254          4          0          0          0       3256   cw32f030_gtim.o
        28          0          0          0          0         76   cw32f030_i2c.o
       744        108        100          0          0       5208   cw32f030_rcc.o
      1232         66          0          0          0       6232   cw32f030_rtc.o
       252         36          0          9          0      10440   cw32f030_systick.o
       454         10          0          0          0       4073   cw32f030_uart.o
       578         80          0         16          0       3960   dht11.o
       848        134          0         40          0       3223   gtim.o
       498         32          0         20          0       3523   i2c.o
       584         66          0         25          0       2736   key_1.o
        92         16          0          4          0       8968   key_2.o
       348         26          0         16          0       2278   led.o
        24          8          0          0          0     224824   main.o
       496        112          0        276          0       2311   menu.o
       448         52          0          8          0       2465   modbus.o
       722         30       2268         20          0       5633   oled_096.o
        82          4          0         12          0       2781   public.o
       814        152         65         72          0       5012   rtc.o
        28          8        192          0        512        576   startup_cw32f030.o
       184         22          0         12          0       2001   system.o
       256         44          0          4          0       2058   system_cw32f030.o
       340         96          0          8          0       1371   system_init.o
       368         94          0         73          0       2983   task.o
       472         46          0         24        120      10985   usart1.o

    ----------------------------------------------------------------------
     13124       1560       2662        720        636     354419   Object Totals
         0          0         32          0          0          0   (incl. Generated)
        22          0          5         11          4          0   (incl. Padding)

    ----------------------------------------------------------------------

      Code (inc. data)   RO Data    RW Data    ZI Data      Debug   Library Member Name

        86          0          0          0          0          0   __dczerorl2.o
         0          0          0          0          0          0   entry.o
         0          0          0          0          0          0   entry10a.o
         0          0          0          0          0          0   entry11a.o
         4          0          0          0          0          0   entry12b.o
         8          4          0          0          0          0   entry2.o
         4          0          0          0          0          0   entry5.o
         0          0          0          0          0          0   entry7b.o
         0          0          0          0          0          0   entry8b.o
         8          4          0          0          0          0   entry9a.o
        30          0          0          0          0          0   handlers.o
        40          0          0          0          0         72   idiv.o
        36          8          0          0          0         68   init.o
         0          0          0          0          0          0   iusefp.o
        32          0          0          0          0         68   llshl.o
        38          0          0          0          0         68   llsshr.o
        34          0          0          0          0         68   llushr.o
        36          0          0          0          0         60   memcpya.o
      2306        102          0          0          0        556   printfa.o
         0          0          0          4          0          0   stdout.o
        14          0          0          0          0         60   strlen.o
        44          0          0          0          0         72   uidiv.o
        96          0          0          0          0         84   uldiv.o
        40          2          0          0          0         68   cdrcmple.o
       360          6          0          0          0        140   dadd.o
       240          6          0          0          0         84   ddiv.o
       236          0          0          0          0        216   depilogue.o
        60         10          0          0          0         68   dfixui.o
        64         10          0          0          0         68   dfixul.o
       208          6          0          0          0         88   dmul.o
        40          0          0          0          0         60   f2d.o
       178          0          0          0          0        108   fadd.o
       124          0          0          0          0         72   fdiv.o
       130          0          0          0          0        144   fepilogue.o
        40          0          0          0          0         60   ffixui.o
        14          0          0          0          0         68   ffltui.o
       122          0          0          0          0         72   fmul.o

    ----------------------------------------------------------------------
      4682        158          0          4          0       2492   Library Totals
        10          0          0          0          0          0   (incl. Padding)

    ----------------------------------------------------------------------

      Code (inc. data)   RO Data    RW Data    ZI Data      Debug   Library Name

      2816        118          0          4          0       1176   mc_p.l
      1856         40          0          0          0       1316   mf_p.l

    ----------------------------------------------------------------------
      4682        158          0          4          0       2492   Library Totals

    ----------------------------------------------------------------------

==============================================================================


      Code (inc. data)   RO Data    RW Data    ZI Data      Debug   

     17806       1718       2662        724        636     348679   Grand Totals
     17806       1718       2662        268        636     348679   ELF Image Totals (compressed)
     17806       1718       2662        268          0          0   ROM Totals

==============================================================================

    Total RO  Size (Code + RO Data)                20468 (  19.99kB)
    Total RW  Size (RW Data + ZI Data)              1360 (   1.33kB)
    Total ROM Size (Code + RO Data + RW Data)      20736 (  20.25kB)

==============================================================================

